1X P L   S Y S T E M   --   I N T E R M E T R I C S                                                                          PAGE   1
-NUM OF PAGES CAN YET BE ADDED = 248
 
 --- SDFPKG SELECT ##COPY1A ---
 
 --- SDFPKG MODE 7 TEST ---
 TOTAL # SYMBOLS = 14
 TOTAL # BLOCKS  = 1
 1ST STMT = 1 LAST STMT = 28
 
 --- SDFPKG MODE 9  & 13 TEST ---
 SYM # 5 NAME = INT1  BLOCK # = 1
   INT1  NOT FOUND
 SYM # 6 NAME = INT2  BLOCK # = 1
   LOCATED INT2  SYMBNO= 6
 SYM # 7 NAME = NAM_R  BLOCK # = 1
   LOCATED NAM_R  SYMBNO= 7
 SYM # 8 NAME = NAM_STRC1  BLOCK # = 1
   LOCATED NAM_STRC1  SYMBNO= 8
 SYM # 9 NAME = SCL1  BLOCK # = 1
   SCL1  NOT FOUND
 SYM # 10 NAME = STRC1  BLOCK # = 1
   LOCATED STRC1  SYMBNO= 10
  
 --- SDFPKG MODE 2 TEST  ---
 NUM OF PAGES CAN YET BE ADDED = 246
 NUM OF PAGES CAN YET BE ADDED = 242
 
 --- SDFPKG MODE 17 TEST ---
 ST#1 SREFNO = 000100 INCLCNT = 0 PNTR = 552
 ST#2 SREFNO = 000400 INCLCNT = 0 PNTR = 564
 ST#3 SREFNO = 000600 INCLCNT = 0 PNTR = 576
 ST#4 SREFNO = 000700 INCLCNT = 0 PNTR = 588
 ST#5 SREFNO = 001500 INCLCNT = 0 PNTR = 600
  
 --- SDFPKG MODE 3 TEST  ---
 NUM OF PAGES CAN YET BE ADDED = 248
