1X P L   S Y S T E M   --   I N T E R M E T R I C S                                                                          PAGE   1
---- SDFPKG SELECT ##COPY1A ---
 --- SDFPKG MODE 7 TEST ---
 ROOT CELL = 144 FLAGS = -11765
 FC_FLAG   IS SET
 ADDR_FLAG IS SET
 SRN_FLAG  IS SET
 SDL_FLAG  IS SET
 TOTAL # SYMBOLS = 14
 TOTAL # BLOCKS  = 1
 1ST STMT = 1 LAST STMT = 28
 
 --- SDFPKG MODE 15 TEST ---
 BLOCK NODE 1 CSECT = $0COPY1A PNTR = 372
 
 --- SDFPKG MODE 8 & 11 TEST ---
 BLOCK # 1 NAME = COPY1A
   BLOCK COPY1A CSECT =$0COPY1A PNTR = 92
 
 --- SDFPKG MODE 9  & 13 TEST ---
 SYM # 1 NAME =  TMPL50A1 BLOCK # = 1
   LOCATED  TMPL50A1 SYMBNO= 1
 SYM # 2 NAME = A1 BLOCK # = 1
   LOCATED A1 SYMBNO= 2
 SYM # 3 NAME = BOL1 BLOCK # = 1
   LOCATED BOL1 SYMBNO= 3
 SYM # 4 NAME = COPY1A BLOCK # = 1
   LOCATED COPY1A SYMBNO= 4
 SYM # 5 NAME = INT1 BLOCK # = 1
   INT1 NOT FOUND
 SYM # 6 NAME = INT2 BLOCK # = 1
   LOCATED INT2 SYMBNO= 6
 SYM # 7 NAME = NAM_R BLOCK # = 1
   LOCATED NAM_R SYMBNO= 7
 SYM # 8 NAME = NAM_STRC1 BLOCK # = 1
   LOCATED NAM_STRC1 SYMBNO= 8
 SYM # 9 NAME = SCL1 BLOCK # = 1
   SCL1 NOT FOUND
 SYM # 10 NAME = STRC1 BLOCK # = 1
   LOCATED STRC1 SYMBNO= 10
 SYM # 11 NAME = STRC1R_REMT BLOCK # = 1
   LOCATED STRC1R_REMT SYMBNO= 11
 SYM # 12 NAME = STRC13 BLOCK # = 1
   LOCATED STRC13 SYMBNO= 12
 SYM # 13 NAME = SUCCESS BLOCK # = 1
   LOCATED SUCCESS SYMBNO= 13
 SYM # 14 NAME = TCFAIL BLOCK # = 1
   LOCATED TCFAIL SYMBNO= 14
 
 --- SDFPKG MODE 12 TEST ---
 LOCATED TCFAIL SYMBNO= 14 CSECT = $0COPY1A
 
 --- SDFPKG MODE 10 TEST ---
 ST#1 BLKNO = 1 TYPE = 22 PNTR = 928 SREFNO = 000100 INCLCNT = 0 RETURN = 0
 ST#2 BLKNO = 1 TYPE = 25 PNTR = 912 SREFNO = 000400 INCLCNT = 0 RETURN = 24
 ST#3 BLKNO = 1 TYPE = 21 PNTR = 904 SREFNO = 000600 INCLCNT = 0 RETURN = 24
 ST#4 BLKNO = 1 TYPE = 21 PNTR = 896 SREFNO = 000700 INCLCNT = 0 RETURN = 24
 ST#5 BLKNO = 1 TYPE = 26 PNTR = 888 SREFNO = 001500 INCLCNT = 0 RETURN = 24
1X P L   S Y S T E M   --   I N T E R M E T R I C S                                                                          PAGE   2
-ST#6 BLKNO = 1 TYPE = 21 PNTR = 67140 SREFNO = 001900 INCLCNT = 0 RETURN = 24
 ST#7 BLKNO = 1 TYPE = 21 PNTR = 67132 SREFNO = 002300 INCLCNT = 0 RETURN = 24
 ST#8 BLKNO = 1 TYPE = 21 PNTR = 67116 SREFNO = 002400 INCLCNT = 0 RETURN = 24
 ST#9 BLKNO = 1 TYPE = 21 PNTR = 67096 SREFNO = 002691 INCLCNT = 1 RETURN = 24
 ST#10 BLKNO = 1 TYPE = 21 PNTR = 67076 SREFNO = 002691 INCLCNT = 2 RETURN = 24
 ST#11 BLKNO = 1 TYPE = 5 PNTR = 67056 SREFNO = 002691 INCLCNT = 3 RETURN = 0
 ST#12 BLKNO = 1 TYPE = 5 PNTR = 67016 SREFNO = 002691 INCLCNT = 4 RETURN = 0
 ST#13 BLKNO = 1 TYPE = 4 PNTR = 66976 SREFNO = 002691 INCLCNT = 5 RETURN = 0
 ST#14 BLKNO = 1 TYPE = 20 PNTR = 66948 SREFNO = 002691 INCLCNT = 6 RETURN = 0
 ST#15 BLKNO = 1 TYPE = 17 PNTR = 66908 SREFNO = 002691 INCLCNT = 7 RETURN = 0
 ST#16 BLKNO = 1 TYPE = 4 PNTR = 66880 SREFNO = 002691 INCLCNT = 8 RETURN = 0
 ST#17 BLKNO = 1 TYPE = 8 PNTR = 66852 SREFNO = 002691 INCLCNT = 9 RETURN = 0
 ST#18 BLKNO = 1 TYPE = 4 PNTR = 66824 SREFNO = 002691 INCLCNT = 10 RETURN = 0
 ST#19 BLKNO = 1 TYPE = 4 PNTR = 66796 SREFNO = 002691 INCLCNT = 11 RETURN = 0
 ST#20 BLKNO = 1 TYPE = 8 PNTR = 66768 SREFNO = 002691 INCLCNT = 12 RETURN = 0
 ST#21 BLKNO = 1 TYPE = 4 PNTR = 66744 SREFNO = 002700 INCLCNT = 0 RETURN = 0
 ST#22 BLKNO = 1 TYPE = 34 PNTR = 66708 SREFNO = 002900 INCLCNT = 0 RETURN = 0
 ST#23 BLKNO = 1 TYPE = 5 PNTR = 66676 SREFNO = 003000 INCLCNT = 0 RETURN = 0
 ST#24 BLKNO = 1 TYPE = 17 PNTR = 66640 SREFNO = 003100 INCLCNT = 0 RETURN = 0
 ST#25 BLKNO = 1 TYPE = 4 PNTR = 66616 SREFNO = 003100 INCLCNT = 0 RETURN = 0
 ST#26 BLKNO = 1 TYPE = 3 PNTR = 66596 SREFNO = 003100 INCLCNT = 0 RETURN = 0
 ST#27 BLKNO = 1 TYPE = 8 PNTR = 66576 SREFNO = 003100 INCLCNT = 0 RETURN = 0
 ST#28 BLKNO = 1 TYPE = 6 PNTR = 66556 SREFNO = 003800 INCLCNT = 0 RETURN = 0
 
 --- SDFPKG MODE 14 TEST ---
 LOCATING SREFNO 002691 INCLCNT 5
 ST#13 BLKNO = 1
 LOCATING SREFNO 002700 INCLCNT 0
 ST#21 BLKNO = 1
 
 --- SDFPKG MODE 16 TEST ---
 SYMBOL # 1 SYMBOL NAME =  TMPL50A PNTR = 384
 SYMBOL # 2 SYMBOL NAME = A1       PNTR = 396
 SYMBOL # 3 SYMBOL NAME = BOL1     PNTR = 408
 SYMBOL # 4 SYMBOL NAME = COPY1A   PNTR = 420
 SYMBOL # 5 SYMBOL NAME = INT1     PNTR = 432
 SYMBOL # 6 SYMBOL NAME = INT2     PNTR = 444
 SYMBOL # 7 SYMBOL NAME = NAM_R    PNTR = 456
 SYMBOL # 8 SYMBOL NAME = NAM_STRC PNTR = 468
 SYMBOL # 9 SYMBOL NAME = SCL1     PNTR = 480
 SYMBOL # 10 SYMBOL NAME = STRC1    PNTR = 492
 SYMBOL # 11 SYMBOL NAME = STRC1R_R PNTR = 504
 SYMBOL # 12 SYMBOL NAME = STRC13   PNTR = 516
 SYMBOL # 13 SYMBOL NAME = SUCCESS  PNTR = 528
 SYMBOL # 14 SYMBOL NAME = TCFAIL   PNTR = 540
 
 --- SDFPKG MODE 17 TEST ---
 ST#1 SREFNO = 000100 INCLCNT = 0 PNTR = 552
 ST#2 SREFNO = 000400 INCLCNT = 0 PNTR = 564
 ST#3 SREFNO = 000600 INCLCNT = 0 PNTR = 576
 ST#4 SREFNO = 000700 INCLCNT = 0 PNTR = 588
 ST#5 SREFNO = 001500 INCLCNT = 0 PNTR = 600
 ST#6 SREFNO = 001900 INCLCNT = 0 PNTR = 612
 ST#7 SREFNO = 002300 INCLCNT = 0 PNTR = 624
 ST#8 SREFNO = 002400 INCLCNT = 0 PNTR = 636
 ST#9 SREFNO = 002691 INCLCNT = 1 PNTR = 648
 ST#10 SREFNO = 002691 INCLCNT = 2 PNTR = 660
1X P L   S Y S T E M   --   I N T E R M E T R I C S                                                                          PAGE   3
-ST#11 SREFNO = 002691 INCLCNT = 3 PNTR = 672
 ST#12 SREFNO = 002691 INCLCNT = 4 PNTR = 684
 ST#13 SREFNO = 002691 INCLCNT = 5 PNTR = 696
 ST#14 SREFNO = 002691 INCLCNT = 6 PNTR = 708
 ST#15 SREFNO = 002691 INCLCNT = 7 PNTR = 720
 ST#16 SREFNO = 002691 INCLCNT = 8 PNTR = 732
 ST#17 SREFNO = 002691 INCLCNT = 9 PNTR = 744
 ST#18 SREFNO = 002691 INCLCNT = 10 PNTR = 756
 ST#19 SREFNO = 002691 INCLCNT = 11 PNTR = 768
 ST#20 SREFNO = 002691 INCLCNT = 12 PNTR = 780
 ST#21 SREFNO = 002700 INCLCNT = 0 PNTR = 792
 ST#22 SREFNO = 002900 INCLCNT = 0 PNTR = 804
 ST#23 SREFNO = 003000 INCLCNT = 0 PNTR = 816
 ST#24 SREFNO = 003100 INCLCNT = 0 PNTR = 828
 ST#25 SREFNO = 003100 INCLCNT = 0 PNTR = 840
 ST#26 SREFNO = 003100 INCLCNT = 0 PNTR = 852
 ST#27 SREFNO = 003100 INCLCNT = 0 PNTR = 864
 ST#28 SREFNO = 003800 INCLCNT = 0 PNTR = 876
 UNABLE TO LOCATE STMT NODE BY STMTNO
