1X P L   S Y S T E M   --   I N T E R M E T R I C S                                                                          PAGE   1
---- SDFPKG SELECT ##COPY1A ---
 ROOT CELL = 144
 FC_FLAG   IS SET
 ADDR_FLAG IS SET
 SRN_FLAG  IS SET
 SDL_FLAG  IS SET
 TOTAL # SYMBOLS = 14
 TOTAL # BLOCKS  = 1
 1ST STMT = 1 LAST STMT = 28
 
 --- SDFPKG MODE 9  & 13 TEST ---
 SYM # 1 NAME =  TMPL50A1  BLOCK # = 1
   LOCATED  TMPL50A1  SYMBNO= 1
 SYM # 2 NAME = A1  BLOCK # = 1
   LOCATED A1  SYMBNO= 2
 SYM # 3 NAME = BOL1  BLOCK # = 1
   LOCATED BOL1  SYMBNO= 3
 SYM # 4 NAME = COPY1A  BLOCK # = 1
   LOCATED COPY1A  SYMBNO= 4
 SYM # 5 NAME = INT1  BLOCK # = 1
   INT1  NOT FOUND
 SYM # 6 NAME = INT2  BLOCK # = 1
   LOCATED INT2  SYMBNO= 6
 SYM # 7 NAME = NAM_R  BLOCK # = 1
   LOCATED NAM_R  SYMBNO= 7
 SYM # 8 NAME = NAM_STRC1  BLOCK # = 1
   LOCATED NAM_STRC1  SYMBNO= 8
 SYM # 9 NAME = SCL1  BLOCK # = 1
   SCL1  NOT FOUND
 SYM # 10 NAME = STRC1  BLOCK # = 1
   LOCATED STRC1  SYMBNO= 10
 SYM # 11 NAME = STRC1R_REMT  BLOCK # = 1
   LOCATED STRC1R_REMT  SYMBNO= 11
 SYM # 12 NAME = STRC13  BLOCK # = 1
   LOCATED STRC13  SYMBNO= 12
 SYM # 13 NAME = SUCCESS  BLOCK # = 1
   LOCATED SUCCESS  SYMBNO= 13
 SYM # 14 NAME = TCFAIL  BLOCK # = 1
   LOCATED TCFAIL  SYMBNO= 14
 
 --- SDFPKG MODE 12 TEST ---
 LOCATED TCFAIL  SYMBNO= 14 CSECT = $0COPY1A
 
 --- LOCATE STMT NODE BY PNTR ---
 STMT #10 STMT SREFNO = 002691  PNTR = 660
 
 --- LOCATE SYMBOL NODE BY PNTR  ---
 SYM #10 SYMBOL NAME = STRC1    PNTR = 492
 
 --- LOCATE STMT DATA CELL BY PNTR ---
