1X P L   S Y S T E M   --   I N T E R M E T R I C S                                                                          PAGE   1
-
 --- SDFPKG SELECT ##CDLANN ---
 
 --- SDFPKG MODE 7 TEST ---
 TOTAL # SYMBOLS = 83
 TOTAL # BLOCKS  = 2
 1ST STMT = 2 LAST STMT = 51
 
 --- SDFPKG MODE 9  & 18 TEST ---
 SYM # 1 NAME =  CANV_ANN_MSG  BLOCK # = 1
 SYM # 2 NAME = CANB_ANN_MSG_BITS  BLOCK # = 1
 SYM # 3 NAME = CANN_COM_ BLOCK # = 1
 SYM # 4 NAME = CANV_ANN_MSG_ BLOCK # = 1
 SYM # 5 NAME = CANV_FILLITEMB BLOCK # = 1
 SYM # 6 NAME =  CDL_AITL BLOCK # = 2
 SYM # 7 NAME =  CDL_FSP_BUFFB BLOCK # = 2
 SYM # 8 NAME =  CDL_LAM_ BLOCK # = 2
 SYM # 9 NAME =  CDLV_ANN_MSG_PTR_TBLE  BLOCK # = 2
 SYM # 10 NAME =  CDLV_ANNUN_TIMER BLOCK # = 2
 SYM # 11 NAME =  CDLV_SIZES_ BLOCK # = 2
 SYM # 12 NAME =  CDLVFSP_DIRECTORYT BLOCK # = 2
 SYM # 13 NAME = CDL_AIT  BLOCK # = 2
 SYM # 14 NAME = CDL_ANN_ZERO_LGTHY BLOCK # = 2
 SYM # 15 NAME = CDL_ANNUNE BLOCK # = 2
 SYM # 16 NAME = CDL_ANNUNCIATED_OR_NOT  BLOCK # = 2
 SYM # 17 NAME = CDL_CMD_SEQA BLOCK # = 2
 SYM # 18 NAME = CDL_CONVERSION_BIT_ BLOCK # = 2
 SYM # 19 NAME = CDL_FAULT_MESSAGE_TIME  BLOCK # = 2
 SYM # 20 NAME = CDL_FAULT_SUMMARY_PAGE  BLOCK # = 2
 SYM # 21 NAME = CDL_FSP_BUFFM BLOCK # = 2
 SYM # 22 NAME = CDL_FSP_DIRECTORY_ BLOCK # = 2
 SYM # 23 NAME = CDL_FSP_DISPLAY_POSITION  BLOCK # = 2
 SYM # 24 NAME = CDL_ICC_BUF_ANN_LGTHT BLOCK # = 2
 SYM # 25 NAME = CDL_ICC_MSG_HDR_ BLOCK # = 2
 SYM # 26 NAME = CDL_ICC_NULL_MSG_HDRT BLOCK # = 2
 SYM # 27 NAME = CDL_INERLOCK_ BLOCK # = 2
 SYM # 28 NAME = CDL_LAM  BLOCK # = 2
 SYM # 29 NAME = CDL_LAM_ALARMSS BLOCK # = 2
 SYM # 30 NAME = CDL_LAM_ALARMS3G BLOCK # = 2
 SYM # 31 NAME = CDL_LAP_COUNTS BLOCK # = 2
 SYM # 32 NAME = CDL_LAP_DECN BLOCK # = 2
 SYM # 33 NAME = CDL_LAP_EVTN BLOCK # = 2
 SYM # 34 NAME = CDL_LAP_LIMITS BLOCK # = 2
 SYM # 35 NAME = CDL_MSG  BLOCK # = 2
 SYM # 36 NAME = CDL_MSG_BITI BLOCK # = 2
 SYM # 37 NAME = CDL_MSG_CLASSS BLOCK # = 2
 SYM # 38 NAME = CDL_ON_DEMAND_UPDATET BLOCK # = 2
 SYM # 39 NAME = CDL_REQUESTN BLOCK # = 2
 SYM # 40 NAME = CDL_SCAN_COUNTU BLOCK # = 2
 SYM # 41 NAME = CDL_SCAN_DECN BLOCK # = 2
 SYM # 42 NAME = CDL_TONE_INDN BLOCK # = 2
 SYM # 43 NAME = CDLB_COMMON_VALUEA BLOCK # = 2
 SYM # 44 NAME = CDLB_CS_FLAGV BLOCK # = 2
 SYM # 45 NAME = CDLB_DOWNLIST_ALARMST BLOCK # = 2
 SYM # 46 NAME = CDLB_DOWNLIST_TIMEM BLOCK # = 2
 SYM # 47 NAME = CDLB_HEADERS BLOCK # = 2
 SYM # 48 NAME = CDLB_OVERLAY_IN_PROGT BLOCK # = 2
1X P L   S Y S T E M   --   I N T E R M E T R I C S                                                                          PAGE   2
-SYM # 49 NAME = CDLB_RS_CLEANUP_ BLOCK # = 2
 SYM # 50 NAME = CDLB_SM_RECORDER_FLAGI BLOCK # = 2
 SYM # 51 NAME = CDLE_MSG_EVENTE BLOCK # = 2
 SYM # 52 NAME = CDLFAULT_ BLOCK # = 2
 SYM # 53 NAME = CDLK_ACK_ BLOCK # = 2
 SYM # 54 NAME = CDLK_B1  BLOCK # = 2
 SYM # 55 NAME = CDLK_G1  BLOCK # = 2
 SYM # 56 NAME = CDLK_I13_ BLOCK # = 2
 SYM # 57 NAME = CDLK_K1  BLOCK # = 2
 SYM # 58 NAME = CDLK_K2  BLOCK # = 2
 SYM # 59 NAME = CDLK_K3  BLOCK # = 2
 SYM # 60 NAME = CDLK_K4  BLOCK # = 2
 SYM # 61 NAME = CDLK_K5  BLOCK # = 2
 SYM # 62 NAME = CDLK_K6  BLOCK # = 2
 SYM # 63 NAME = CDLK_K7  BLOCK # = 2
 SYM # 64 NAME = CDLK_K8  BLOCK # = 2
 SYM # 65 NAME = CDLK_RESETV BLOCK # = 2
 SYM # 66 NAME = CDLK_R4  BLOCK # = 2
 SYM # 67 NAME = CDLK_T2  BLOCK # = 2
 SYM # 68 NAME = CDLK_Y2  BLOCK # = 2
 SYM # 69 NAME = CDLV_ANN_MSG_PTR_ BLOCK # = 2
 SYM # 70 NAME = CDLV_ANN_MSG_PTR_TBLEI BLOCK # = 2
 SYM # 71 NAME = CDLV_ANNUN_TIMER BLOCK # = 2
 SYM # 72 NAME = CDLV_DISPLAY_TIMET BLOCK # = 2
 SYM # 73 NAME = CDLV_FILLITEMT BLOCK # = 2
 SYM # 74 NAME = CDLV_LOADP_IM BLOCK # = 2
 SYM # 75 NAME = CDLV_NEW_LOADT BLOCK # = 2
 SYM # 76 NAME = CDLV_NO_OF_FMPTSE BLOCK # = 2
 SYM # 77 NAME = CDLV_NO_OF_MAJORST BLOCK # = 2
 SYM # 78 NAME = CDLV_NO_OF_MASK_HWSL BLOCK # = 2
 SYM # 79 NAME = CDLV_NO_OF_MINORSW BLOCK # = 2
 SYM # 80 NAME = CDLV_SIZES_ BLOCK # = 2
 SYM # 81 NAME = CDLV_ULOADP_IN BLOCK # = 2
 SYM # 82 NAME = CDLVFSP_DIRECTORYW BLOCK # = 2
 SYM # 83 NAME = FSPBUFF  BLOCK # = 2
 
 --- SDFPKG SELECT ##GDJAMI ---
 
 --- SDFPKG MODE 7 TEST ---
 TOTAL # SYMBOLS = 74
 TOTAL # BLOCKS  = 9
 1ST STMT = 9 LAST STMT = 91
 
 --- SDFPKG MODE 9  & 18 TEST ---
 SYM # 1 NAME = CGE_IPA_MC_16_3R BLOCK # = 3
 SYM # 2 NAME = CGGV_ACC_DRAG_MFEW BLOCK # = 3
 SYM # 3 NAME =  CGBV_HFE_OUTPUT3_4L BLOCK # = 1
 SYM # 4 NAME = CGB_OBF_OUTPUT_BUFFERSO BLOCK # = 1
 SYM # 5 NAME = CGBB_HFE_OUT34_TRAN_STAT  BLOCK # = 1
 SYM # 6 NAME = CGBV_HFE_OUTPUT3_4N BLOCK # = 1
 SYM # 7 NAME = CGBV_OUT34_ADI_CMDN BLOCK # = 1
 SYM # 8 NAME = CGBV_OUT34_AMI_CMDN BLOCK # = 1
 SYM # 9 NAME = CGBV_OUT34_AVVI_CMD_ BLOCK # = 1
 SYM # 10 NAME = CGBV_OUT34_HEL1_STATS BLOCK # = 1
 SYM # 11 NAME = CGBV_OUT34_HSI_CMDA BLOCK # = 1
 SYM # 12 NAME = CGBV_OUT34_HUD_CMD_1S BLOCK # = 1
 SYM # 13 NAME = CGBV_OUT34_HUD_CMD_2S BLOCK # = 1
1X P L   S Y S T E M   --   I N T E R M E T R I C S                                                                          PAGE   3
-SYM # 14 NAME =  CGDV_AMI_AVVI_FMTR2 BLOCK # = 8
 SYM # 15 NAME = CGDB_FMT_INDV BLOCK # = 8
 SYM # 16 NAME = CGDS_RA_CONSTI BLOCK # = 8
 SYM # 17 NAME = CGDV_AMI_AVVI_FMTRR BLOCK # = 8
 SYM # 18 NAME = CGDV_FMT_DATA_ BLOCK # = 8
 SYM # 19 NAME = CGDV_RASRCA BLOCK # = 8
 SYM # 20 NAME = CGZ_FLD_MC_16_3M BLOCK # = 8
 SYM # 21 NAME = CGE_FLT_FLOAT_ BLOCK # = 2
 SYM # 22 NAME = CGEV_MFE_MMODE_CURR BLOCK # = 2
 SYM # 23 NAME = CGG_C13  BLOCK # = 5
 SYM # 24 NAME = CGGV_ACC_VERTE BLOCK # = 5
 SYM # 25 NAME = CGGV_UPP_NEW_DATAR BLOCK # = 5
 SYM # 26 NAME = CGY_FL1_MC16_3A BLOCK # = 7
 SYM # 27 NAME = CGYB_FLAG11 BLOCK # = 7
 SYM # 28 NAME = CGYB_RA_COMM_LOCKR BLOCK # = 7
 SYM # 29 NAME = CGYV_RA_RAWM BLOCK # = 7
 SYM # 30 NAME =  CGRV_DATA_STRUCTURES BLOCK # = 6
 SYM # 31 NAME =  CGRV_RM_DATAR BLOCK # = 6
 SYM # 32 NAME = AA_NORM  BLOCK # = 6
 SYM # 33 NAME = CGR_RM_COMMONR BLOCK # = 6
 SYM # 34 NAME = CGRB_BITEM BLOCK # = 6
 SYM # 35 NAME = CGRB_STATUS_1R BLOCK # = 6
 SYM # 36 NAME = CGRB_STATUS_2R BLOCK # = 6
 SYM # 37 NAME = CGRV_DATA_PTRR BLOCK # = 6
 SYM # 38 NAME = CGRV_FDI_CTRSR BLOCK # = 6
 SYM # 39 NAME = CGRV_FDI_FAIL_CTR_LIMITT BLOCK # = 6
 SYM # 40 NAME = CGRV_FDI_TOLERANCEL BLOCK # = 6
 SYM # 41 NAME = CGRV_INDEX_DELTAC BLOCK # = 6
 SYM # 42 NAME = CGRV_INPUT_DATAA BLOCK # = 6
 SYM # 43 NAME = CGRV_RM_DATA_BASEE BLOCK # = 6
 SYM # 44 NAME = CGRV_SELECTED_DATAL BLOCK # = 6
 SYM # 45 NAME = CGE_IPB_FLT_FLOATA BLOCK # = 4
 SYM # 46 NAME = CGEB_FLT_LG2_FLAG2_MFET BLOCK # = 4
 SYM # 47 NAME = CGPB_WOWLON_MFEA BLOCK # = 4
 SYM # 48 NAME = DISABNSPLO BLOCK # = 9
 SYM # 49 NAME = DISABPL  BLOCK # = 9
 SYM # 50 NAME = ENABPL  BLOCK # = 9
 SYM # 51 NAME = GDJ_AMI_AVVI_PROC2 BLOCK # = 9
 SYM # 52 NAME = GDJ_CLOSEV BLOCK # = 9
 SYM # 53 NAME = GDJ_PREV_VEH_ACCL2 BLOCK # = 9
 SYM # 54 NAME = GDJ_PREV_VERT_ACCL_ BLOCK # = 9
 SYM # 55 NAME = GDJ_RA  BLOCK # = 9
 SYM # 56 NAME = GDJ_TIME_CTR BLOCK # = 9
 SYM # 57 NAME = GDJ_VEH_ACCL_INCRL BLOCK # = 9
 SYM # 58 NAME = GDJ_VERT_ACCLI BLOCK # = 9
 SYM # 59 NAME = GDJ_VERT_ACCL_INCR_ BLOCK # = 9
 SYM # 60 NAME = INTRPT_PROT_DOI BLOCK # = 9
 SYM # 61 NAME = INTRPT_PROT_ENDN BLOCK # = 9
 SYM # 62 NAME = INTRPT_PROT_NSD BLOCK # = 9
 SYM # 63 NAME = RA_DG  BLOCK # = 9
 SYM # 64 NAME = RALIM  BLOCK # = 9
 SYM # 65 NAME = X  BLOCK # = 9
 SYM # 66 NAME = Y  BLOCK # = 9
 SYM # 67 NAME = Z_IPV_51730_A_DISR BLOCK # = 9
 SYM # 68 NAME = Z_IPV_51730_A_DOS BLOCK # = 9
 SYM # 69 NAME = Z_IPV_51730_A_ENAR BLOCK # = 9
 SYM # 70 NAME = Z_IPV_51730_A_ENDR BLOCK # = 9
1X P L   S Y S T E M   --   I N T E R M E T R I C S                                                                          PAGE   4
-SYM # 71 NAME = Z_IPV_51730_B_DISR BLOCK # = 9
 SYM # 72 NAME = Z_IPV_51730_B_DOS BLOCK # = 9
 SYM # 73 NAME = Z_IPV_51730_B_ENAR BLOCK # = 9
 SYM # 74 NAME = Z_IPV_51730_B_ENDR BLOCK # = 9
 
 --- SDFPKG SELECT ##CDLANN ---
 
 --- SDFPKG MODE 7 TEST ---
 TOTAL # SYMBOLS = 83
 TOTAL # BLOCKS  = 2
 1ST STMT = 2 LAST STMT = 51
 
 --- SDFPKG MODE 9  & 18 TEST ---
 SYM # 1 NAME =  CANV_ANN_MSG_ BLOCK # = 1
 SYM # 2 NAME = CANB_ANN_MSG_BITSR BLOCK # = 1
 SYM # 3 NAME = CANN_COM_ BLOCK # = 1
 SYM # 4 NAME = CANV_ANN_MSG_ BLOCK # = 1
 SYM # 5 NAME = CANV_FILLITEMB BLOCK # = 1
 SYM # 6 NAME =  CDL_AITL BLOCK # = 2
 SYM # 7 NAME =  CDL_FSP_BUFFB BLOCK # = 2
 SYM # 8 NAME =  CDL_LAM_ BLOCK # = 2
 SYM # 9 NAME =  CDLV_ANN_MSG_PTR_TBLET BLOCK # = 2
 SYM # 10 NAME =  CDLV_ANNUN_TIMER BLOCK # = 2
 SYM # 11 NAME =  CDLV_SIZES_ BLOCK # = 2
 SYM # 12 NAME =  CDLVFSP_DIRECTORYT BLOCK # = 2
 SYM # 13 NAME = CDL_AIT  BLOCK # = 2
 SYM # 14 NAME = CDL_ANN_ZERO_LGTHY BLOCK # = 2
 SYM # 15 NAME = CDL_ANNUNE BLOCK # = 2
 SYM # 16 NAME = CDL_ANNUNCIATED_OR_NOTT BLOCK # = 2
 SYM # 17 NAME = CDL_CMD_SEQA BLOCK # = 2
 SYM # 18 NAME = CDL_CONVERSION_BIT_ BLOCK # = 2
 SYM # 19 NAME = CDL_FAULT_MESSAGE_TIMET BLOCK # = 2
 SYM # 20 NAME = CDL_FAULT_SUMMARY_PAGET BLOCK # = 2
 SYM # 21 NAME = CDL_FSP_BUFFM BLOCK # = 2
 SYM # 22 NAME = CDL_FSP_DIRECTORY_ BLOCK # = 2
 SYM # 23 NAME = CDL_FSP_DISPLAY_POSITION  BLOCK # = 2
 SYM # 24 NAME = CDL_ICC_BUF_ANN_LGTHT BLOCK # = 2
 SYM # 25 NAME = CDL_ICC_MSG_HDR_ BLOCK # = 2
 SYM # 26 NAME = CDL_ICC_NULL_MSG_HDRT BLOCK # = 2
 SYM # 27 NAME = CDL_INERLOCK_ BLOCK # = 2
 SYM # 28 NAME = CDL_LAM  BLOCK # = 2
 SYM # 29 NAME = CDL_LAM_ALARMSS BLOCK # = 2
 SYM # 30 NAME = CDL_LAM_ALARMS3G BLOCK # = 2
 SYM # 31 NAME = CDL_LAP_COUNTS BLOCK # = 2
 SYM # 32 NAME = CDL_LAP_DECN BLOCK # = 2
 SYM # 33 NAME = CDL_LAP_EVTN BLOCK # = 2
 SYM # 34 NAME = CDL_LAP_LIMITS BLOCK # = 2
 SYM # 35 NAME = CDL_MSG  BLOCK # = 2
 SYM # 36 NAME = CDL_MSG_BITI BLOCK # = 2
 SYM # 37 NAME = CDL_MSG_CLASSS BLOCK # = 2
 SYM # 38 NAME = CDL_ON_DEMAND_UPDATET BLOCK # = 2
 SYM # 39 NAME = CDL_REQUESTN BLOCK # = 2
 SYM # 40 NAME = CDL_SCAN_COUNTU BLOCK # = 2
 SYM # 41 NAME = CDL_SCAN_DECN BLOCK # = 2
 SYM # 42 NAME = CDL_TONE_INDN BLOCK # = 2
 SYM # 43 NAME = CDLB_COMMON_VALUEA BLOCK # = 2
 SYM # 44 NAME = CDLB_CS_FLAGV BLOCK # = 2
1X P L   S Y S T E M   --   I N T E R M E T R I C S                                                                          PAGE   5
-SYM # 45 NAME = CDLB_DOWNLIST_ALARMST BLOCK # = 2
 SYM # 46 NAME = CDLB_DOWNLIST_TIMEM BLOCK # = 2
 SYM # 47 NAME = CDLB_HEADERS BLOCK # = 2
 SYM # 48 NAME = CDLB_OVERLAY_IN_PROGT BLOCK # = 2
 SYM # 49 NAME = CDLB_RS_CLEANUP_ BLOCK # = 2
 SYM # 50 NAME = CDLB_SM_RECORDER_FLAGI BLOCK # = 2
 SYM # 51 NAME = CDLE_MSG_EVENTE BLOCK # = 2
 SYM # 52 NAME = CDLFAULT_ BLOCK # = 2
 SYM # 53 NAME = CDLK_ACK_ BLOCK # = 2
 SYM # 54 NAME = CDLK_B1  BLOCK # = 2
 SYM # 55 NAME = CDLK_G1  BLOCK # = 2
 SYM # 56 NAME = CDLK_I13_ BLOCK # = 2
 SYM # 57 NAME = CDLK_K1  BLOCK # = 2
 SYM # 58 NAME = CDLK_K2  BLOCK # = 2
 SYM # 59 NAME = CDLK_K3  BLOCK # = 2
 SYM # 60 NAME = CDLK_K4  BLOCK # = 2
 SYM # 61 NAME = CDLK_K5  BLOCK # = 2
 SYM # 62 NAME = CDLK_K6  BLOCK # = 2
 SYM # 63 NAME = CDLK_K7  BLOCK # = 2
 SYM # 64 NAME = CDLK_K8  BLOCK # = 2
 SYM # 65 NAME = CDLK_RESETV BLOCK # = 2
 SYM # 66 NAME = CDLK_R4  BLOCK # = 2
 SYM # 67 NAME = CDLK_T2  BLOCK # = 2
 SYM # 68 NAME = CDLK_Y2  BLOCK # = 2
 SYM # 69 NAME = CDLV_ANN_MSG_PTR_ BLOCK # = 2
 SYM # 70 NAME = CDLV_ANN_MSG_PTR_TBLEI BLOCK # = 2
 SYM # 71 NAME = CDLV_ANNUN_TIMER BLOCK # = 2
 SYM # 72 NAME = CDLV_DISPLAY_TIMET BLOCK # = 2
 SYM # 73 NAME = CDLV_FILLITEMT BLOCK # = 2
 SYM # 74 NAME = CDLV_LOADP_IM BLOCK # = 2
 SYM # 75 NAME = CDLV_NEW_LOADT BLOCK # = 2
 SYM # 76 NAME = CDLV_NO_OF_FMPTSE BLOCK # = 2
 SYM # 77 NAME = CDLV_NO_OF_MAJORST BLOCK # = 2
 SYM # 78 NAME = CDLV_NO_OF_MASK_HWSL BLOCK # = 2
 SYM # 79 NAME = CDLV_NO_OF_MINORSW BLOCK # = 2
 SYM # 80 NAME = CDLV_SIZES_ BLOCK # = 2
 SYM # 81 NAME = CDLV_ULOADP_IN BLOCK # = 2
 SYM # 82 NAME = CDLVFSP_DIRECTORYW BLOCK # = 2
 SYM # 83 NAME = FSPBUFF  BLOCK # = 2
 
 --- SDFPKG SELECT ##GDJAMI ---
 
 --- SDFPKG MODE 7 TEST ---
 TOTAL # SYMBOLS = 74
 TOTAL # BLOCKS  = 9
 1ST STMT = 9 LAST STMT = 91
 
 --- SDFPKG MODE 9  & 18 TEST ---
 SYM # 1 NAME = CGE_IPA_MC_16_3R BLOCK # = 3
 SYM # 2 NAME = CGGV_ACC_DRAG_MFEW BLOCK # = 3
 SYM # 3 NAME =  CGBV_HFE_OUTPUT3_4L BLOCK # = 1
 SYM # 4 NAME = CGB_OBF_OUTPUT_BUFFERSO BLOCK # = 1
 SYM # 5 NAME = CGBB_HFE_OUT34_TRAN_STAT  BLOCK # = 1
 SYM # 6 NAME = CGBV_HFE_OUTPUT3_4N BLOCK # = 1
 SYM # 7 NAME = CGBV_OUT34_ADI_CMDN BLOCK # = 1
 SYM # 8 NAME = CGBV_OUT34_AMI_CMDN BLOCK # = 1
 SYM # 9 NAME = CGBV_OUT34_AVVI_CMD_ BLOCK # = 1
1X P L   S Y S T E M   --   I N T E R M E T R I C S                                                                          PAGE   6
-SYM # 10 NAME = CGBV_OUT34_HEL1_STATS BLOCK # = 1
 SYM # 11 NAME = CGBV_OUT34_HSI_CMDA BLOCK # = 1
 SYM # 12 NAME = CGBV_OUT34_HUD_CMD_1S BLOCK # = 1
 SYM # 13 NAME = CGBV_OUT34_HUD_CMD_2S BLOCK # = 1
 SYM # 14 NAME =  CGDV_AMI_AVVI_FMTR2 BLOCK # = 8
 SYM # 15 NAME = CGDB_FMT_INDV BLOCK # = 8
 SYM # 16 NAME = CGDS_RA_CONSTI BLOCK # = 8
 SYM # 17 NAME = CGDV_AMI_AVVI_FMTRR BLOCK # = 8
 SYM # 18 NAME = CGDV_FMT_DATA_ BLOCK # = 8
 SYM # 19 NAME = CGDV_RASRCA BLOCK # = 8
 SYM # 20 NAME = CGZ_FLD_MC_16_3M BLOCK # = 8
 SYM # 21 NAME = CGE_FLT_FLOAT_ BLOCK # = 2
 SYM # 22 NAME = CGEV_MFE_MMODE_CURR BLOCK # = 2
 SYM # 23 NAME = CGG_C13  BLOCK # = 5
 SYM # 24 NAME = CGGV_ACC_VERTE BLOCK # = 5
 SYM # 25 NAME = CGGV_UPP_NEW_DATAR BLOCK # = 5
 SYM # 26 NAME = CGY_FL1_MC16_3A BLOCK # = 7
 SYM # 27 NAME = CGYB_FLAG11 BLOCK # = 7
 SYM # 28 NAME = CGYB_RA_COMM_LOCKR BLOCK # = 7
 SYM # 29 NAME = CGYV_RA_RAWM BLOCK # = 7
 SYM # 30 NAME =  CGRV_DATA_STRUCTURES BLOCK # = 6
 SYM # 31 NAME =  CGRV_RM_DATAR BLOCK # = 6
 SYM # 32 NAME = AA_NORM  BLOCK # = 6
 SYM # 33 NAME = CGR_RM_COMMONR BLOCK # = 6
 SYM # 34 NAME = CGRB_BITEM BLOCK # = 6
 SYM # 35 NAME = CGRB_STATUS_1R BLOCK # = 6
 SYM # 36 NAME = CGRB_STATUS_2R BLOCK # = 6
 SYM # 37 NAME = CGRV_DATA_PTRR BLOCK # = 6
 SYM # 38 NAME = CGRV_FDI_CTRSR BLOCK # = 6
 SYM # 39 NAME = CGRV_FDI_FAIL_CTR_LIMITT BLOCK # = 6
 SYM # 40 NAME = CGRV_FDI_TOLERANCEL BLOCK # = 6
 SYM # 41 NAME = CGRV_INDEX_DELTAC BLOCK # = 6
 SYM # 42 NAME = CGRV_INPUT_DATAA BLOCK # = 6
 SYM # 43 NAME = CGRV_RM_DATA_BASEE BLOCK # = 6
 SYM # 44 NAME = CGRV_SELECTED_DATAL BLOCK # = 6
 SYM # 45 NAME = CGE_IPB_FLT_FLOATA BLOCK # = 4
 SYM # 46 NAME = CGEB_FLT_LG2_FLAG2_MFET BLOCK # = 4
 SYM # 47 NAME = CGPB_WOWLON_MFEA BLOCK # = 4
 SYM # 48 NAME = DISABNSPLO BLOCK # = 9
 SYM # 49 NAME = DISABPL  BLOCK # = 9
 SYM # 50 NAME = ENABPL  BLOCK # = 9
 SYM # 51 NAME = GDJ_AMI_AVVI_PROC2 BLOCK # = 9
 SYM # 52 NAME = GDJ_CLOSEV BLOCK # = 9
 SYM # 53 NAME = GDJ_PREV_VEH_ACCL2 BLOCK # = 9
 SYM # 54 NAME = GDJ_PREV_VERT_ACCL_ BLOCK # = 9
 SYM # 55 NAME = GDJ_RA  BLOCK # = 9
 SYM # 56 NAME = GDJ_TIME_CTR BLOCK # = 9
 SYM # 57 NAME = GDJ_VEH_ACCL_INCRL BLOCK # = 9
 SYM # 58 NAME = GDJ_VERT_ACCLI BLOCK # = 9
 SYM # 59 NAME = GDJ_VERT_ACCL_INCR_ BLOCK # = 9
 SYM # 60 NAME = INTRPT_PROT_DOI BLOCK # = 9
 SYM # 61 NAME = INTRPT_PROT_ENDN BLOCK # = 9
 SYM # 62 NAME = INTRPT_PROT_NSD BLOCK # = 9
 SYM # 63 NAME = RA_DG  BLOCK # = 9
 SYM # 64 NAME = RALIM  BLOCK # = 9
 SYM # 65 NAME = X  BLOCK # = 9
 SYM # 66 NAME = Y  BLOCK # = 9
1X P L   S Y S T E M   --   I N T E R M E T R I C S                                                                          PAGE   7
-SYM # 67 NAME = Z_IPV_51730_A_DISR BLOCK # = 9
 SYM # 68 NAME = Z_IPV_51730_A_DOS BLOCK # = 9
 SYM # 69 NAME = Z_IPV_51730_A_ENAR BLOCK # = 9
 SYM # 70 NAME = Z_IPV_51730_A_ENDR BLOCK # = 9
 SYM # 71 NAME = Z_IPV_51730_B_DISR BLOCK # = 9
 SYM # 72 NAME = Z_IPV_51730_B_DOS BLOCK # = 9
 SYM # 73 NAME = Z_IPV_51730_B_ENAR BLOCK # = 9
 SYM # 74 NAME = Z_IPV_51730_B_ENDR BLOCK # = 9
 
 --- SDFPKG SELECT ##CDLANN ---
 
 --- SDFPKG MODE 7 TEST ---
 TOTAL # SYMBOLS = 83
 TOTAL # BLOCKS  = 2
 1ST STMT = 2 LAST STMT = 51
 
 --- SDFPKG MODE 9  & 18 TEST ---
 SYM # 1 NAME =  CANV_ANN_MSG_ BLOCK # = 1
 SYM # 2 NAME = CANB_ANN_MSG_BITSR BLOCK # = 1
 SYM # 3 NAME = CANN_COM_ BLOCK # = 1
 SYM # 4 NAME = CANV_ANN_MSG_ BLOCK # = 1
 SYM # 5 NAME = CANV_FILLITEMB BLOCK # = 1
 SYM # 6 NAME =  CDL_AITL BLOCK # = 2
 SYM # 7 NAME =  CDL_FSP_BUFFB BLOCK # = 2
 SYM # 8 NAME =  CDL_LAM_ BLOCK # = 2
 SYM # 9 NAME =  CDLV_ANN_MSG_PTR_TBLET BLOCK # = 2
 SYM # 10 NAME =  CDLV_ANNUN_TIMER BLOCK # = 2
 SYM # 11 NAME =  CDLV_SIZES_ BLOCK # = 2
 SYM # 12 NAME =  CDLVFSP_DIRECTORYT BLOCK # = 2
 SYM # 13 NAME = CDL_AIT  BLOCK # = 2
 SYM # 14 NAME = CDL_ANN_ZERO_LGTHY BLOCK # = 2
 SYM # 15 NAME = CDL_ANNUNE BLOCK # = 2
 SYM # 16 NAME = CDL_ANNUNCIATED_OR_NOTT BLOCK # = 2
 SYM # 17 NAME = CDL_CMD_SEQA BLOCK # = 2
 SYM # 18 NAME = CDL_CONVERSION_BIT_ BLOCK # = 2
 SYM # 19 NAME = CDL_FAULT_MESSAGE_TIMET BLOCK # = 2
 SYM # 20 NAME = CDL_FAULT_SUMMARY_PAGET BLOCK # = 2
 SYM # 21 NAME = CDL_FSP_BUFFM BLOCK # = 2
 SYM # 22 NAME = CDL_FSP_DIRECTORY_ BLOCK # = 2
 SYM # 23 NAME = CDL_FSP_DISPLAY_POSITION  BLOCK # = 2
 SYM # 24 NAME = CDL_ICC_BUF_ANN_LGTHT BLOCK # = 2
 SYM # 25 NAME = CDL_ICC_MSG_HDR_ BLOCK # = 2
 SYM # 26 NAME = CDL_ICC_NULL_MSG_HDRT BLOCK # = 2
 SYM # 27 NAME = CDL_INERLOCK_ BLOCK # = 2
 SYM # 28 NAME = CDL_LAM  BLOCK # = 2
 SYM # 29 NAME = CDL_LAM_ALARMSS BLOCK # = 2
 SYM # 30 NAME = CDL_LAM_ALARMS3G BLOCK # = 2
 SYM # 31 NAME = CDL_LAP_COUNTS BLOCK # = 2
 SYM # 32 NAME = CDL_LAP_DECN BLOCK # = 2
 SYM # 33 NAME = CDL_LAP_EVTN BLOCK # = 2
 SYM # 34 NAME = CDL_LAP_LIMITS BLOCK # = 2
 SYM # 35 NAME = CDL_MSG  BLOCK # = 2
 SYM # 36 NAME = CDL_MSG_BITI BLOCK # = 2
 SYM # 37 NAME = CDL_MSG_CLASSS BLOCK # = 2
 SYM # 38 NAME = CDL_ON_DEMAND_UPDATET BLOCK # = 2
 SYM # 39 NAME = CDL_REQUESTN BLOCK # = 2
 SYM # 40 NAME = CDL_SCAN_COUNTU BLOCK # = 2
1X P L   S Y S T E M   --   I N T E R M E T R I C S                                                                          PAGE   8
-SYM # 41 NAME = CDL_SCAN_DECN BLOCK # = 2
 SYM # 42 NAME = CDL_TONE_INDN BLOCK # = 2
 SYM # 43 NAME = CDLB_COMMON_VALUEA BLOCK # = 2
 SYM # 44 NAME = CDLB_CS_FLAGV BLOCK # = 2
 SYM # 45 NAME = CDLB_DOWNLIST_ALARMST BLOCK # = 2
 SYM # 46 NAME = CDLB_DOWNLIST_TIMEM BLOCK # = 2
 SYM # 47 NAME = CDLB_HEADERS BLOCK # = 2
 SYM # 48 NAME = CDLB_OVERLAY_IN_PROGT BLOCK # = 2
 SYM # 49 NAME = CDLB_RS_CLEANUP_ BLOCK # = 2
 SYM # 50 NAME = CDLB_SM_RECORDER_FLAGI BLOCK # = 2
 SYM # 51 NAME = CDLE_MSG_EVENTE BLOCK # = 2
 SYM # 52 NAME = CDLFAULT_ BLOCK # = 2
 SYM # 53 NAME = CDLK_ACK_ BLOCK # = 2
 SYM # 54 NAME = CDLK_B1  BLOCK # = 2
 SYM # 55 NAME = CDLK_G1  BLOCK # = 2
 SYM # 56 NAME = CDLK_I13_ BLOCK # = 2
 SYM # 57 NAME = CDLK_K1  BLOCK # = 2
 SYM # 58 NAME = CDLK_K2  BLOCK # = 2
 SYM # 59 NAME = CDLK_K3  BLOCK # = 2
 SYM # 60 NAME = CDLK_K4  BLOCK # = 2
 SYM # 61 NAME = CDLK_K5  BLOCK # = 2
 SYM # 62 NAME = CDLK_K6  BLOCK # = 2
 SYM # 63 NAME = CDLK_K7  BLOCK # = 2
 SYM # 64 NAME = CDLK_K8  BLOCK # = 2
 SYM # 65 NAME = CDLK_RESETV BLOCK # = 2
 SYM # 66 NAME = CDLK_R4  BLOCK # = 2
 SYM # 67 NAME = CDLK_T2  BLOCK # = 2
 SYM # 68 NAME = CDLK_Y2  BLOCK # = 2
 SYM # 69 NAME = CDLV_ANN_MSG_PTR_ BLOCK # = 2
 SYM # 70 NAME = CDLV_ANN_MSG_PTR_TBLEI BLOCK # = 2
 SYM # 71 NAME = CDLV_ANNUN_TIMER BLOCK # = 2
 SYM # 72 NAME = CDLV_DISPLAY_TIMET BLOCK # = 2
 SYM # 73 NAME = CDLV_FILLITEMT BLOCK # = 2
 SYM # 74 NAME = CDLV_LOADP_IM BLOCK # = 2
 SYM # 75 NAME = CDLV_NEW_LOADT BLOCK # = 2
 SYM # 76 NAME = CDLV_NO_OF_FMPTSE BLOCK # = 2
 SYM # 77 NAME = CDLV_NO_OF_MAJORST BLOCK # = 2
 SYM # 78 NAME = CDLV_NO_OF_MASK_HWSL BLOCK # = 2
 SYM # 79 NAME = CDLV_NO_OF_MINORSW BLOCK # = 2
 SYM # 80 NAME = CDLV_SIZES_ BLOCK # = 2
 SYM # 81 NAME = CDLV_ULOADP_IN BLOCK # = 2
 SYM # 82 NAME = CDLVFSP_DIRECTORYW BLOCK # = 2
 SYM # 83 NAME = FSPBUFF  BLOCK # = 2
 
 --- SDFPKG SELECT ##GDJAMI ---
 
 --- SDFPKG MODE 7 TEST ---
 TOTAL # SYMBOLS = 74
 TOTAL # BLOCKS  = 9
 1ST STMT = 9 LAST STMT = 91
 
 --- SDFPKG MODE 9  & 18 TEST ---
 SYM # 1 NAME = CGE_IPA_MC_16_3R BLOCK # = 3
 SYM # 2 NAME = CGGV_ACC_DRAG_MFEW BLOCK # = 3
 SYM # 3 NAME =  CGBV_HFE_OUTPUT3_4L BLOCK # = 1
 SYM # 4 NAME = CGB_OBF_OUTPUT_BUFFERSO BLOCK # = 1
 SYM # 5 NAME = CGBB_HFE_OUT34_TRAN_STAT  BLOCK # = 1
1X P L   S Y S T E M   --   I N T E R M E T R I C S                                                                          PAGE   9
-SYM # 6 NAME = CGBV_HFE_OUTPUT3_4N BLOCK # = 1
 SYM # 7 NAME = CGBV_OUT34_ADI_CMDN BLOCK # = 1
 SYM # 8 NAME = CGBV_OUT34_AMI_CMDN BLOCK # = 1
 SYM # 9 NAME = CGBV_OUT34_AVVI_CMD_ BLOCK # = 1
 SYM # 10 NAME = CGBV_OUT34_HEL1_STATS BLOCK # = 1
 SYM # 11 NAME = CGBV_OUT34_HSI_CMDA BLOCK # = 1
 SYM # 12 NAME = CGBV_OUT34_HUD_CMD_1S BLOCK # = 1
 SYM # 13 NAME = CGBV_OUT34_HUD_CMD_2S BLOCK # = 1
 SYM # 14 NAME =  CGDV_AMI_AVVI_FMTR2 BLOCK # = 8
 SYM # 15 NAME = CGDB_FMT_INDV BLOCK # = 8
 SYM # 16 NAME = CGDS_RA_CONSTI BLOCK # = 8
 SYM # 17 NAME = CGDV_AMI_AVVI_FMTRR BLOCK # = 8
 SYM # 18 NAME = CGDV_FMT_DATA_ BLOCK # = 8
 SYM # 19 NAME = CGDV_RASRCA BLOCK # = 8
 SYM # 20 NAME = CGZ_FLD_MC_16_3M BLOCK # = 8
 SYM # 21 NAME = CGE_FLT_FLOAT_ BLOCK # = 2
 SYM # 22 NAME = CGEV_MFE_MMODE_CURR BLOCK # = 2
 SYM # 23 NAME = CGG_C13  BLOCK # = 5
 SYM # 24 NAME = CGGV_ACC_VERTE BLOCK # = 5
 SYM # 25 NAME = CGGV_UPP_NEW_DATAR BLOCK # = 5
 SYM # 26 NAME = CGY_FL1_MC16_3A BLOCK # = 7
 SYM # 27 NAME = CGYB_FLAG11 BLOCK # = 7
 SYM # 28 NAME = CGYB_RA_COMM_LOCKR BLOCK # = 7
 SYM # 29 NAME = CGYV_RA_RAWM BLOCK # = 7
 SYM # 30 NAME =  CGRV_DATA_STRUCTURES BLOCK # = 6
 SYM # 31 NAME =  CGRV_RM_DATAR BLOCK # = 6
 SYM # 32 NAME = AA_NORM  BLOCK # = 6
 SYM # 33 NAME = CGR_RM_COMMONR BLOCK # = 6
 SYM # 34 NAME = CGRB_BITEM BLOCK # = 6
 SYM # 35 NAME = CGRB_STATUS_1R BLOCK # = 6
 SYM # 36 NAME = CGRB_STATUS_2R BLOCK # = 6
 SYM # 37 NAME = CGRV_DATA_PTRR BLOCK # = 6
 SYM # 38 NAME = CGRV_FDI_CTRSR BLOCK # = 6
 SYM # 39 NAME = CGRV_FDI_FAIL_CTR_LIMITT BLOCK # = 6
 SYM # 40 NAME = CGRV_FDI_TOLERANCEL BLOCK # = 6
 SYM # 41 NAME = CGRV_INDEX_DELTAC BLOCK # = 6
 SYM # 42 NAME = CGRV_INPUT_DATAA BLOCK # = 6
 SYM # 43 NAME = CGRV_RM_DATA_BASEE BLOCK # = 6
 SYM # 44 NAME = CGRV_SELECTED_DATAL BLOCK # = 6
 SYM # 45 NAME = CGE_IPB_FLT_FLOATA BLOCK # = 4
 SYM # 46 NAME = CGEB_FLT_LG2_FLAG2_MFET BLOCK # = 4
 SYM # 47 NAME = CGPB_WOWLON_MFEA BLOCK # = 4
 SYM # 48 NAME = DISABNSPLO BLOCK # = 9
 SYM # 49 NAME = DISABPL  BLOCK # = 9
 SYM # 50 NAME = ENABPL  BLOCK # = 9
 SYM # 51 NAME = GDJ_AMI_AVVI_PROC2 BLOCK # = 9
 SYM # 52 NAME = GDJ_CLOSEV BLOCK # = 9
 SYM # 53 NAME = GDJ_PREV_VEH_ACCL2 BLOCK # = 9
 SYM # 54 NAME = GDJ_PREV_VERT_ACCL_ BLOCK # = 9
 SYM # 55 NAME = GDJ_RA  BLOCK # = 9
 SYM # 56 NAME = GDJ_TIME_CTR BLOCK # = 9
 SYM # 57 NAME = GDJ_VEH_ACCL_INCRL BLOCK # = 9
 SYM # 58 NAME = GDJ_VERT_ACCLI BLOCK # = 9
 SYM # 59 NAME = GDJ_VERT_ACCL_INCR_ BLOCK # = 9
 SYM # 60 NAME = INTRPT_PROT_DOI BLOCK # = 9
 SYM # 61 NAME = INTRPT_PROT_ENDN BLOCK # = 9
 SYM # 62 NAME = INTRPT_PROT_NSD BLOCK # = 9
1X P L   S Y S T E M   --   I N T E R M E T R I C S                                                                          PAGE  10
-SYM # 63 NAME = RA_DG  BLOCK # = 9
 SYM # 64 NAME = RALIM  BLOCK # = 9
 SYM # 65 NAME = X  BLOCK # = 9
 SYM # 66 NAME = Y  BLOCK # = 9
 SYM # 67 NAME = Z_IPV_51730_A_DISR BLOCK # = 9
 SYM # 68 NAME = Z_IPV_51730_A_DOS BLOCK # = 9
 SYM # 69 NAME = Z_IPV_51730_A_ENAR BLOCK # = 9
 SYM # 70 NAME = Z_IPV_51730_A_ENDR BLOCK # = 9
 SYM # 71 NAME = Z_IPV_51730_B_DISR BLOCK # = 9
 SYM # 72 NAME = Z_IPV_51730_B_DOS BLOCK # = 9
 SYM # 73 NAME = Z_IPV_51730_B_ENAR BLOCK # = 9
 SYM # 74 NAME = Z_IPV_51730_B_ENDR BLOCK # = 9
 
 --- SDFPKG SELECT ##CDLANN ---
 
 --- SDFPKG MODE 7 TEST ---
 TOTAL # SYMBOLS = 83
 TOTAL # BLOCKS  = 2
 1ST STMT = 2 LAST STMT = 51
 
 --- SDFPKG MODE 9  & 18 TEST ---
 SYM # 1 NAME =  CANV_ANN_MSG_ BLOCK # = 1
 SYM # 2 NAME = CANB_ANN_MSG_BITSR BLOCK # = 1
 SYM # 3 NAME = CANN_COM_ BLOCK # = 1
 SYM # 4 NAME = CANV_ANN_MSG_ BLOCK # = 1
 SYM # 5 NAME = CANV_FILLITEMB BLOCK # = 1
 SYM # 6 NAME =  CDL_AITL BLOCK # = 2
 SYM # 7 NAME =  CDL_FSP_BUFFB BLOCK # = 2
 SYM # 8 NAME =  CDL_LAM_ BLOCK # = 2
 SYM # 9 NAME =  CDLV_ANN_MSG_PTR_TBLET BLOCK # = 2
 SYM # 10 NAME =  CDLV_ANNUN_TIMER BLOCK # = 2
 SYM # 11 NAME =  CDLV_SIZES_ BLOCK # = 2
 SYM # 12 NAME =  CDLVFSP_DIRECTORYT BLOCK # = 2
 SYM # 13 NAME = CDL_AIT  BLOCK # = 2
 SYM # 14 NAME = CDL_ANN_ZERO_LGTHY BLOCK # = 2
 SYM # 15 NAME = CDL_ANNUNE BLOCK # = 2
 SYM # 16 NAME = CDL_ANNUNCIATED_OR_NOTT BLOCK # = 2
 SYM # 17 NAME = CDL_CMD_SEQA BLOCK # = 2
 SYM # 18 NAME = CDL_CONVERSION_BIT_ BLOCK # = 2
 SYM # 19 NAME = CDL_FAULT_MESSAGE_TIMET BLOCK # = 2
 SYM # 20 NAME = CDL_FAULT_SUMMARY_PAGET BLOCK # = 2
 SYM # 21 NAME = CDL_FSP_BUFFM BLOCK # = 2
 SYM # 22 NAME = CDL_FSP_DIRECTORY_ BLOCK # = 2
 SYM # 23 NAME = CDL_FSP_DISPLAY_POSITION  BLOCK # = 2
 SYM # 24 NAME = CDL_ICC_BUF_ANN_LGTHT BLOCK # = 2
 SYM # 25 NAME = CDL_ICC_MSG_HDR_ BLOCK # = 2
 SYM # 26 NAME = CDL_ICC_NULL_MSG_HDRT BLOCK # = 2
 SYM # 27 NAME = CDL_INERLOCK_ BLOCK # = 2
 SYM # 28 NAME = CDL_LAM  BLOCK # = 2
 SYM # 29 NAME = CDL_LAM_ALARMSS BLOCK # = 2
 SYM # 30 NAME = CDL_LAM_ALARMS3G BLOCK # = 2
 SYM # 31 NAME = CDL_LAP_COUNTS BLOCK # = 2
 SYM # 32 NAME = CDL_LAP_DECN BLOCK # = 2
 SYM # 33 NAME = CDL_LAP_EVTN BLOCK # = 2
 SYM # 34 NAME = CDL_LAP_LIMITS BLOCK # = 2
 SYM # 35 NAME = CDL_MSG  BLOCK # = 2
 SYM # 36 NAME = CDL_MSG_BITI BLOCK # = 2
1X P L   S Y S T E M   --   I N T E R M E T R I C S                                                                          PAGE  11
-SYM # 37 NAME = CDL_MSG_CLASSS BLOCK # = 2
 SYM # 38 NAME = CDL_ON_DEMAND_UPDATET BLOCK # = 2
 SYM # 39 NAME = CDL_REQUESTN BLOCK # = 2
 SYM # 40 NAME = CDL_SCAN_COUNTU BLOCK # = 2
 SYM # 41 NAME = CDL_SCAN_DECN BLOCK # = 2
 SYM # 42 NAME = CDL_TONE_INDN BLOCK # = 2
 SYM # 43 NAME = CDLB_COMMON_VALUEA BLOCK # = 2
 SYM # 44 NAME = CDLB_CS_FLAGV BLOCK # = 2
 SYM # 45 NAME = CDLB_DOWNLIST_ALARMST BLOCK # = 2
 SYM # 46 NAME = CDLB_DOWNLIST_TIMEM BLOCK # = 2
 SYM # 47 NAME = CDLB_HEADERS BLOCK # = 2
 SYM # 48 NAME = CDLB_OVERLAY_IN_PROGT BLOCK # = 2
 SYM # 49 NAME = CDLB_RS_CLEANUP_ BLOCK # = 2
 SYM # 50 NAME = CDLB_SM_RECORDER_FLAGI BLOCK # = 2
 SYM # 51 NAME = CDLE_MSG_EVENTE BLOCK # = 2
 SYM # 52 NAME = CDLFAULT_ BLOCK # = 2
 SYM # 53 NAME = CDLK_ACK_ BLOCK # = 2
 SYM # 54 NAME = CDLK_B1  BLOCK # = 2
 SYM # 55 NAME = CDLK_G1  BLOCK # = 2
 SYM # 56 NAME = CDLK_I13_ BLOCK # = 2
 SYM # 57 NAME = CDLK_K1  BLOCK # = 2
 SYM # 58 NAME = CDLK_K2  BLOCK # = 2
 SYM # 59 NAME = CDLK_K3  BLOCK # = 2
 SYM # 60 NAME = CDLK_K4  BLOCK # = 2
 SYM # 61 NAME = CDLK_K5  BLOCK # = 2
 SYM # 62 NAME = CDLK_K6  BLOCK # = 2
 SYM # 63 NAME = CDLK_K7  BLOCK # = 2
 SYM # 64 NAME = CDLK_K8  BLOCK # = 2
 SYM # 65 NAME = CDLK_RESETV BLOCK # = 2
 SYM # 66 NAME = CDLK_R4  BLOCK # = 2
 SYM # 67 NAME = CDLK_T2  BLOCK # = 2
 SYM # 68 NAME = CDLK_Y2  BLOCK # = 2
 SYM # 69 NAME = CDLV_ANN_MSG_PTR_ BLOCK # = 2
 SYM # 70 NAME = CDLV_ANN_MSG_PTR_TBLEI BLOCK # = 2
 SYM # 71 NAME = CDLV_ANNUN_TIMER BLOCK # = 2
 SYM # 72 NAME = CDLV_DISPLAY_TIMET BLOCK # = 2
 SYM # 73 NAME = CDLV_FILLITEMT BLOCK # = 2
 SYM # 74 NAME = CDLV_LOADP_IM BLOCK # = 2
 SYM # 75 NAME = CDLV_NEW_LOADT BLOCK # = 2
 SYM # 76 NAME = CDLV_NO_OF_FMPTSE BLOCK # = 2
 SYM # 77 NAME = CDLV_NO_OF_MAJORST BLOCK # = 2
 SYM # 78 NAME = CDLV_NO_OF_MASK_HWSL BLOCK # = 2
 SYM # 79 NAME = CDLV_NO_OF_MINORSW BLOCK # = 2
 SYM # 80 NAME = CDLV_SIZES_ BLOCK # = 2
 SYM # 81 NAME = CDLV_ULOADP_IN BLOCK # = 2
 SYM # 82 NAME = CDLVFSP_DIRECTORYW BLOCK # = 2
 SYM # 83 NAME = FSPBUFF  BLOCK # = 2
 
 --- SDFPKG DESELECT ##CDLANN ---
 
 --- SDFPKG SELECT ##GDJAMI ---
 
 --- SDFPKG MODE 7 TEST ---
 TOTAL # SYMBOLS = 74
 TOTAL # BLOCKS  = 9
 1ST STMT = 9 LAST STMT = 91
 
1X P L   S Y S T E M   --   I N T E R M E T R I C S                                                                          PAGE  12
---- SDFPKG MODE 9  & 18 TEST ---
 SYM # 1 NAME = CGE_IPA_MC_16_3R BLOCK # = 3
 SYM # 2 NAME = CGGV_ACC_DRAG_MFEW BLOCK # = 3
 SYM # 3 NAME =  CGBV_HFE_OUTPUT3_4L BLOCK # = 1
 SYM # 4 NAME = CGB_OBF_OUTPUT_BUFFERSO BLOCK # = 1
 SYM # 5 NAME = CGBB_HFE_OUT34_TRAN_STAT  BLOCK # = 1
 SYM # 6 NAME = CGBV_HFE_OUTPUT3_4N BLOCK # = 1
 SYM # 7 NAME = CGBV_OUT34_ADI_CMDN BLOCK # = 1
 SYM # 8 NAME = CGBV_OUT34_AMI_CMDN BLOCK # = 1
 SYM # 9 NAME = CGBV_OUT34_AVVI_CMD_ BLOCK # = 1
 SYM # 10 NAME = CGBV_OUT34_HEL1_STATS BLOCK # = 1
 SYM # 11 NAME = CGBV_OUT34_HSI_CMDA BLOCK # = 1
 SYM # 12 NAME = CGBV_OUT34_HUD_CMD_1S BLOCK # = 1
 SYM # 13 NAME = CGBV_OUT34_HUD_CMD_2S BLOCK # = 1
 SYM # 14 NAME =  CGDV_AMI_AVVI_FMTR2 BLOCK # = 8
 SYM # 15 NAME = CGDB_FMT_INDV BLOCK # = 8
 SYM # 16 NAME = CGDS_RA_CONSTI BLOCK # = 8
 SYM # 17 NAME = CGDV_AMI_AVVI_FMTRR BLOCK # = 8
 SYM # 18 NAME = CGDV_FMT_DATA_ BLOCK # = 8
 SYM # 19 NAME = CGDV_RASRCA BLOCK # = 8
 SYM # 20 NAME = CGZ_FLD_MC_16_3M BLOCK # = 8
 SYM # 21 NAME = CGE_FLT_FLOAT_ BLOCK # = 2
 SYM # 22 NAME = CGEV_MFE_MMODE_CURR BLOCK # = 2
 SYM # 23 NAME = CGG_C13  BLOCK # = 5
 SYM # 24 NAME = CGGV_ACC_VERTE BLOCK # = 5
 SYM # 25 NAME = CGGV_UPP_NEW_DATAR BLOCK # = 5
 SYM # 26 NAME = CGY_FL1_MC16_3A BLOCK # = 7
 SYM # 27 NAME = CGYB_FLAG11 BLOCK # = 7
 SYM # 28 NAME = CGYB_RA_COMM_LOCKR BLOCK # = 7
 SYM # 29 NAME = CGYV_RA_RAWM BLOCK # = 7
 SYM # 30 NAME =  CGRV_DATA_STRUCTURES BLOCK # = 6
 SYM # 31 NAME =  CGRV_RM_DATAR BLOCK # = 6
 SYM # 32 NAME = AA_NORM  BLOCK # = 6
 SYM # 33 NAME = CGR_RM_COMMONR BLOCK # = 6
 SYM # 34 NAME = CGRB_BITEM BLOCK # = 6
 SYM # 35 NAME = CGRB_STATUS_1R BLOCK # = 6
 SYM # 36 NAME = CGRB_STATUS_2R BLOCK # = 6
 SYM # 37 NAME = CGRV_DATA_PTRR BLOCK # = 6
 SYM # 38 NAME = CGRV_FDI_CTRSR BLOCK # = 6
 SYM # 39 NAME = CGRV_FDI_FAIL_CTR_LIMITT BLOCK # = 6
 SYM # 40 NAME = CGRV_FDI_TOLERANCEL BLOCK # = 6
 SYM # 41 NAME = CGRV_INDEX_DELTAC BLOCK # = 6
 SYM # 42 NAME = CGRV_INPUT_DATAA BLOCK # = 6
 SYM # 43 NAME = CGRV_RM_DATA_BASEE BLOCK # = 6
 SYM # 44 NAME = CGRV_SELECTED_DATAL BLOCK # = 6
 SYM # 45 NAME = CGE_IPB_FLT_FLOATA BLOCK # = 4
 SYM # 46 NAME = CGEB_FLT_LG2_FLAG2_MFET BLOCK # = 4
 SYM # 47 NAME = CGPB_WOWLON_MFEA BLOCK # = 4
 SYM # 48 NAME = DISABNSPLO BLOCK # = 9
 SYM # 49 NAME = DISABPL  BLOCK # = 9
 SYM # 50 NAME = ENABPL  BLOCK # = 9
 SYM # 51 NAME = GDJ_AMI_AVVI_PROC2 BLOCK # = 9
 SYM # 52 NAME = GDJ_CLOSEV BLOCK # = 9
 SYM # 53 NAME = GDJ_PREV_VEH_ACCL2 BLOCK # = 9
 SYM # 54 NAME = GDJ_PREV_VERT_ACCL_ BLOCK # = 9
 SYM # 55 NAME = GDJ_RA  BLOCK # = 9
 SYM # 56 NAME = GDJ_TIME_CTR BLOCK # = 9
1X P L   S Y S T E M   --   I N T E R M E T R I C S                                                                          PAGE  13
-SYM # 57 NAME = GDJ_VEH_ACCL_INCRL BLOCK # = 9
 SYM # 58 NAME = GDJ_VERT_ACCLI BLOCK # = 9
 SYM # 59 NAME = GDJ_VERT_ACCL_INCR_ BLOCK # = 9
 SYM # 60 NAME = INTRPT_PROT_DOI BLOCK # = 9
 SYM # 61 NAME = INTRPT_PROT_ENDN BLOCK # = 9
 SYM # 62 NAME = INTRPT_PROT_NSD BLOCK # = 9
 SYM # 63 NAME = RA_DG  BLOCK # = 9
 SYM # 64 NAME = RALIM  BLOCK # = 9
 SYM # 65 NAME = X  BLOCK # = 9
 SYM # 66 NAME = Y  BLOCK # = 9
 SYM # 67 NAME = Z_IPV_51730_A_DISR BLOCK # = 9
 SYM # 68 NAME = Z_IPV_51730_A_DOS BLOCK # = 9
 SYM # 69 NAME = Z_IPV_51730_A_ENAR BLOCK # = 9
 SYM # 70 NAME = Z_IPV_51730_A_ENDR BLOCK # = 9
 SYM # 71 NAME = Z_IPV_51730_B_DISR BLOCK # = 9
 SYM # 72 NAME = Z_IPV_51730_B_DOS BLOCK # = 9
 SYM # 73 NAME = Z_IPV_51730_B_ENAR BLOCK # = 9
 SYM # 74 NAME = Z_IPV_51730_B_ENDR BLOCK # = 9
 
 --- SDFPKG DESELECT ##GDJAMI ---
 
 --- SDFPKG SELECT ##CDLANN ---
 
 --- SDFPKG MODE 7 TEST ---
 TOTAL # SYMBOLS = 83
 TOTAL # BLOCKS  = 2
 1ST STMT = 2 LAST STMT = 51
 
 --- SDFPKG MODE 9  & 18 TEST ---
 SYM # 1 NAME =  CANV_ANN_MSG_ BLOCK # = 1
 SYM # 2 NAME = CANB_ANN_MSG_BITSR BLOCK # = 1
 SYM # 3 NAME = CANN_COM_ BLOCK # = 1
 SYM # 4 NAME = CANV_ANN_MSG_ BLOCK # = 1
 SYM # 5 NAME = CANV_FILLITEMB BLOCK # = 1
 SYM # 6 NAME =  CDL_AITL BLOCK # = 2
 SYM # 7 NAME =  CDL_FSP_BUFFB BLOCK # = 2
 SYM # 8 NAME =  CDL_LAM_ BLOCK # = 2
 SYM # 9 NAME =  CDLV_ANN_MSG_PTR_TBLET BLOCK # = 2
 SYM # 10 NAME =  CDLV_ANNUN_TIMER BLOCK # = 2
 SYM # 11 NAME =  CDLV_SIZES_ BLOCK # = 2
 SYM # 12 NAME =  CDLVFSP_DIRECTORYT BLOCK # = 2
 SYM # 13 NAME = CDL_AIT  BLOCK # = 2
 SYM # 14 NAME = CDL_ANN_ZERO_LGTHY BLOCK # = 2
 SYM # 15 NAME = CDL_ANNUNE BLOCK # = 2
 SYM # 16 NAME = CDL_ANNUNCIATED_OR_NOTT BLOCK # = 2
 SYM # 17 NAME = CDL_CMD_SEQA BLOCK # = 2
 SYM # 18 NAME = CDL_CONVERSION_BIT_ BLOCK # = 2
 SYM # 19 NAME = CDL_FAULT_MESSAGE_TIMET BLOCK # = 2
 SYM # 20 NAME = CDL_FAULT_SUMMARY_PAGET BLOCK # = 2
 SYM # 21 NAME = CDL_FSP_BUFFM BLOCK # = 2
 SYM # 22 NAME = CDL_FSP_DIRECTORY_ BLOCK # = 2
 SYM # 23 NAME = CDL_FSP_DISPLAY_POSITION  BLOCK # = 2
 SYM # 24 NAME = CDL_ICC_BUF_ANN_LGTHT BLOCK # = 2
 SYM # 25 NAME = CDL_ICC_MSG_HDR_ BLOCK # = 2
 SYM # 26 NAME = CDL_ICC_NULL_MSG_HDRT BLOCK # = 2
 SYM # 27 NAME = CDL_INERLOCK_ BLOCK # = 2
 SYM # 28 NAME = CDL_LAM  BLOCK # = 2
1X P L   S Y S T E M   --   I N T E R M E T R I C S                                                                          PAGE  14
-SYM # 29 NAME = CDL_LAM_ALARMSS BLOCK # = 2
 SYM # 30 NAME = CDL_LAM_ALARMS3G BLOCK # = 2
 SYM # 31 NAME = CDL_LAP_COUNTS BLOCK # = 2
 SYM # 32 NAME = CDL_LAP_DECN BLOCK # = 2
 SYM # 33 NAME = CDL_LAP_EVTN BLOCK # = 2
 SYM # 34 NAME = CDL_LAP_LIMITS BLOCK # = 2
 SYM # 35 NAME = CDL_MSG  BLOCK # = 2
 SYM # 36 NAME = CDL_MSG_BITI BLOCK # = 2
 SYM # 37 NAME = CDL_MSG_CLASSS BLOCK # = 2
 SYM # 38 NAME = CDL_ON_DEMAND_UPDATET BLOCK # = 2
 SYM # 39 NAME = CDL_REQUESTN BLOCK # = 2
 SYM # 40 NAME = CDL_SCAN_COUNTU BLOCK # = 2
 SYM # 41 NAME = CDL_SCAN_DECN BLOCK # = 2
 SYM # 42 NAME = CDL_TONE_INDN BLOCK # = 2
 SYM # 43 NAME = CDLB_COMMON_VALUEA BLOCK # = 2
 SYM # 44 NAME = CDLB_CS_FLAGV BLOCK # = 2
 SYM # 45 NAME = CDLB_DOWNLIST_ALARMST BLOCK # = 2
 SYM # 46 NAME = CDLB_DOWNLIST_TIMEM BLOCK # = 2
 SYM # 47 NAME = CDLB_HEADERS BLOCK # = 2
 SYM # 48 NAME = CDLB_OVERLAY_IN_PROGT BLOCK # = 2
 SYM # 49 NAME = CDLB_RS_CLEANUP_ BLOCK # = 2
 SYM # 50 NAME = CDLB_SM_RECORDER_FLAGI BLOCK # = 2
 SYM # 51 NAME = CDLE_MSG_EVENTE BLOCK # = 2
 SYM # 52 NAME = CDLFAULT_ BLOCK # = 2
 SYM # 53 NAME = CDLK_ACK_ BLOCK # = 2
 SYM # 54 NAME = CDLK_B1  BLOCK # = 2
 SYM # 55 NAME = CDLK_G1  BLOCK # = 2
 SYM # 56 NAME = CDLK_I13_ BLOCK # = 2
 SYM # 57 NAME = CDLK_K1  BLOCK # = 2
 SYM # 58 NAME = CDLK_K2  BLOCK # = 2
 SYM # 59 NAME = CDLK_K3  BLOCK # = 2
 SYM # 60 NAME = CDLK_K4  BLOCK # = 2
 SYM # 61 NAME = CDLK_K5  BLOCK # = 2
 SYM # 62 NAME = CDLK_K6  BLOCK # = 2
 SYM # 63 NAME = CDLK_K7  BLOCK # = 2
 SYM # 64 NAME = CDLK_K8  BLOCK # = 2
 SYM # 65 NAME = CDLK_RESETV BLOCK # = 2
 SYM # 66 NAME = CDLK_R4  BLOCK # = 2
 SYM # 67 NAME = CDLK_T2  BLOCK # = 2
 SYM # 68 NAME = CDLK_Y2  BLOCK # = 2
 SYM # 69 NAME = CDLV_ANN_MSG_PTR_ BLOCK # = 2
 SYM # 70 NAME = CDLV_ANN_MSG_PTR_TBLEI BLOCK # = 2
 SYM # 71 NAME = CDLV_ANNUN_TIMER BLOCK # = 2
 SYM # 72 NAME = CDLV_DISPLAY_TIMET BLOCK # = 2
 SYM # 73 NAME = CDLV_FILLITEMT BLOCK # = 2
 SYM # 74 NAME = CDLV_LOADP_IM BLOCK # = 2
 SYM # 75 NAME = CDLV_NEW_LOADT BLOCK # = 2
 SYM # 76 NAME = CDLV_NO_OF_FMPTSE BLOCK # = 2
 SYM # 77 NAME = CDLV_NO_OF_MAJORST BLOCK # = 2
 SYM # 78 NAME = CDLV_NO_OF_MASK_HWSL BLOCK # = 2
 SYM # 79 NAME = CDLV_NO_OF_MINORSW BLOCK # = 2
 SYM # 80 NAME = CDLV_SIZES_ BLOCK # = 2
 SYM # 81 NAME = CDLV_ULOADP_IN BLOCK # = 2
 SYM # 82 NAME = CDLVFSP_DIRECTORYW BLOCK # = 2
 SYM # 83 NAME = FSPBUFF  BLOCK # = 2
 
 --- SDFPKG DESELECT ##CDLANN ---
1X P L   S Y S T E M   --   I N T E R M E T R I C S                                                                          PAGE  15
-
 --- SDFPKG SELECT ##GDJAMI ---
 
 --- SDFPKG MODE 7 TEST ---
 TOTAL # SYMBOLS = 74
 TOTAL # BLOCKS  = 9
 1ST STMT = 9 LAST STMT = 91
 
 --- SDFPKG MODE 9  & 18 TEST ---
 SYM # 1 NAME = CGE_IPA_MC_16_3R BLOCK # = 3
 SYM # 2 NAME = CGGV_ACC_DRAG_MFEW BLOCK # = 3
 SYM # 3 NAME =  CGBV_HFE_OUTPUT3_4L BLOCK # = 1
 SYM # 4 NAME = CGB_OBF_OUTPUT_BUFFERSO BLOCK # = 1
 SYM # 5 NAME = CGBB_HFE_OUT34_TRAN_STAT  BLOCK # = 1
 SYM # 6 NAME = CGBV_HFE_OUTPUT3_4N BLOCK # = 1
 SYM # 7 NAME = CGBV_OUT34_ADI_CMDN BLOCK # = 1
 SYM # 8 NAME = CGBV_OUT34_AMI_CMDN BLOCK # = 1
 SYM # 9 NAME = CGBV_OUT34_AVVI_CMD_ BLOCK # = 1
 SYM # 10 NAME = CGBV_OUT34_HEL1_STATS BLOCK # = 1
 SYM # 11 NAME = CGBV_OUT34_HSI_CMDA BLOCK # = 1
 SYM # 12 NAME = CGBV_OUT34_HUD_CMD_1S BLOCK # = 1
 SYM # 13 NAME = CGBV_OUT34_HUD_CMD_2S BLOCK # = 1
 SYM # 14 NAME =  CGDV_AMI_AVVI_FMTR2 BLOCK # = 8
 SYM # 15 NAME = CGDB_FMT_INDV BLOCK # = 8
 SYM # 16 NAME = CGDS_RA_CONSTI BLOCK # = 8
 SYM # 17 NAME = CGDV_AMI_AVVI_FMTRR BLOCK # = 8
 SYM # 18 NAME = CGDV_FMT_DATA_ BLOCK # = 8
 SYM # 19 NAME = CGDV_RASRCA BLOCK # = 8
 SYM # 20 NAME = CGZ_FLD_MC_16_3M BLOCK # = 8
 SYM # 21 NAME = CGE_FLT_FLOAT_ BLOCK # = 2
 SYM # 22 NAME = CGEV_MFE_MMODE_CURR BLOCK # = 2
 SYM # 23 NAME = CGG_C13  BLOCK # = 5
 SYM # 24 NAME = CGGV_ACC_VERTE BLOCK # = 5
 SYM # 25 NAME = CGGV_UPP_NEW_DATAR BLOCK # = 5
 SYM # 26 NAME = CGY_FL1_MC16_3A BLOCK # = 7
 SYM # 27 NAME = CGYB_FLAG11 BLOCK # = 7
 SYM # 28 NAME = CGYB_RA_COMM_LOCKR BLOCK # = 7
 SYM # 29 NAME = CGYV_RA_RAWM BLOCK # = 7
 SYM # 30 NAME =  CGRV_DATA_STRUCTURES BLOCK # = 6
 SYM # 31 NAME =  CGRV_RM_DATAR BLOCK # = 6
 SYM # 32 NAME = AA_NORM  BLOCK # = 6
 SYM # 33 NAME = CGR_RM_COMMONR BLOCK # = 6
 SYM # 34 NAME = CGRB_BITEM BLOCK # = 6
 SYM # 35 NAME = CGRB_STATUS_1R BLOCK # = 6
 SYM # 36 NAME = CGRB_STATUS_2R BLOCK # = 6
 SYM # 37 NAME = CGRV_DATA_PTRR BLOCK # = 6
 SYM # 38 NAME = CGRV_FDI_CTRSR BLOCK # = 6
 SYM # 39 NAME = CGRV_FDI_FAIL_CTR_LIMITT BLOCK # = 6
 SYM # 40 NAME = CGRV_FDI_TOLERANCEL BLOCK # = 6
 SYM # 41 NAME = CGRV_INDEX_DELTAC BLOCK # = 6
 SYM # 42 NAME = CGRV_INPUT_DATAA BLOCK # = 6
 SYM # 43 NAME = CGRV_RM_DATA_BASEE BLOCK # = 6
 SYM # 44 NAME = CGRV_SELECTED_DATAL BLOCK # = 6
 SYM # 45 NAME = CGE_IPB_FLT_FLOATA BLOCK # = 4
 SYM # 46 NAME = CGEB_FLT_LG2_FLAG2_MFET BLOCK # = 4
 SYM # 47 NAME = CGPB_WOWLON_MFEA BLOCK # = 4
 SYM # 48 NAME = DISABNSPLO BLOCK # = 9
1X P L   S Y S T E M   --   I N T E R M E T R I C S                                                                          PAGE  16
-SYM # 49 NAME = DISABPL  BLOCK # = 9
 SYM # 50 NAME = ENABPL  BLOCK # = 9
 SYM # 51 NAME = GDJ_AMI_AVVI_PROC2 BLOCK # = 9
 SYM # 52 NAME = GDJ_CLOSEV BLOCK # = 9
 SYM # 53 NAME = GDJ_PREV_VEH_ACCL2 BLOCK # = 9
 SYM # 54 NAME = GDJ_PREV_VERT_ACCL_ BLOCK # = 9
 SYM # 55 NAME = GDJ_RA  BLOCK # = 9
 SYM # 56 NAME = GDJ_TIME_CTR BLOCK # = 9
 SYM # 57 NAME = GDJ_VEH_ACCL_INCRL BLOCK # = 9
 SYM # 58 NAME = GDJ_VERT_ACCLI BLOCK # = 9
 SYM # 59 NAME = GDJ_VERT_ACCL_INCR_ BLOCK # = 9
 SYM # 60 NAME = INTRPT_PROT_DOI BLOCK # = 9
 SYM # 61 NAME = INTRPT_PROT_ENDN BLOCK # = 9
 SYM # 62 NAME = INTRPT_PROT_NSD BLOCK # = 9
 SYM # 63 NAME = RA_DG  BLOCK # = 9
 SYM # 64 NAME = RALIM  BLOCK # = 9
 SYM # 65 NAME = X  BLOCK # = 9
 SYM # 66 NAME = Y  BLOCK # = 9
 SYM # 67 NAME = Z_IPV_51730_A_DISR BLOCK # = 9
 SYM # 68 NAME = Z_IPV_51730_A_DOS BLOCK # = 9
 SYM # 69 NAME = Z_IPV_51730_A_ENAR BLOCK # = 9
 SYM # 70 NAME = Z_IPV_51730_A_ENDR BLOCK # = 9
 SYM # 71 NAME = Z_IPV_51730_B_DISR BLOCK # = 9
 SYM # 72 NAME = Z_IPV_51730_B_DOS BLOCK # = 9
 SYM # 73 NAME = Z_IPV_51730_B_ENAR BLOCK # = 9
 SYM # 74 NAME = Z_IPV_51730_B_ENDR BLOCK # = 9
 
 --- SDFPKG DESELECT ##GDJAMI ---
 
 --- SDFPKG SELECT ##CDLANN ---
 
 --- SDFPKG MODE 7 TEST ---
 TOTAL # SYMBOLS = 83
 TOTAL # BLOCKS  = 2
 1ST STMT = 2 LAST STMT = 51
 
 --- SDFPKG MODE 9  & 18 TEST ---
 SYM # 1 NAME =  CANV_ANN_MSG_ BLOCK # = 1
 SYM # 2 NAME = CANB_ANN_MSG_BITSR BLOCK # = 1
 SYM # 3 NAME = CANN_COM_ BLOCK # = 1
 SYM # 4 NAME = CANV_ANN_MSG_ BLOCK # = 1
 SYM # 5 NAME = CANV_FILLITEMB BLOCK # = 1
 SYM # 6 NAME =  CDL_AITL BLOCK # = 2
 SYM # 7 NAME =  CDL_FSP_BUFFB BLOCK # = 2
 SYM # 8 NAME =  CDL_LAM_ BLOCK # = 2
 SYM # 9 NAME =  CDLV_ANN_MSG_PTR_TBLET BLOCK # = 2
 SYM # 10 NAME =  CDLV_ANNUN_TIMER BLOCK # = 2
 SYM # 11 NAME =  CDLV_SIZES_ BLOCK # = 2
 SYM # 12 NAME =  CDLVFSP_DIRECTORYT BLOCK # = 2
 SYM # 13 NAME = CDL_AIT  BLOCK # = 2
 SYM # 14 NAME = CDL_ANN_ZERO_LGTHY BLOCK # = 2
 SYM # 15 NAME = CDL_ANNUNE BLOCK # = 2
 SYM # 16 NAME = CDL_ANNUNCIATED_OR_NOTT BLOCK # = 2
 SYM # 17 NAME = CDL_CMD_SEQA BLOCK # = 2
 SYM # 18 NAME = CDL_CONVERSION_BIT_ BLOCK # = 2
 SYM # 19 NAME = CDL_FAULT_MESSAGE_TIMET BLOCK # = 2
 SYM # 20 NAME = CDL_FAULT_SUMMARY_PAGET BLOCK # = 2
1X P L   S Y S T E M   --   I N T E R M E T R I C S                                                                          PAGE  17
-SYM # 21 NAME = CDL_FSP_BUFFM BLOCK # = 2
 SYM # 22 NAME = CDL_FSP_DIRECTORY_ BLOCK # = 2
 SYM # 23 NAME = CDL_FSP_DISPLAY_POSITION  BLOCK # = 2
 SYM # 24 NAME = CDL_ICC_BUF_ANN_LGTHT BLOCK # = 2
 SYM # 25 NAME = CDL_ICC_MSG_HDR_ BLOCK # = 2
 SYM # 26 NAME = CDL_ICC_NULL_MSG_HDRT BLOCK # = 2
 SYM # 27 NAME = CDL_INERLOCK_ BLOCK # = 2
 SYM # 28 NAME = CDL_LAM  BLOCK # = 2
 SYM # 29 NAME = CDL_LAM_ALARMSS BLOCK # = 2
 SYM # 30 NAME = CDL_LAM_ALARMS3G BLOCK # = 2
 SYM # 31 NAME = CDL_LAP_COUNTS BLOCK # = 2
 SYM # 32 NAME = CDL_LAP_DECN BLOCK # = 2
 SYM # 33 NAME = CDL_LAP_EVTN BLOCK # = 2
 SYM # 34 NAME = CDL_LAP_LIMITS BLOCK # = 2
 SYM # 35 NAME = CDL_MSG  BLOCK # = 2
 SYM # 36 NAME = CDL_MSG_BITI BLOCK # = 2
 SYM # 37 NAME = CDL_MSG_CLASSS BLOCK # = 2
 SYM # 38 NAME = CDL_ON_DEMAND_UPDATET BLOCK # = 2
 SYM # 39 NAME = CDL_REQUESTN BLOCK # = 2
 SYM # 40 NAME = CDL_SCAN_COUNTU BLOCK # = 2
 SYM # 41 NAME = CDL_SCAN_DECN BLOCK # = 2
 SYM # 42 NAME = CDL_TONE_INDN BLOCK # = 2
 SYM # 43 NAME = CDLB_COMMON_VALUEA BLOCK # = 2
 SYM # 44 NAME = CDLB_CS_FLAGV BLOCK # = 2
 SYM # 45 NAME = CDLB_DOWNLIST_ALARMST BLOCK # = 2
 SYM # 46 NAME = CDLB_DOWNLIST_TIMEM BLOCK # = 2
 SYM # 47 NAME = CDLB_HEADERS BLOCK # = 2
 SYM # 48 NAME = CDLB_OVERLAY_IN_PROGT BLOCK # = 2
 SYM # 49 NAME = CDLB_RS_CLEANUP_ BLOCK # = 2
 SYM # 50 NAME = CDLB_SM_RECORDER_FLAGI BLOCK # = 2
 SYM # 51 NAME = CDLE_MSG_EVENTE BLOCK # = 2
 SYM # 52 NAME = CDLFAULT_ BLOCK # = 2
 SYM # 53 NAME = CDLK_ACK_ BLOCK # = 2
 SYM # 54 NAME = CDLK_B1  BLOCK # = 2
 SYM # 55 NAME = CDLK_G1  BLOCK # = 2
 SYM # 56 NAME = CDLK_I13_ BLOCK # = 2
 SYM # 57 NAME = CDLK_K1  BLOCK # = 2
 SYM # 58 NAME = CDLK_K2  BLOCK # = 2
 SYM # 59 NAME = CDLK_K3  BLOCK # = 2
 SYM # 60 NAME = CDLK_K4  BLOCK # = 2
 SYM # 61 NAME = CDLK_K5  BLOCK # = 2
 SYM # 62 NAME = CDLK_K6  BLOCK # = 2
 SYM # 63 NAME = CDLK_K7  BLOCK # = 2
 SYM # 64 NAME = CDLK_K8  BLOCK # = 2
 SYM # 65 NAME = CDLK_RESETV BLOCK # = 2
 SYM # 66 NAME = CDLK_R4  BLOCK # = 2
 SYM # 67 NAME = CDLK_T2  BLOCK # = 2
 SYM # 68 NAME = CDLK_Y2  BLOCK # = 2
 SYM # 69 NAME = CDLV_ANN_MSG_PTR_ BLOCK # = 2
 SYM # 70 NAME = CDLV_ANN_MSG_PTR_TBLEI BLOCK # = 2
 SYM # 71 NAME = CDLV_ANNUN_TIMER BLOCK # = 2
 SYM # 72 NAME = CDLV_DISPLAY_TIMET BLOCK # = 2
 SYM # 73 NAME = CDLV_FILLITEMT BLOCK # = 2
 SYM # 74 NAME = CDLV_LOADP_IM BLOCK # = 2
 SYM # 75 NAME = CDLV_NEW_LOADT BLOCK # = 2
 SYM # 76 NAME = CDLV_NO_OF_FMPTSE BLOCK # = 2
 SYM # 77 NAME = CDLV_NO_OF_MAJORST BLOCK # = 2
1X P L   S Y S T E M   --   I N T E R M E T R I C S                                                                          PAGE  18
-SYM # 78 NAME = CDLV_NO_OF_MASK_HWSL BLOCK # = 2
 SYM # 79 NAME = CDLV_NO_OF_MINORSW BLOCK # = 2
 SYM # 80 NAME = CDLV_SIZES_ BLOCK # = 2
 SYM # 81 NAME = CDLV_ULOADP_IN BLOCK # = 2
 SYM # 82 NAME = CDLVFSP_DIRECTORYW BLOCK # = 2
 SYM # 83 NAME = FSPBUFF  BLOCK # = 2
 
 --- SDFPKG DESELECT ##CDLANN ---
 
 --- SDFPKG SELECT ##GDJAMI ---
 
 --- SDFPKG MODE 7 TEST ---
 TOTAL # SYMBOLS = 74
 TOTAL # BLOCKS  = 9
 1ST STMT = 9 LAST STMT = 91
 
 --- SDFPKG MODE 9  & 18 TEST ---
 SYM # 1 NAME = CGE_IPA_MC_16_3R BLOCK # = 3
 SYM # 2 NAME = CGGV_ACC_DRAG_MFEW BLOCK # = 3
 SYM # 3 NAME =  CGBV_HFE_OUTPUT3_4L BLOCK # = 1
 SYM # 4 NAME = CGB_OBF_OUTPUT_BUFFERSO BLOCK # = 1
 SYM # 5 NAME = CGBB_HFE_OUT34_TRAN_STAT  BLOCK # = 1
 SYM # 6 NAME = CGBV_HFE_OUTPUT3_4N BLOCK # = 1
 SYM # 7 NAME = CGBV_OUT34_ADI_CMDN BLOCK # = 1
 SYM # 8 NAME = CGBV_OUT34_AMI_CMDN BLOCK # = 1
 SYM # 9 NAME = CGBV_OUT34_AVVI_CMD_ BLOCK # = 1
 SYM # 10 NAME = CGBV_OUT34_HEL1_STATS BLOCK # = 1
 SYM # 11 NAME = CGBV_OUT34_HSI_CMDA BLOCK # = 1
 SYM # 12 NAME = CGBV_OUT34_HUD_CMD_1S BLOCK # = 1
 SYM # 13 NAME = CGBV_OUT34_HUD_CMD_2S BLOCK # = 1
 SYM # 14 NAME =  CGDV_AMI_AVVI_FMTR2 BLOCK # = 8
 SYM # 15 NAME = CGDB_FMT_INDV BLOCK # = 8
 SYM # 16 NAME = CGDS_RA_CONSTI BLOCK # = 8
 SYM # 17 NAME = CGDV_AMI_AVVI_FMTRR BLOCK # = 8
 SYM # 18 NAME = CGDV_FMT_DATA_ BLOCK # = 8
 SYM # 19 NAME = CGDV_RASRCA BLOCK # = 8
 SYM # 20 NAME = CGZ_FLD_MC_16_3M BLOCK # = 8
 SYM # 21 NAME = CGE_FLT_FLOAT_ BLOCK # = 2
 SYM # 22 NAME = CGEV_MFE_MMODE_CURR BLOCK # = 2
 SYM # 23 NAME = CGG_C13  BLOCK # = 5
 SYM # 24 NAME = CGGV_ACC_VERTE BLOCK # = 5
 SYM # 25 NAME = CGGV_UPP_NEW_DATAR BLOCK # = 5
 SYM # 26 NAME = CGY_FL1_MC16_3A BLOCK # = 7
 SYM # 27 NAME = CGYB_FLAG11 BLOCK # = 7
 SYM # 28 NAME = CGYB_RA_COMM_LOCKR BLOCK # = 7
 SYM # 29 NAME = CGYV_RA_RAWM BLOCK # = 7
 SYM # 30 NAME =  CGRV_DATA_STRUCTURES BLOCK # = 6
 SYM # 31 NAME =  CGRV_RM_DATAR BLOCK # = 6
 SYM # 32 NAME = AA_NORM  BLOCK # = 6
 SYM # 33 NAME = CGR_RM_COMMONR BLOCK # = 6
 SYM # 34 NAME = CGRB_BITEM BLOCK # = 6
 SYM # 35 NAME = CGRB_STATUS_1R BLOCK # = 6
 SYM # 36 NAME = CGRB_STATUS_2R BLOCK # = 6
 SYM # 37 NAME = CGRV_DATA_PTRR BLOCK # = 6
 SYM # 38 NAME = CGRV_FDI_CTRSR BLOCK # = 6
 SYM # 39 NAME = CGRV_FDI_FAIL_CTR_LIMITT BLOCK # = 6
 SYM # 40 NAME = CGRV_FDI_TOLERANCEL BLOCK # = 6
1X P L   S Y S T E M   --   I N T E R M E T R I C S                                                                          PAGE  19
-SYM # 41 NAME = CGRV_INDEX_DELTAC BLOCK # = 6
 SYM # 42 NAME = CGRV_INPUT_DATAA BLOCK # = 6
 SYM # 43 NAME = CGRV_RM_DATA_BASEE BLOCK # = 6
 SYM # 44 NAME = CGRV_SELECTED_DATAL BLOCK # = 6
 SYM # 45 NAME = CGE_IPB_FLT_FLOATA BLOCK # = 4
 SYM # 46 NAME = CGEB_FLT_LG2_FLAG2_MFET BLOCK # = 4
 SYM # 47 NAME = CGPB_WOWLON_MFEA BLOCK # = 4
 SYM # 48 NAME = DISABNSPLO BLOCK # = 9
 SYM # 49 NAME = DISABPL  BLOCK # = 9
 SYM # 50 NAME = ENABPL  BLOCK # = 9
 SYM # 51 NAME = GDJ_AMI_AVVI_PROC2 BLOCK # = 9
 SYM # 52 NAME = GDJ_CLOSEV BLOCK # = 9
 SYM # 53 NAME = GDJ_PREV_VEH_ACCL2 BLOCK # = 9
 SYM # 54 NAME = GDJ_PREV_VERT_ACCL_ BLOCK # = 9
 SYM # 55 NAME = GDJ_RA  BLOCK # = 9
 SYM # 56 NAME = GDJ_TIME_CTR BLOCK # = 9
 SYM # 57 NAME = GDJ_VEH_ACCL_INCRL BLOCK # = 9
 SYM # 58 NAME = GDJ_VERT_ACCLI BLOCK # = 9
 SYM # 59 NAME = GDJ_VERT_ACCL_INCR_ BLOCK # = 9
 SYM # 60 NAME = INTRPT_PROT_DOI BLOCK # = 9
 SYM # 61 NAME = INTRPT_PROT_ENDN BLOCK # = 9
 SYM # 62 NAME = INTRPT_PROT_NSD BLOCK # = 9
 SYM # 63 NAME = RA_DG  BLOCK # = 9
 SYM # 64 NAME = RALIM  BLOCK # = 9
 SYM # 65 NAME = X  BLOCK # = 9
 SYM # 66 NAME = Y  BLOCK # = 9
 SYM # 67 NAME = Z_IPV_51730_A_DISR BLOCK # = 9
 SYM # 68 NAME = Z_IPV_51730_A_DOS BLOCK # = 9
 SYM # 69 NAME = Z_IPV_51730_A_ENAR BLOCK # = 9
 SYM # 70 NAME = Z_IPV_51730_A_ENDR BLOCK # = 9
 SYM # 71 NAME = Z_IPV_51730_B_DISR BLOCK # = 9
 SYM # 72 NAME = Z_IPV_51730_B_DOS BLOCK # = 9
 SYM # 73 NAME = Z_IPV_51730_B_ENAR BLOCK # = 9
 SYM # 74 NAME = Z_IPV_51730_B_ENDR BLOCK # = 9
 
 --- SDFPKG DESELECT ##GDJAMI ---
