1X P L   S Y S T E M   --   I N T E R M E T R I C S                                                                          PAGE   1
-NUM OF PAGES CAN YET BE ADDED = 250
 
 --- SDFPKG SELECT ##CR3079 ---
 
 --- SDFPKG MODE 7 TEST ---
 TOTAL # SYMBOLS = 19
 TOTAL # BLOCKS  = 2
 1ST STMT = 1 LAST STMT = 20
 
 --- SDFPKG MODE 9  & 18 TEST ---
 SYM # 1 NAME =  T  BLOCK # = 1
   LOCATED  T  SYMBNO= 1  OFFSET = 0
   SIZE   = 10
   CLASS  = 4 TYPE = 16
 SYM # 2 NAME = BUFFER  BLOCK # = 1
   LOCATED BUFFER  SYMBNO= 2  OFFSET = 26
   SIZE   = 1680
   CLASS  = 1 TYPE = 6
 SYM # 3 NAME = BUFF2  BLOCK # = 1
   LOCATED BUFF2  SYMBNO= 3  OFFSET = 1706
   SIZE   = 9
   CLASS  = 1 TYPE = 6
      0: 11
      1: 22
      2: 33
      3: 44
      4: 55
      5: 66
      6: 77
      7: 88
      8: 99
 SYM # 4 NAME = C  BLOCK # = 1
   LOCATED C  SYMBNO= 4  OFFSET = 6
   SIZE   = 3
   CLASS  = 4 TYPE = 2
 SYM # 5 NAME = CR3079  BLOCK # = 1
   LOCATED CR3079  SYMBNO= 5  OFFSET = 1
   SIZE   = 262146
   CLASS  = 2 TYPE = 1
 SYM # 6 NAME = I  BLOCK # = 1
   LOCATED I  SYMBNO= 6  OFFSET = 6
   SIZE   = 1
   CLASS  = 1 TYPE = 6
      0: 2
 SYM # 7 NAME = J  BLOCK # = 1
   LOCATED J  SYMBNO= 7  OFFSET = 7
   SIZE   = 1
   CLASS  = 1 TYPE = 6
      0: 3
 SYM # 8 NAME = K  BLOCK # = 1
   LOCATED K  SYMBNO= 8  OFFSET = 8
   SIZE   = 1
   CLASS  = 1 TYPE = 6
      0: 4
 SYM # 9 NAME = L  BLOCK # = 1
   LOCATED L  SYMBNO= 9  OFFSET = 9
   SIZE   = 1
1X P L   S Y S T E M   --   I N T E R M E T R I C S                                                                          PAGE   2
-  CLASS  = 1 TYPE = 6
      0: 5
 SYM # 10 NAME = MT  BLOCK # = 1
   LOCATED MT  SYMBNO= 10  OFFSET = 1716
   SIZE   = 20
   CLASS  = 1 TYPE = 16
      0: 16880
      1: 0
      2: 16880
      3: 0
      4: 16880
      5: 0
      6: 771
      7: 17477
      8: 17920
      9: 12
      10: 16912
      11: 0
      12: 16912
      13: 0
      14: 16912
      15: 0
      16: 771
      17: 18248
      18: 18688
      19: 14
 SYM # 11 NAME = NI  BLOCK # = 1
   LOCATED NI  SYMBNO= 11  OFFSET = 10
   SIZE   = 1
   CLASS  = 1 TYPE = 6
      0: 6
 SYM # 12 NAME = N16  BLOCK # = 1
   LOCATED N16  SYMBNO= 12  OFFSET = 11
   SIZE   = 1
   CLASS  = 1 TYPE = 1
 SYM # 13 NAME = N32  BLOCK # = 1
   LOCATED N32  SYMBNO= 13  OFFSET = 9
   SIZE   = 2
   CLASS  = 4 TYPE = 5
 SYM # 14 NAME = S  BLOCK # = 1
   LOCATED S  SYMBNO= 14  OFFSET = 12
   SIZE   = 2
   CLASS  = 1 TYPE = 5
      0: 16656
      1: 0
 SYM # 15 NAME = ST  BLOCK # = 1
   LOCATED ST  SYMBNO= 15  OFFSET = 16
   SIZE   = 10
   CLASS  = 1 TYPE = 16
      0: 16752
      1: 0
      2: 16768
      3: 0
      4: 16784
      5: 0
      6: 771
      7: 16706
1X P L   S Y S T E M   --   I N T E R M E T R I C S                                                                          PAGE   3
-     8: 17152
      9: 0
 SYM # 16 NAME = S2  BLOCK # = 1
   LOCATED S2  SYMBNO= 16  OFFSET = 14
   SIZE   = 2
   CLASS  = 1 TYPE = 5
      0: 16672
      1: 0
 SYM # 17 NAME = V  BLOCK # = 1
   LOCATED V  SYMBNO= 17  OFFSET = 0
   SIZE   = 6
   CLASS  = 4 TYPE = 4
 SYM # 18 NAME = PROC  BLOCK # = 2
   LOCATED PROC  SYMBNO= 18  OFFSET = 15
   SIZE   = 13107202
   CLASS  = 2 TYPE = 2
 SYM # 19 NAME = PROCVAR  BLOCK # = 2
   LOCATED PROCVAR  SYMBNO= 19  OFFSET = 1738
   SIZE   = 2
   CLASS  = 1 TYPE = 5
      0: 16720
      1: 0
