1X P L   S Y S T E M   --   I N T E R M E T R I C S                                                                          PAGE   1
---- SDFPKG SELECT ##COPY2A ---
 
 --- LOCATE DIRECTORY ROOL CELL ---
 ROOT CELL = 144 -> FLAGS = -11765
 FC_FLAG   IS SET
 ADDR_FLAG IS SET
 SRN_FLAG  IS SET
 SDL_FLAG  IS SET
 TOTAL # INST COUNT = 49
 TOTAL # PROCS      = 1
 TOTAL # SYMBOLS    = 14
 TOTAL # EXEC STMTS = 19
 TOTAL # STMTS      = 999
  
 MODIFIED TOTAL # STMTS = 999
 
 --- LOCATE SYM DATA CELL BY SYMBOL NUMBER ---
 SYM # 1 NAME =  TMPL50A1 SYM_CLASS = 4 SYM_TYPE = 16
 SYM # 2 NAME = A1 SYM_CLASS = 1 SYM_TYPE = 6
 SYM # 3 NAME = BOL1 SYM_CLASS = 1 SYM_TYPE = 1
 SYM # 4 NAME = COPY1A SYM_CLASS = 2 SYM_TYPE = 1
 SYM # 5 NAME = INT1 SYM_CLASS = 1 SYM_TYPE = 6
 SYM # 6 NAME = INT1 SYM_CLASS = 4 SYM_TYPE = 6
 SYM # 7 NAME = NAM_R SYM_CLASS = 1 SYM_TYPE = 16
 SYM # 8 NAME = NAM_STRC1 SYM_CLASS = 1 SYM_TYPE = 16
 SYM # 9 NAME = SCL1 SYM_CLASS = 4 SYM_TYPE = 5
 SYM # 10 NAME = STRC1 SYM_CLASS = 97 SYM_TYPE = 98
 SYM # 11 NAME = STRC1R_REMT SYM_CLASS = 1 SYM_TYPE = 16
 SYM # 12 NAME = STRC13 SYM_CLASS = 1 SYM_TYPE = 16
 SYM # 13 NAME = SUCCESS SYM_CLASS = 1 SYM_TYPE = 1
 SYM # 14 NAME = TCFAIL SYM_CLASS = 2 SYM_TYPE = 9
  
 MODIFIED SYM #10 NAME = STRC1 SYM_CLASS = 97 SYM_TYPE = 98
