1X P L   S Y S T E M   --   I N T E R M E T R I C S                                                                          PAGE   1
---- SDFPKG SELECT ##CASR   ---
 --- SDFPKG MODE 7 TEST ---
 ROOT CELL = 144 -> FLAGS = -1845297151
 TOTAL # SYMBOLS = 17
 TOTAL # BLOCKS  = 1
 1ST STMT = 1 LAST STMT = 34
 
 --- SDFPKG MODE 15 TEST ---
 BLOCK NODE 1 CSECT = $0CASR   PNTR = 372
 
 --- SDFPKG MODE 8 & 11 TEST ---
 BLOCK # 1 NAME = CASR 
   BLOCK CASR  CSECT =$0CASR   PNTR = 92
     CSECT =$0CASR   PNTR = 92
 
 --- SDFPKG MODE 9  & 13 TEST ---
 SYM # 1 NAME = CASR  BLOCK # = 1
   LOCATED CASR  SYMBNO= 1
 SYM # 2 NAME = C20A  BLOCK # = 1
   LOCATED C20A  SYMBNO= 2
 SYM # 3 NAME = C20B  BLOCK # = 1
   LOCATED C20B  SYMBNO= 3
 SYM # 4 NAME = C20C  BLOCK # = 1
   LOCATED C20C  SYMBNO= 4
 SYM # 5 NAME = C20D  BLOCK # = 1
   LOCATED C20D  SYMBNO= 5
 SYM # 6 NAME = C20E  BLOCK # = 1
   LOCATED C20E  SYMBNO= 6
 SYM # 7 NAME = C20F  BLOCK # = 1
   LOCATED C20F  SYMBNO= 7
 SYM # 8 NAME = C25A  BLOCK # = 1
   LOCATED C25A  SYMBNO= 8
 SYM # 9 NAME = C5A  BLOCK # = 1
   LOCATED C5A  SYMBNO= 9
 SYM # 10 NAME = C5B  BLOCK # = 1
   LOCATED C5B  SYMBNO= 10
 SYM # 11 NAME = C5C  BLOCK # = 1
   LOCATED C5C  SYMBNO= 11
 SYM # 12 NAME = C5D  BLOCK # = 1
   LOCATED C5D  SYMBNO= 12
 SYM # 13 NAME = LONG_STRING_A  BLOCK # = 1
   LOCATED LONG_STRING_A  SYMBNO= 13
 SYM # 14 NAME = LONG_STRING_A_RTE  BLOCK # = 1
   LOCATED LONG_STRING_A_RTE  SYMBNO= 14
 SYM # 15 NAME = LONG_STRING_B_ BLOCK # = 1
   LOCATED LONG_STRING_B_ SYMBNO= 15
 SYM # 16 NAME = LONG_STRING_B_RTE  BLOCK # = 1
   LOCATED LONG_STRING_B_RTE  SYMBNO= 16
 SYM # 17 NAME = SC  BLOCK # = 1
   LOCATED SC  SYMBNO= 17
 
 --- SDFPKG MODE 12 TEST ---
 LOCATED SC  SYMBNO= 17 CSECT = $0CASR  
 
 --- SDFPKG MODE 17 TEST ---
 ST#1 SREFNO =        INCLCNT = 0 PNTR = 588
 ST#2 SREFNO =        INCLCNT = 0 PNTR = 600
1X P L   S Y S T E M   --   I N T E R M E T R I C S                                                                          PAGE   2
-ST#3 SREFNO =        INCLCNT = 0 PNTR = 612
 ST#4 SREFNO =        INCLCNT = 0 PNTR = 624
 ST#5 SREFNO =        INCLCNT = 0 PNTR = 636
 ST#6 SREFNO =        INCLCNT = 0 PNTR = 648
 ST#7 SREFNO =        INCLCNT = 0 PNTR = 660
 ST#8 SREFNO =        INCLCNT = 0 PNTR = 672
 ST#9 SREFNO =        INCLCNT = 0 PNTR = 684
 ST#10 SREFNO =        INCLCNT = 0 PNTR = 696
 ST#11 SREFNO =        INCLCNT = 0 PNTR = 708
 ST#12 SREFNO =        INCLCNT = 0 PNTR = 720
 ST#13 SREFNO =        INCLCNT = 0 PNTR = 732
 ST#14 SREFNO =        INCLCNT = 0 PNTR = 744
 ST#15 SREFNO =        INCLCNT = 0 PNTR = 756
 ST#16 SREFNO =        INCLCNT = 0 PNTR = 768
 ST#17 SREFNO =        INCLCNT = 0 PNTR = 780
 ST#18 SREFNO =        INCLCNT = 0 PNTR = 792
 ST#19 SREFNO =        INCLCNT = 0 PNTR = 804
 ST#20 SREFNO =        INCLCNT = 0 PNTR = 816
 ST#21 SREFNO =        INCLCNT = 0 PNTR = 828
 ST#22 SREFNO =        INCLCNT = 0 PNTR = 840
 ST#23 SREFNO =        INCLCNT = 0 PNTR = 852
 ST#24 SREFNO =        INCLCNT = 0 PNTR = 864
 ST#25 SREFNO =        INCLCNT = 0 PNTR = 876
 ST#26 SREFNO =        INCLCNT = 0 PNTR = 888
 ST#27 SREFNO =        INCLCNT = 0 PNTR = 900
 ST#28 SREFNO =        INCLCNT = 0 PNTR = 912
 ST#29 SREFNO =        INCLCNT = 0 PNTR = 924
 ST#30 SREFNO =        INCLCNT = 0 PNTR = 936
 ST#31 SREFNO =        INCLCNT = 0 PNTR = 948
 ST#32 SREFNO =        INCLCNT = 0 PNTR = 960
 ST#33 SREFNO =        INCLCNT = 0 PNTR = 972
 ST#34 SREFNO =        INCLCNT = 0 PNTR = 984
 
 --- SDFPKG MODE 10 TEST ---
 ST# 1 BLKNO = 1 TYPE = 22 RETURN = 0
 ST# 2 BLKNO = 1 TYPE = 25 RETURN = 24
 ST# 3 BLKNO = 1 TYPE = 21 RETURN = 24
 ST# 4 BLKNO = 1 TYPE = 21 RETURN = 24
 ST# 5 BLKNO = 1 TYPE = 21 RETURN = 24
 ST# 6 BLKNO = 1 TYPE = 21 RETURN = 24
 ST# 7 BLKNO = 1 TYPE = 8196 RETURN = 0
 ST# 8 BLKNO = 1 TYPE = 8196 RETURN = 0
 ST# 9 BLKNO = 1 TYPE = 8196 RETURN = 0
 ST# 10 BLKNO = 1 TYPE = 8196 RETURN = 0
 ST# 11 BLKNO = 1 TYPE = 8196 RETURN = 0
 ST# 12 BLKNO = 1 TYPE = 8196 RETURN = 0
 ST# 13 BLKNO = 1 TYPE = 8196 RETURN = 0
 ST# 14 BLKNO = 1 TYPE = 8196 RETURN = 0
 ST# 15 BLKNO = 1 TYPE = 4099 RETURN = 0
 ST# 16 BLKNO = 1 TYPE = 4099 RETURN = 0
 ST# 17 BLKNO = 1 TYPE = 4099 RETURN = 0
 ST# 18 BLKNO = 1 TYPE = 4099 RETURN = 0
 ST# 19 BLKNO = 1 TYPE = 4099 RETURN = 0
 ST# 20 BLKNO = 1 TYPE = 4099 RETURN = 0
 ST# 21 BLKNO = 1 TYPE = 4099 RETURN = 0
 ST# 22 BLKNO = 1 TYPE = 4099 RETURN = 0
 ST# 23 BLKNO = 1 TYPE = 4099 RETURN = 0
1X P L   S Y S T E M   --   I N T E R M E T R I C S                                                                          PAGE   3
-ST# 24 BLKNO = 1 TYPE = 4099 RETURN = 0
 ST# 25 BLKNO = 1 TYPE = 4099 RETURN = 0
 ST# 26 BLKNO = 1 TYPE = 4099 RETURN = 0
 ST# 27 BLKNO = 1 TYPE = 4099 RETURN = 0
 ST# 28 BLKNO = 1 TYPE = 4099 RETURN = 0
 ST# 29 BLKNO = 1 TYPE = 4099 RETURN = 0
 ST# 30 BLKNO = 1 TYPE = 4099 RETURN = 0
 ST# 31 BLKNO = 1 TYPE = 4099 RETURN = 0
 ST# 32 BLKNO = 1 TYPE = 4099 RETURN = 0
 ST# 33 BLKNO = 1 TYPE = 12291 RETURN = 0
 ST# 34 BLKNO = 1 TYPE = 6 RETURN = 0
