S D F L I S T   REL32V0                T I T A N  S Y S T E M S  C O R P .                AUGUST 3, 2026   11:48:52.79     PAGE 1


SDFLIST -- VERSION OF AUGUST 3, 2026. CLOCK TIME = 11:48:9.00


TODAY IS AUGUST 3, 2026. CLOCK TIME = 11:48:52.79
 
PARM FIELD: BRIEF


##ARYMFB
          FLAGS:                        SRN,FC,NON_UNIQUE_SRNS,DATA_REMOTE
          DATE/TIME:                    AUGUST 3, 2026. CLOCK TIME = 5:17:38.40
          SDF VERSION #:                35
          SYMBOLS     405/200
          MACROSIZE   2356/500
          LITSTRINGS  0/3000
          XREFSIZE    542/2000
          CARDTYPE:   FCRMUDXCVMWC
------------------------------------------------------------------------------------------------------------------------------------------------------
S D F L I S T   REL32V0                T I T A N  S Y S T E M S  C O R P .                AUGUST 3, 2026   11:48:52.79     PAGE 2


END OF SDFLIST AUGUST 3, 2026. CLOCK TIME = 11:48:52.79
 
NUMBER OF SDFPKG LOCATES          = 6
NUMBER OF SDFPKG READS            = 1
NUMBER OF SDFPKG SELECTS          = 2
NUMBER OF SDFPKG GETMAINS         = 0
SDFPKG FCB AREA SIZE (BYTES)      = 2048
SDFPKG PAGING AREA SIZE (PAGES)   = 5
 
NUMBER OF MINOR COMPACTIFIES      = 0
NUMBER OF MAJOR COMPACTIFIES      = 0
NUMBER OF REALLOCATIONS           = 0
 
TOTAL CPU TIME IN SDFLIST              0:0:0.00
 