S D F L I S T   REL32V0                T I T A N  S Y S T E M S  C O R P .                AUGUST 3, 2026   11:48:52.67     PAGE 1


SDFLIST -- VERSION OF AUGUST 3, 2026. CLOCK TIME = 11:48:9.00


TODAY IS AUGUST 3, 2026. CLOCK TIME = 11:48:52.67
 
PARM FIELD: TABDMP


------------------------------------------------------------------------------------------------------------------------------------------------------
S D F L I S T   REL32V0                T I T A N  S Y S T E M S  C O R P .                AUGUST 3, 2026   11:48:52.67     PAGE 2


 DEC   HEX  -HEX    PTR      BLOCK NAME                      PTR    BLK#    SYMBOL NAME                    PTR      SRN   COUNT
 
   1  0001  FFFF  000001F8  ARY_MF_BUS_CHG                0000021C  0002   CZ2V_GST                                           
   2  0002  FFFE  00000204  CZ2_COMMON                    00000228  0002  CZ2_COMMON                                          
   3  0003  FFFD  00000210  FCMCOM                        00000234  0002  CZ2B_ACT_RECVR                000004F8  000600     0
   4  0004  FFFC                                          00000240  0002  CZ2B_ACT_XMITR1               00000504  000700     0
   5  0005  FFFB                                          0000024C  0002  CZ2B_ACT_XMITR2               00000510  000800     0
   6  0006  FFFA                                          00000258  0002  CZ2B_BUS_MASK1                0000051C  000900     0
   7  0007  FFF9                                          00000264  0002  CZ2B_BUS_MASK2                00000528  001500     3
   8  0008  FFF8                                          00000270  0002  CZ2B_CS                       00000534  001500     4
   9  0009  FFF7                                          0000027C  0002  CZ2B_OFF_MASK                 00000540  001500     5
  10  000A  FFF6                                          00000288  0002  CZ2B_PASS_BUS_MASKS           0000054C  001500     6
  11  000B  FFF5                                          00000294  0002  CZ2B_RS                       00000558  001500     8
  12  000C  FFF4                                          000002A0  0002  CZ2V_BUS_MGMT_MC              00000564  001500    12
  13  000D  FFF3                                          000002AC  0002  CZ2V_CURRENT_OPS              00000570  001900     0
  14  000E  FFF2                                          000002B8  0002  CZ2V_GPC_CRT_CMDR             0000057C  002000     0
  15  000F  FFF1                                          000002C4  0002  CZ2V_GST                      00000588  002100     0
  16  0010  FFF0                                          000002D0  0002  CZ2V_MC                       00000594  002200     0
  17  0011  FFEF                                          000002DC  0002  CZ2V_MF_OVLY                  000005A0  002300     0
  18  0012  FFEE                                          000002E8  0002  CZ2V_NBR_GPCS                 000005AC  002400     0
  19  0013  FFED                                          000002F4  0002  CZ2V_NOM_BUS                  000005B8  002500     0
  20  0014  FFEC                                          00000300  0002  CZ2V_PROG_OVLY                000005C4  002600     0
  21  0015  FFEB                                          0000030C  0002  CZ2V_TB_ID                    000005D0  002700     0
  22  0016  FFEA                                          00000318  0002  RESET_BIT_16                  000005DC  002800     0
  23  0017  FFE9                                          00000324  0003  FCMCOM                        000005E8  002900     0
  24  0018  FFE8                                          00000330  0003  TFCM_CS_MASK                  000005F4  003000     0
  25  0019  FFE7                                          0000033C  0003  TFCM_MY_GPC_MASK              00000600  003100     0
  26  001A  FFE6                                          00000348  0003  TFCMID                        0000060C  003200     0
  27  001B  FFE5                                          00000354  0001  ARY_CLOSE                     00000618  003210     0
  28  001C  FFE4                                          00000360  0001  ARY_MF_BUS_CHG                00000624  003900     0
  29  001D  FFE3                                          0000036C  0001  ARYVL_CRT                     00000630  004000     0
  30  001E  FFE2                                          00000378  0001  ARYVL_CS_ALL                  0000063C  004200     0
  31  001F  FFE1                                          00000384  0001  ARYVL_DEU_NBAT                00000648  004200     0
  32  0020  FFE0                                          00000390  0001  ARYVL_GPC_CRT_CMDR            00000654  004200     0
  33  0021  FFDF                                          0000039C  0001  ARYVL_GPC_MC                  00000660  004300     0
  34  0022  FFDE                                          000003A8  0001  ARYVL_GPC_MF                  0000066C  004400     0
  35  0023  FFDD                                          000003B4  0001  ARYVL_MC_SELF                 00000678  004500     0
  36  0024  FFDC                                          000003C0  0001  ARYVL_MF                      00000684  004600     0
  37  0025  FFDB                                          000003CC  0001  ARYVL_MF_SELF                 00010000  004700     0
  38  0026  FFDA                                          000003D8  0001  ARYVL_NEW_CMDR                0001000C  004700     0
  39  0027  FFD9                                          000003E4  0001  ARYVL_RS_ALL                  00010018  004800     0
  40  0028  FFD8                                          000003F0  0001  ARYVL_RS_SELF                 00010024  005000     0
  41  0029  FFD7                                          000003FC  0001  ARYVL_SIMPLEX_CMDR            00010030  005100     0
  42  002A  FFD6                                          00000408  0001  ARYVL_TEMP_MC                 0001003C  005200     0
  43  002B  FFD5                                          00000414  0001  ARYVL_TEMP_MF                 00010048  005200     0
  44  002C  FFD4                                          00000420  0001  DISABNSPL                     00010054  005300     0
  45  002D  FFD3                                          0000042C  0001  DISABPL                       00010060  005400     0
  46  002E  FFD2                                          00000438  0001  ENABPL                        0001006C  005500     0
  47  002F  FFD1                                          00000444  0001  GPC                           00010078  005600     0
  48  0030  FFD0                                          00000450  0001  GPC                           00010084  005700     0
  49  0031  FFCF                                          0000045C  0001  GPC                           00010090  005800     0
  50  0032  FFCE                                          00000468  0001  GPC                           0001009C  005900     0
  51  0033  FFCD                                          00000474  0001  INPUT_CRT                     000100A8  006010     0
  52  0034  FFCC                                          00000480  0001  INPUT_MF                      000100B4  006100     0
  53  0035  FFCB                                          0000048C  0001  INTRPT_PROT_DO                000100C0  006100     0
  54  0036  FFCA                                          00000498  0001  INTRPT_PROT_END               000100CC  006100     0

------------------------------------------------------------------------------------------------------------------------------------------------------
S D F L I S T   REL32V0                T I T A N  S Y S T E M S  C O R P .                AUGUST 3, 2026   11:48:52.67     PAGE 3
 DEC   HEX  -HEX    PTR      BLOCK NAME                      PTR    BLK#    SYMBOL NAME                    PTR      SRN   COUNT

  55  0037  FFC9                                          000004A4  0001  INTRPT_PROT_NS                000100D8  006200     0
  56  0038  FFC8                                          000004B0  0001  MF                            000100E4  006300     0
  57  0039  FFC7                                          000004BC  0001  OUTPUT_NEW_CMDR               000100F0  006400     0
  58  003A  FFC6                                          000004C8  0001  Z_PROT_GROUP_1_DIS            000100FC  006400     0
  59  003B  FFC5                                          000004D4  0001  Z_PROT_GROUP_1_DO             00010108  006700     0
  60  003C  FFC4                                          000004E0  0001  Z_PROT_GROUP_1_ENA            00010114  006800     0
  61  003D  FFC3                                          000004EC  0001  Z_PROT_GROUP_1_END            00010120  006900     0
  62  003E  FFC2                                                                                        0001012C  006900     0
  63  003F  FFC1                                                                                        00010138  007000     0
  64  0040  FFC0                                                                                        00010144  007100     0
  65  0041  FFBF                                                                                        00010150  007200     0
  66  0042  FFBE                                                                                        0001015C  007300     0
  67  0043  FFBD                                                                                        00010168  007400     0
  68  0044  FFBC                                                                                        00010174  007500     0
  69  0045  FFBB                                                                                        00010180  007900     0
  70  0046  FFBA                                                                                        0001018C  008000     0
  71  0047  FFB9                                                                                        00010198  009700     0
  72  0048  FFB8                                                                                        000101A4  009800     0
  73  0049  FFB7                                                                                        000101B0  009910     0
  74  004A  FFB6                                                                                        000101BC  009920     0
  75  004B  FFB5                                                                                        000101C8  009920     0
  76  004C  FFB4                                                                                        000101D4  010000     0
  77  004D  FFB3                                                                                        000101E0  010100     0
  78  004E  FFB2                                                                                        000101EC  010100     0
  79  004F  FFB1                                                                                        000101F8  010300     0
  80  0050  FFB0                                                                                        00010204  010400     0
  81  0051  FFAF                                                                                        00010210  010600     0
  82  0052  FFAE                                                                                        0001021C  010600     0
  83  0053  FFAD                                                                                        00010228  010700     0
  84  0054  FFAC                                                                                        00010234  010800     0
  85  0055  FFAB                                                                                        00010240  010810     0
  86  0056  FFAA                                                                                        0001024C  010900     0
  87  0057  FFA9                                                                                        00010258  011000     0
  88  0058  FFA8                                                                                        00010264  011300     0
  89  0059  FFA7                                                                                        00010270  011400     0
  90  005A  FFA6                                                                                        0001027C  011600     0
  91  005B  FFA5                                                                                        00010288  011600     0
  92  005C  FFA4                                                                                        00010294  011800     0
  93  005D  FFA3                                                                                        000102A0  011800     0
  94  005E  FFA2                                                                                        000102AC  012000     0
  95  005F  FFA1                                                                                        000102B8  012100     0
  96  0060  FFA0                                                                                        000102C4  012300     0
  97  0061  FF9F                                                                                        000102D0  012400     0
  98  0062  FF9E                                                                                        000102DC  012500     0
  99  0063  FF9D                                                                                        000102E8  012700     0
 100  0064  FF9C                                                                                        000102F4  012700     0
 101  0065  FF9B                                                                                        00010300  013100     0
 102  0066  FF9A                                                                                        0001030C  013200     0
 103  0067  FF99                                                                                        00010318  013300     0
 104  0068  FF98                                                                                        00010324  013400     0
 105  0069  FF97                                                                                        00010330  013500     0
 106  006A  FF96                                                                                        0001033C  013900     0
 107  006B  FF95                                                                                        00010348  014000     0
 108  006C  FF94                                                                                        00010354  014200     0
------------------------------------------------------------------------------------------------------------------------------------------------------
S D F L I S T   REL32V0                T I T A N  S Y S T E M S  C O R P .                AUGUST 3, 2026   11:48:52.67     PAGE 4
                                                    HEX DUMP OF SDF ##ARYMFB


PAGE 000     ..00     ..04     ..08        ..0C     ..10     ..14        ..18     ..1C     ..20        ..24     ..28     ..2C
 
    0000   00230000 00000010 00000110    000001EC 00000028 000001EC    00000000 00000000 00000000    00000000 00000000 00000000 
    0030   00000000 00000000 00000000    00020000 04F80684 F0F0F0F6    F0F00000 F0F0F4F6 F0F00000    00000354 F0F0F4F7 F0F00000 
    0060   F0F1F4F2 F0F00000 00000000    00000000 00000000 00000000    00000000 00170000 18010003    00020400 0017001A 00000000 
    0090   00000000 06C6C3D4 C3D6D400    00000068 00000000 00000000    00000000 00000000 00020000    18010002 00010400 00010016 
    00C0   00000000 00000000 0AC3E9F2    6DC3D6D4 D4D6D500 0000009C    00000000 00000000 00000000    00000000 001C0000 00010001 
    00F0   00000200 001B003D 0003006C    001C0030 0EC1D9E8 6DD4C66D    C2E4E26D C3C8C700 92070006    0001ED07 001D14B0 00000002 
    0120   0003003D 000001F8 000000DC    001C001B 001C0000 0000021C    0000002D 000000D4 000000D4    0003006C 0052006A 000004F8 
    0150   00010648 00000038 F0F0F0F6    F0F00000 F0F1F4F2 F0F00000    00010000 00000000 00000000    00000000 00000195 00000934 
    0180   00000000 05D40039 0000021E    000000C8 000001F4 00000BB8    000007D0 D9C5D3F3 F2E5F040    40404040 000001DC 00060000 
    01B0   0000002D 00000000 00000005    00000000 00000000 FFFFFFFF    00000000 00000000 00000000    00000000 00000000 0CC6C3D9 
    01E0   D4E4C4E7 C3E5D4E6 C3000000    00000000 00050000 00000000    7BC3C1D9 E8D4C6C2 000000D4    7BD7C3E9 F2C3D6D4 0000009C 
    0210   7BD7C6C3 D4C3D6D4 00000068    40C3E9F2 E56DC7E2 000200DC    C3E9F26D C3D6D4D4 000200B8    C3E9F2C2 6DC1C3E3 00020090 
    0240   C3E9F2C2 6DC1C3E3 00020064    C3E9F2C2 6DC1C3E3 00020038    C3E9F2C2 6DC2E4E2 00020010    C3E9F2C2 6DC2E4E2 0003066C 
    0270   C3E9F2C2 6DC3E240 00030648    C3E9F2C2 6DD6C6C6 00030614    C3E9F2C2 6DD7C1E2 000305E4    C3E9F2C2 6DD9E240 000305B8 
    02A0   C3E9F2E5 6DC2E4E2 00030580    C3E9F2E5 6DC3E4D9 0003054C    C3E9F2E5 6DC7D7C3 00030514    C3E9F2E5 6DC7E2E3 000304E4 
    02D0   C3E9F2E5 6DD4C340 000304C0    C3E9F2E5 6DD4C66D 00030498    C3E9F2E5 6DD5C2D9 00030468    C3E9F2E5 6DD5D6D4 00030430 
    0300   C3E9F2E5 6DD7D9D6 00030408    C3E9F2E5 6DE3C26D 000303E4    D9C5E2C5 E36DC2C9 000303BC    C6C3D4C3 D6D44040 00030360 
    0330   E3C6C3D4 6DC3E26D 00030338    E3C6C3D4 6DD4E86D 0003030C    E3C6C3D4 C9C44040 000302E4    C1D9E86D C3D3D6E2 00010628 
    0360   C1D9E86D D4C66DC2 000105F8    C1D9E8E5 D36DC3D9 000105B8    C1D9E8E5 D36DC3E2 00010584    C1D9E8E5 D36DC4C5 00010544 
    0390   C1D9E8E5 D36DC7D7 0001050C    C1D9E8E5 D36DC7D7 000104CC    C1D9E8E5 D36DC7D7 0001048C    C1D9E8E5 D36DD4C3 00010454 
    03C0   C1D9E8E5 D36DD4C6 00010424    C1D9E8E5 D36DD4C6 000103EC    C1D9E8E5 D36DD5C5 0001039C    C1D9E8E5 D36DD9E2 0002065C 
    03F0   C1D9E8E5 D36DD9E2 00020620    C1D9E8E5 D36DE2C9 000205E4    C1D9E8E5 D36DE3C5 000205A8    C1D9E8E5 D36DE3C5 00020570 
    0420   C4C9E2C1 C2D5E2D7 0001036C    C4C9E2C1 C2D7D340 00020544    C5D5C1C2 D7D34040 00020518    C7D7C340 40404040 000204E0 
    0450   C7D7C340 40404040 000204AC    C7D7C340 40404040 0002047C    C7D7C340 40404040 00020444    C9D5D7E4 E36DC3D9 00020414 
    0480   C9D5D7E4 E36DD4C6 000203E4    C9D5E3D9 D7E36DD7 000203B0    C9D5E3D9 D7E36DD7 00020324    C9D5E3D9 D7E36DD7 00020288 
    04B0   D4C64040 40404040 00020210    D6E4E3D7 E4E36DD5 000201D8    E96DD7D9 D6E36DC7 000201A4    E96DD7D9 D6E36DC7 00020170 
    04E0   E96DD7D9 D6E36DC7 0002013C    E96DD7D9 D6E36DC7 00020108    F0F0F0F6 F0F00000 000302D8    F0F0F0F7 F0F00000 FFFCFD38 
    0510   F0F0F0F8 F0F00000 FFFCFD40    F0F0F0F9 F0F00000 FFFCFD48    F0F0F1F5 F0F00003 FFFCFD5C    F0F0F1F5 F0F00004 FFFCFD70 
    0540   F0F0F1F5 F0F00005 FFFCFD84    F0F0F1F5 F0F00006 FFFCFD98    F0F0F1F5 F0F00008 FFFCFDAC    F0F0F1F5 F0F0000C FFFCFDC0 
    0570   F0F0F1F9 F0F00000 FFFCFDC8    F0F0F2F0 F0F00000 FFFCFDD0    F0F0F2F1 F0F00000 FFFCFDD8    F0F0F2F2 F0F00000 FFFCFDE0 
    05A0   F0F0F2F3 F0F00000 FFFCFDE8    F0F0F2F4 F0F00000 FFFCFDF0    F0F0F2F5 F0F00000 FFFCFDF8    F0F0F2F6 F0F00000 FFFCFE00 
    05D0   F0F0F2F7 F0F00000 FFFCFE08    F0F0F2F8 F0F00000 FFFCFE10    F0F0F2F9 F0F00000 FFFCFE18    F0F0F3F0 F0F00000 FFFCFE20 
    0600   F0F0F3F1 F0F00000 FFFCFE28    F0F0F3F2 F0F00000 FFFCFE30    F0F0F3F2 F1F00000 FFFCFE38    F0F0F3F9 F0F00000 000301C0 
    0630   F0F0F4F0 F0F00000 000301A4    F0F0F4F2 F0F00000 00030188    F0F0F4F2 F0F00000 00030178    F0F0F4F2 F0F00000 00030168 
    0660   F0F0F4F3 F0F00000 00030158    F0F0F4F4 F0F00000 0003013C    F0F0F4F5 F0F00000 0003012C    F0F0F4F6 F0F00000 00030118 
 
 
------------------------------------------------------------------------------------------------------------------------------------------------------
S D F L I S T   REL32V0                T I T A N  S Y S T E M S  C O R P .                AUGUST 3, 2026   11:48:52.67     PAGE 5
                                                    HEX DUMP OF SDF ##ARYMFB


PAGE 001     ..00     ..04     ..08        ..0C     ..10     ..14        ..18     ..1C     ..20        ..24     ..28     ..2C
 
    0000   F0F0F4F7 F0F00000 00030108    F0F0F4F7 F0F00000 000300D8    F0F0F4F8 F0F00000 000300C8    F0F0F5F0 F0F00000 00030090 
    0030   F0F0F5F1 F0F00000 00030074    F0F0F5F2 F0F00000 00030040    F0F0F5F2 F0F00000 00030024    F0F0F5F3 F0F00000 00030008 
    0060   F0F0F5F4 F0F00000 00040688    F0F0F5F5 F0F00000 00040678    F0F0F5F6 F0F00000 0004063C    F0F0F5F7 F0F00000 00040600 
    0090   F0F0F5F8 F0F00000 000405F0    F0F0F5F9 F0F00000 000405BC    F0F0F6F0 F1F00000 00040570    F0F0F6F1 F0F00000 00040540 
    00C0   F0F0F6F1 F0F00000 00040530    F0F0F6F1 F0F00000 00040520    F0F0F6F2 F0F00000 00040510    F0F0F6F3 F0F00000 000404E0 
    00F0   F0F0F6F4 F0F00000 000404B0    F0F0F6F4 F0F00000 00040494    F0F0F6F7 F0F00000 00040484    F0F0F6F8 F0F00000 00040468 
    0120   F0F0F6F9 F0F00000 00040458    F0F0F6F9 F0F00000 00040428    F0F0F7F0 F0F00000 00040418    F0F0F7F1 F0F00000 000403DC 
    0150   F0F0F7F2 F0F00000 000403A0    F0F0F7F3 F0F00000 00040390    F0F0F7F4 F0F00000 00040380    F0F0F7F5 F0F00000 00040370 
    0180   F0F0F7F9 F0F00000 00040360    F0F0F8F0 F0F00000 00040328    F0F0F9F7 F0F00000 00040318    F0F0F9F8 F0F00000 000402F8 
    01B0   F0F0F9F9 F1F00000 000402E8    F0F0F9F9 F2F00000 000402CC    F0F0F9F9 F2F00000 0004029C    F0F1F0F0 F0F00000 0004028C 
    01E0   F0F1F0F1 F0F00000 0004025C    F0F1F0F1 F0F00000 0004022C    F0F1F0F3 F0F00000 0004021C    F0F1F0F4 F0F00000 0004020C 
    0210   F0F1F0F6 F0F00000 000401F0    F0F1F0F6 F0F00000 000401C0    F0F1F0F7 F0F00000 000401A4    F0F1F0F8 F0F00000 00040194 
    0240   F0F1F0F8 F1F00000 00040184    F0F1F0F9 F0F00000 00040174    F0F1F1F0 F0F00000 00040164    F0F1F1F3 F0F00000 00040150 
    0270   F0F1F1F4 F0F00000 00040140    F0F1F1F6 F0F00000 00040124    F0F1F1F6 F0F00000 000400F0    F0F1F1F8 F0F00000 000400E0 
    02A0   F0F1F1F8 F0F00000 000400B0    F0F1F2F0 F0F00000 000400A0    F0F1F2F1 F0F00000 0004005C    F0F1F2F3 F0F00000 0004002C 
    02D0   F0F1F2F4 F0F00000 00040010    F0F1F2F5 F0F00000 00050688    F0F1F2F7 F0F00000 00050678    F0F1F2F7 F0F00000 00050664 
    0300   F0F1F3F1 F0F00000 00050648    F0F1F3F2 F0F00000 00050638    F0F1F3F3 F0F00000 00050628    F0F1F3F4 F0F00000 00050618 
    0330   F0F1F3F5 F0F00000 000505FC    F0F1F3F9 F0F00000 000505E0    F0F1F4F0 F0F00000 000505D0    F0F1F4F2 F0F00000 000505B4 
    0360   00000037 00000000 002D0023    0001001C 00000106 00004000    0900000C 00000000 00000001    D3000006 00010009 00000000 
    0390   00000029 00000000 00270029    00010020 00000106 00004000    0E000011 00000000 00000001    E66DC3D4 C4D90011 00100011 
    03C0   8049204A 804C204D 804F4050    80528058 4059805E 205F8060    40688069 406B0000 00000024    00000000 00260024 00010020 
    03F0   00000106 00004000 0D00000E    00000000 00000001 6DE2C5D3    C600000E 0004000E 80384040    40470000 0000001D 00000000 
    0420   0025001D 0001001A 00000106    00004000 0800000F 00000000    00000001 000F0004 000F801D    4047405A 00000025 00000000 
    0450   00240025 00010020 00000106    00004000 0D00000D 00000000    00000001 6DE2C5D3 C600000D    0004000D 8037403F 204C0000 
    0480   0000001F 00000000 0023001F    00011C26 20000106 0000C000    0C00001E 00000000 00000005    C36DD4C6 00000001 00010005 
    04B0   00160005 0016802F 40388040    405A0000 00000022 00000000    00220022 00011C26 20000106    0000C000 0C000019 00000000 
    04E0   00000005 C36DD4C3 00000001    00010005 00150005 0015802E    4037803F 205E0000 0000003A    00000000 00210021 00010024 
    0510   00000106 00004000 12000018    00000000 00000001 C36DC3D9    E36DC3D4 C4D9001B 0003001B    80334049 0000001E 00000000 
    0540   00200000 0001202A 24000106    0000C000 0E000023 00000000    0000000A E46DD5C2 C1E30000    00000001 0001000A 00170004 
    0570   00178032 404C405E 00000027    00000000 001F0027 0001001E    00000101 00004000 0C000015    00000010 00000001 6DC1D3D3 
    05A0   00180003 00188021 40250000    00000026 00000000 001E0026    0001001C 00000106 00004000    09000010 00000000 00000001 
    05D0   E3000010 00040010 801C2032    20330000 000A0302 00330034    00390000 00000033 000105E0    001D002D 00010020 00000202 
    0600   00000204 0E000003 00000000    00080002 E4E26DC3 C8C70000    00010003 00000000 00000000    001C0000 0001001C 00000207 
    0630   00000000 0900006C 00000000    00000000 C5000025 0001006C    00010660 7B7BC3E9 F2C3D6D4    F0F00000 8201F0F0 F0F4F0F0 
    0660   00010678 7B7BC6C3 D4C3D6D4    F0F00000 8201F0F0 F0F5F0F0    00000000 D7D9D6E3 D4C1C3E2    F0F00000 1001F0F0 F1F5F0F0 
 
 
------------------------------------------------------------------------------------------------------------------------------------------------------
S D F L I S T   REL32V0                T I T A N  S Y S T E M S  C O R P .                AUGUST 3, 2026   11:48:52.67     PAGE 6
                                                    HEX DUMP OF SDF ##ARYMFB


PAGE 002     ..00     ..04     ..08        ..0C     ..10     ..14        ..18     ..1C     ..20        ..24     ..28     ..2C
 
    0000   0003045C FFFF0000 00000000    00000007 00020000 001E0401    81002800 0E000004 00010010    00000001 6DD4C1E2 D2F1000F 
    0030   00000007 00000003 00020000    00200401 81002800 0F000001    00010010 00000001 6DE7D4C9    E3D9F200 000F0000 00030000 
    0060   00000005 00020000 00200401    81002800 0F000000 00010010    00000001 6DE7D4C9 E3D9F100    000F0000 00050000 00000006 
    0090   00020000 001E0409 81002800    0E000002 00010020 00000002    6DD9C5C3 E5D9000F 00000006    00000000 0002001C 00000204 
    00C0   80002800 0A000000 00010000    00000000 D6D50000 00010001    00000004 00020000 001A0410    83002800 09000000 00010000 
    00F0   00000014 E300000F 00040000    00000030 00000000 00000000    00010024 00000207 00000000    12000035 00000000 00000000 
    0120   D9D6E4D7 6DF16DC5 D5C40021    00010035 0000003D 00000000    003D0000 00010024 00000207    00000000 12000034 00000000 
    0150   00000000 D9D6E4D7 6DF16DC5    D5C10020 00010034 0000002F    00000000 003C0000 00010024    00000207 00000000 11000020 
    0180   00000000 00000000 D9D6E4D7    6DF16DC4 D600001D 00010020    0000003B 00000000 003B0000    00010024 00000207 00000000 
    01B0   1200001E 00000000 00000000    D9D6E4D7 6DF16DC4 C9E2001C    0001001E 0000002D 00000000    003A0031 00010022 00000106 
    01E0   20080400 0F000010 00000000    00000001 C5E66DC3 D4C4D900    00030003 00030006 806B0000    0000003C 00000000 00390000 
    0210   0001001A 00000106 10000400    02000016 00000000 00000001    001F0004 00288028 2029402B    00000000 00296CE2 E5C34DC4 
    0240   C9E2C1C2 D5E2D7D3 5D5E40C8    C1D36DE2 E3D4E3E2 406CE2E5    C3EE034D C5D5C1C2 D7D35D00    00020234 FFFE0000 0800000C 
    0270   C8C1D36D E2E3D4E3 E2000000    00000035 00000000 00380000    00010020 00000209 00000008    0E000029 00000000 00020264 
    02A0   D9D6E36D D5E20007 0001000A    00000000 004BE96D 4AC9D5E3    6DD3C1C2 C5D34A6D C5D5C17A    406CE2E5 C34DC5D5 C1C2D7D3 
    02D0   5D5EEE26 E96D4AC9 D5E36DD3    C1C2C5D3 4A6DC5D5 C47A40C5    D5C440E9 6D4AC9D5 E36DD3C1    C2C5D34A 6DC4C9E2 5E000000 
    0300   000202AC FFFE0000 0800000C    C9D5E36D D3C1C2C5 D3000000    00000023 00000000 00370000    00010022 00000209 00000008 
    0330   0F00004B 00000000 00020300    D9D6E36D C5D5C400 000B0002    000C4034 00000000 003AE96D    4AC9D5E3 6DD3C1C2 C5D34A6D 
    0360   C4C9E27A 40C4D65E EE316CE2    E5C34DC4 C9E2C1C2 D7D35D5E    EE37E96D 4AC9D5E3 6DD3C1C2    C5D34A6D C4D67A40 0002034C 
    0390   FFFE0000 0800000C C9D5E36D    D3C1C2C5 D3000000 00000036    00000000 00360000 00010020    00000209 00000008 0E00003A 
    03C0   00000000 0002038C D9D6E36D    C4D60009 0002000B 401E0000    00000039 00000000 00350039    0001001A 00000106 40000400 
    03F0   0800000E 00000000 00000001    00020003 00030005 401D0000    00000034 00000000 00340034    0001001C 00000106 40000400 
    0420   0900000C 00000000 00000001    E3000001 00030003 0004401C    0000001B 00000000 0033002F    0001001A 00000106 10000400 
    0450   03000013 00000000 00000001    00240007 00598059 205A205C    205E4060 40640000 00000032    00000000 00320032 0001001A 
    0480   00000106 10000400 03000013    00000000 00000001 00230004    00508050 20514052 00000031    00000000 00310033 0001001A 
    04B0   00000106 10000400 03000000    00000000 00000001 00220005    003C803C 203D203F 20400000    00000038 00000000 00300038 
    04E0   0001001A 00000106 10000400    03000014 00000000 00000001    001E0007 00238023 20252027    2029202E 202F0000 0000002C 
    0510   00000000 002F002C 0001001A    00000106 00004000 0600000B    00000000 00000001 00050002    00084034 0000002E 00000000 
    0540   002E002E 0001001A 00000106    00004000 0700000A 00000000    00000001 00040002 0007401F    00000021 00000000 002C001E 
    0570   00010020 00000106 00004000    0D000014 00000000 00000001    D4D76DD4 C6000014 00040014    8024802B 402F0000 0000002B 
    05A0   00000000 002B002B 00010020    00000106 00004000 0D000013    00000000 00000001 D4D76DD4    C3000013 00060013 80244028 
    05D0   8029402A 402E0000 0000002A    00000000 002A002A 00010024    00000106 00004000 12000012    00000000 00000001 D4D7D3C5 
    0600   E76DC3D4 C4D90012 00050012    80584063 80644069 00000020    00000000 00290020 00010020    00000101 00004000 0D000017 
    0630   00000010 00000001 6DE2C5D3    C600001A 0006001A 80314039    403B403D 40470000 00000028    00000000 00280028 0001001E 
    0660   00000101 00004000 0C000016    00000010 00000001 6DC1D3D3    0019000A 00198022 C027803B    C045404A 404D4051 405C405F 
 
 
------------------------------------------------------------------------------------------------------------------------------------------------------
S D F L I S T   REL32V0                T I T A N  S Y S T E M S  C O R P .                AUGUST 3, 2026   11:48:52.67     PAGE 7
                                                    HEX DUMP OF SDF ##ARYMFB


PAGE 003     ..00     ..04     ..08        ..0C     ..10     ..14        ..18     ..1C     ..20        ..24     ..28     ..2C
 
    0000   00000000 00000000 00010008    00000000 00080001 00380000    00030010 00000000 00000000    00012204 0001002B 00080001 
    0030   002A0000 0003002C 00000000    00000000 00012005 00000000    00080002 002F0038 00108002    00030048 000F000C 09000500 
    0060   00080000 00030050 00030060    00000000 00000000 00012004    0001002A 00080001 002A0000    0003007C 00000000 00000000 
    0090   00012013 00010038 00080001    002F0000 000E8002 00030098    000F000B 09000000 000C0001    00270000 000300A0 000300B0 
    00C0   00000000 00000000 00012004    00010027 00000000 00000000    00010211 00000000 00080001    002F0000 000C8001 000300E0 
    00F0   001E0100 00080000 000300E8    000300F4 00000000 00000000    00012005 00000000 00000000    00000000 00010004 0002002A 
    0120   002B0000 00000000 00000000    00010013 0001002F 00000000    00000000 00010004 00010027    00080001 00180000 00030144 
    0150   00000000 00000000 00012004    0001001E 00000000 00000000    00010000 0100003B 00000000    00000000 00010020 00000000 
    0180   00000000 00000000 00010011    0100003A 00080001 00340000    00030190 00000000 00000000    00012004 00010024 00080001 
    01B0   00330000 000301AC 00000000    00000000 00012004 0001001D    00010015 00000000 00010015    00000000 00010015 00000000 
    01E0   00010015 00000000 00010015    00000000 00010015 00000000    00010015 00000000 00010015    00000000 00010015 00000000 
    0210   00010015 00000000 00010015    00000000 00010015 00000000    00010015 00000000 00010015    00000000 00010015 00000000 
    0240   00012019 00000000 00000000    F0F0F1F0 F0F00000 00012019    00000000 00000000 F0F0F0F6    F0F00000 00012019 00000000 
    0270   00000000 F0F0F0F4 F0F00000    00012015 00000000 00000000    F0F0F0F3 F0F00000 00012015    00000000 00000000 F0F0F0F2 
    02A0   F0F00000 00012015 00000000    00000000 F0F0F0F1 F0F00000    00010015 00000000 00010015    00000000 00010015 00000000 
    02D0   00000000 00000000 00010016    0100001C 00000000 0003001A    00000106 80004800 06000000    00020000 00000001 00010004 
    0300   20312037 20382045 00000000    00030022 00000101 80004800    100000E5 00020010 00000001    C7D7C36D D4C1E2D2 00310001 
    0330   403B0000 00000000 0003001E    00000101 80004800 0C0000E6    00020010 00000001 D4C1E2D2    00320001 40210000 00000000 
    0360   0003001A 00000204 80002800    06000000 00020000 00000000    00000001 00020000 00000000    001DE740 7E40E740 C1D5C440 
    0390   C3E9F2C2 6DD6C6C6 6DD4C1E2    D25B4DE8 7A5C5D00 00030380    FFFD0000 00000010 00000011    E7E80000 00000000 0002001E 
    03C0   00000209 80000808 0C00001D    00010000 000303A4 E36DF1F6    010E0001 40450000 00000008    00020000 001A0406 81002800 
    03F0   0A000011 00010000 00000001    C9C4000F 00000008 00000011    00020000 001E0406 81002800    0E00000E 00010000 00000001 
    0420   C76DD6E5 D3E8000F 00000011    00000000 00021C28 20000106    8000C800 0C000326 00010000    00000082 6DC2E4E2 0000000E 
    0450   0002000A 000D00B4 00014032    00000000 0001F500 00000000    00020020 00000209 80000800    0D000001 00010000 00020000 
    0480   6DC7D7C3 E2000067 00044023    403C4050 40590000 00000010    00020000 001C0406 81002800    0C00000F 00010000 00000001 
    04B0   D6E5D3E8 000F0000 00100000    00000015 00020000 00180406    81002800 07000010 00010000    00000001 000F0000 00150000 
    04E0   00000000 00021822 1C000110    8100C800 08000000 00010001    00000064 00000014 00010005    00790003 40274029 40310000 
    0510   00000000 0002242E 28000106    8000C800 1100057A 00010000    00000004 6DC3D9E3 6DC3D4C4    D9000000 00000001 00010004 
    0540   01060001 40330000 0000000C    00022000 2A240406 8100A800    10000008 00010000 00000003    D9C5D5E3 6DD6D7E2 00000001 
    0570   000F0000 000C0001 00030000    00000014 00022030 2A240406    8100A800 1000000B 00010000    00000003 6DD4C7D4 E36DD4C3 
    05A0   00000001 000F0000 00140001    00030072 00014029 00000000    00020020 00180401 81002800    07000013 00010010 00000001 
    05D0   000F0000 FFFF0078 00024027    40310000 0000000D 00020000    00240409 81002800 13000006    00010020 00000002 E26DC2E4 
    0600   E26DD4C1 E2D2E200 000F0000    000D0000 00000000 0002202A    24000101 8000C800 0D000590    00010010 00000010 6DD4C1E2 
    0630   D2000000 00000001 00010010    010A0001 40450000 0000000B    00020000 00180401 81002800    07000012 00010010 00000001 
    0660   000F0000 000B0000 0000000A    00020000 001E0401 81002800    0E000005 00010010 00000001    6DD4C1E2 D2F2000F 0000000A 
 
 
------------------------------------------------------------------------------------------------------------------------------------------------------
S D F L I S T   REL32V0                T I T A N  S Y S T E M S  C O R P .                AUGUST 3, 2026   11:48:52.67     PAGE 8
                                                    HEX DUMP OF SDF ##ARYMFB


PAGE 004     ..00     ..04     ..08        ..0C     ..10     ..14        ..18     ..1C     ..20        ..24     ..28     ..2C
 
    0000   00080001 00290000 00000000    00000000 00010008 00000000    00080001 00320000 00040018    00000000 00000000 00012204 
    0030   00010026 00080001 00260000    000C8001 00040034 00270100    00080000 0004003C 00040048    00000000 00000000 00012005 
    0060   00000000 00080001 00320000    000C8001 00040064 00210500    00080000 0004006C 000C8001    00040078 001F0500 00080000 
    0090   00040080 0004008C 00000000    00000000 00012004 00010026    00000000 00000000 00010211    00000000 00080001 00320000 
    00C0   000C8001 000400B8 00270100    00080000 000400C0 000400CC    00000000 00000000 00012005    00000000 00000000 00000000 
    00F0   00010211 00000000 00080001    00320000 000C8001 000400F8    00220500 000C0001 00240000    00040100 0004010C 00000000 
    0120   00000000 00012005 00000000    00080001 00260000 0004012C    00000000 00000000 00012013    00010032 00000000 00000000 
    0150   00010004 00020026 00290000    00000000 00000000 00010111    00000000 00000000 00000000    00010008 00000000 00000000 
    0180   00000000 00010008 00000000    00000000 00000000 00010008    00000000 00000000 00000000    00010008 00000000 00080001 
    01B0   00310000 000401AC 00000000    00000000 00012204 00010026    00080001 00310000 000C8001    000401C8 00270100 00080000 
    01E0   000401D0 000401DC 00000000    00000000 00012005 00000000    00080001 00260000 000401F8    00000000 00000000 00012013 
    0210   00010031 00000000 00000000    00010004 00010026 00000000    00000000 00010211 00000000    00080001 00260000 000C8001 
    0240   00040234 00270100 00080000    0004023C 00040248 00000000    00000000 00012005 00000000    00080001 00230000 000C8001 
    0270   00040264 001F0500 00080000    0004026C 00040278 00000000    00000000 00012004 00010026    00000000 00000000 00010211 
    02A0   00000000 00080001 00260000    000C8001 000402A4 00270100    00080000 000402AC 000402B8    00000000 00000000 00012005 
    02D0   00000000 00080001 00200000    000402D4 00000000 00000000    00012004 00010026 00000000    00000000 00010211 00000000 
    0300   000C0003 00240025 00280000    00040300 00000000 00000000    00012005 00000000 00000000    00000000 00010008 00000000 
    0330   00080001 001A0000 000E8001    00040330 00090500 00000000    000C0001 00270000 00040338    00040348 00000000 00000000 
    0360   00012004 00010027 00000000    00000000 00010111 00000000    00000000 00000000 00010008    00000000 00000000 00000000 
    0390   00010008 00000000 00000000    00000000 00010008 00000000    00080001 00250000 00080001    00300000 000C8001 000403B0 
    03C0   00220500 00080000 000403B8    000403C4 000403A8 00000000    00000000 00016004 00010022    00080001 00230000 00080001 
    03F0   00300000 000C8001 000403EC    00210500 00080000 000403F4    00040400 000403E4 00000000    00000000 00016004 00010021 
    0420   00000000 00000000 00010211    00000000 00080001 00300000    000C8001 00040430 00280100    00080000 00040438 00040444 
    0450   00000000 00000000 00012005    00000000 00000000 00000000    00010013 00010030 00080002    00280019 00040470 00000000 
    0480   00000000 00012004 00010027    00000000 00000000 00010211    00000000 00080001 00280000    0004049C 00000000 00000000 
    04B0   00012005 00000000 00080001    001A0000 000C8001 000404B8    00220500 00080000 000404C0    000404CC 00000000 00000000 
    04E0   00012004 00010025 00080001    001A0000 000C8001 000404E8    00210500 00080000 000404F0    000404FC 00000000 00000000 
    0510   00012004 00010023 00000000    00000000 00010000 00000000    00000000 00000000 00010008    0100003D 00000000 00000000 
    0540   00010020 0100003C 00080001    001D0000 000C8001 00040548    000E0500 00080000 00040550    0004055C 00000000 00000000 
    0570   00012004 00010020 00080001    001D0000 000E8001 00040578    00130400 05000000 00080000    00040580 000C8001 00000000 
    05A0   001F0400 00080000 00040598    000405A4 00040590 00000000    00000000 00016004 0001001F    00080001 001A0000 000E8002 
    05D0   000405C4 000F000B 09000000    00080000 000405CC 000405DC    00000000 00000000 00012004    00010028 00000000 00000000 
    0600   00010008 00000000 00080001    002B0000 00080001 002F0000    000C8001 00040610 00220500    00080000 00040618 00040624 
    0630   00040608 00000000 00000000    00016004 00010022 00080001    002A0000 00080001 002F0000    000C8001 0004064C 00210500 
    0660   00080000 00040654 00040660    00040644 00000000 00000000    00016004 00010021 00000000    00000000 00010008 00000000 
 
 
------------------------------------------------------------------------------------------------------------------------------------------------------
S D F L I S T   REL32V0                T I T A N  S Y S T E M S  C O R P .                AUGUST 3, 2026   11:48:52.67     PAGE 9
                                                    HEX DUMP OF SDF ##ARYMFB


PAGE 005     ..00     ..04     ..08        ..0C     ..10     ..14        ..18     ..1C     ..20        ..24     ..28     ..2C
 
    0000   000005AC 00000000 00000000    00000000 00000000 00000000    00000000 00000000 00000000    00000000 00000000 00000000 
    05A0   00000000 00000000 00000000    00000000 00000000 00010006    0100001B 00080001 00260000    000505BC 00000000 00000000 
    05D0   00012004 00010039 00000000    00000000 00010008 00000000    00080001 00290000 000505E8    00000000 00000000 00012204 
    0600   00010026 00080001 00260000    00050604 00000000 00000000    00012005 00000000 00000000    00000000 00010008 00000000 
    0630   00000000 00000000 00010008    00000000 00000000 00000000    00010008 00000000 00080001    00320000 00050650 00000000 
    0660   00000000 00012204 00010029    00040000 00000000 00000000    00012005 00000000 00000000    00000000 00010111 00000000 
 
 
------------------------------------------------------------------------------------------------------------------------------------------------------
S D F L I S T   REL32V0                T I T A N  S Y S T E M S  C O R P .                AUGUST 3, 2026   11:48:52.67     PAGE 10
                                                    HEX DUMP OF SDF ##ARYMFB


PAGE 006     ..00     ..04     ..08        ..0C     ..10     ..14        ..18     ..1C     ..20        ..24     ..28     ..2C
 
    0000   00140318 05780000 00010009    00000000 00000012 002C002D    002E0000 00000000 00000000    00000000 00000000 00000000 
 
 
------------------------------------------------------------------------------------------------------------------------------------------------------
S D F L I S T   REL32V0                T I T A N  S Y S T E M S  C O R P .                AUGUST 3, 2026   11:48:52.67     PAGE 11


END OF SDFLIST AUGUST 3, 2026. CLOCK TIME = 11:48:52.68
 
NUMBER OF SDFPKG LOCATES          = 179
NUMBER OF SDFPKG READS            = 7
NUMBER OF SDFPKG SELECTS          = 2
NUMBER OF SDFPKG GETMAINS         = 0
SDFPKG FCB AREA SIZE (BYTES)      = 2048
SDFPKG PAGING AREA SIZE (PAGES)   = 5
 
NUMBER OF MINOR COMPACTIFIES      = 0
NUMBER OF MAJOR COMPACTIFIES      = 0
NUMBER OF REALLOCATIONS           = 0
 
TOTAL CPU TIME IN SDFLIST              0:0:0.01
 