S D F L I S T   REL32V0                T I T A N  S Y S T E M S  C O R P .                AUGUST 3, 2026   11:48:52.90     PAGE 1


SDFLIST -- VERSION OF AUGUST 3, 2026. CLOCK TIME = 11:48:9.00


TODAY IS AUGUST 3, 2026. CLOCK TIME = 11:48:52.90
 
PARM FIELD: ALL,BRIEF


##ARYMFB
          FLAGS:                        SRN,FC,NON_UNIQUE_SRNS,DATA_REMOTE
          DATE/TIME:                    AUGUST 3, 2026. CLOCK TIME = 5:17:38.40
          SDF VERSION #:                35
          SYMBOLS     405/200
          MACROSIZE   2356/500
          LITSTRINGS  0/3000
          XREFSIZE    542/2000
          CARDTYPE:   FCRMUDXCVMWC
##CDR06D
          FLAGS:                        SRN,COMPOOL,FC
          DATE/TIME:                    AUGUST 3, 2026. CLOCK TIME = 5:10:45.01
          SDF VERSION #:                35
          SYMBOLS     2/200
          MACROSIZE   0/500
          LITSTRINGS  0/3000
          XREFSIZE    2/2000
          CARDTYPE:   FCRMUDXCVMWC
##DKFCM8
          FLAGS:                        SRN,FC
          DATE/TIME:                    AUGUST 3, 2026. CLOCK TIME = 5:17:33.95
          SDF VERSION #:                35
          SYMBOLS     552/200
          MACROSIZE   3604/500
          LITSTRINGS  0/3000
          XREFSIZE    602/2000
          CARDTYPE:   FCRMUDXCVMWC
##CZ1COM
          FLAGS:                        SRN,COMPOOL,FC
          DATE/TIME:                    AUGUST 3, 2026. CLOCK TIME = 5:11:50.39
          SDF VERSION #:                35
          SYMBOLS     182/200
          MACROSIZE   493/500
          LITSTRINGS  0/3000
          XREFSIZE    202/2000
          CARDTYPE:   FCRMUDXCVMWC
##CRATE 
          FLAGS:                        SRN,COMPOOL,FC
          DATE/TIME:                    AUGUST 3, 2026. CLOCK TIME = 5:12:45.96
          SDF VERSION #:                35
          SYMBOLS     333/200
          MACROSIZE   52/500
          LITSTRINGS  5/3000
          XREFSIZE    341/2000
          CARDTYPE:   FCRMUDXCVMWC
##CGBIH1
          FLAGS:                        SRN,COMPOOL,FC
          DATE/TIME:                    AUGUST 3, 2026. CLOCK TIME = 5:12:55.88

------------------------------------------------------------------------------------------------------------------------------------------------------
S D F L I S T   REL32V0                T I T A N  S Y S T E M S  C O R P .                AUGUST 3, 2026   11:48:52.90     PAGE 2

          SDF VERSION #:                35
          SYMBOLS     870/200
          MACROSIZE   14312/500
          LITSTRINGS  0/3000
          XREFSIZE    873/2000
          CARDTYPE:   FCRMUDXCVMWC
------------------------------------------------------------------------------------------------------------------------------------------------------
S D F L I S T   REL32V0                T I T A N  S Y S T E M S  C O R P .                AUGUST 3, 2026   11:48:52.90     PAGE 3


END OF SDFLIST AUGUST 3, 2026. CLOCK TIME = 11:48:52.90
 
NUMBER OF SDFPKG LOCATES          = 30
NUMBER OF SDFPKG READS            = 6
NUMBER OF SDFPKG SELECTS          = 6
NUMBER OF SDFPKG GETMAINS         = 0
SDFPKG FCB AREA SIZE (BYTES)      = 2048
SDFPKG PAGING AREA SIZE (PAGES)   = 5
 
NUMBER OF MINOR COMPACTIFIES      = 0
NUMBER OF MAJOR COMPACTIFIES      = 0
NUMBER OF REALLOCATIONS           = 0
 
TOTAL CPU TIME IN SDFLIST              0:0:0.00
 