  HAL/S REL32V0                T I T A N  S Y S T E M S  C O R P .                 AUGUST 13, 2024    16:27:28.68     PAGE 1


   HAL/S COMPILER PHASE 1 -- VERSION OF AUGUST 13, 2024.  CLOCK TIME = 16:21:58.00.


TODAY IS AUGUST 13, 2024.  CLOCK TIME = 16:27:28.68.
 
 PARM FIELD: SRN,LISTING2,X6,LIST,ADDRS,HALMAT,NOTABLES,DECK


 COMPLETE LIST OF COMPILE-TIME OPTIONS IN EFFECT


       *** TYPE 1 OPTIONS ***
 
          ADDRS
          DECK
        NODUMP
          HALMAT
        NOHIGHOPT
          LFXI
          LIST
          LISTING2
          MICROCODE
        NOREGOPT
        NOSDL
        NOSREF
          SRN
        NOTABDMP
        NOTABLES
        NOTABLST
        NOTEMPLATE
        NOVARSYM
          ZCON


       *** TYPE 2 OPTIONS ***
 
       BLOCKSUM = 400
       CARDTYPE = 
       COMPUNIT = 0
            DSR = 1
      LABELSIZE = 1200
         LINECT = 59
     LITSTRINGS = 2000
      MACROSIZE = 500
           MFID = 
          PAGES = 2500
        SYMBOLS = 200
          TITLE = 
       XREFSIZE = 2000
 

 *** NO LANGUAGE SUBSET IN EFFECT ***
------------------------------------------------------------------------------------------------------------------------------------------------------
  HAL/S REL32V0                T I T A N  S Y S T E M S  C O R P .                 AUGUST 13, 2024    16:27:28.68     PAGE 2
   SRN STMT                                                                  SOURCE                                                                  REVISION



            D| EBUG `0`3`4`5`6`8`9`C`D`E`F H(202)                                                                  |
HELLO :  TOKEN = <LABEL>, IMPLIED_TYPE = 0, SYT_INDEX = 1, CONTEXT = 0
SCANNER: 98
 COMP: STATE=1 I=0 J=0
 COMP: STATE=138 I=2 J=0
SCANNER: 16, NUMBER_VALUE: 00, VALUE: 0, NEXT_CHAR: 215
 COMP: STATE=1118 I=251 J=0
->->->->->->PRODUCTION NUMBER 308
    UNSAVED HALMAT:     8(  1),N, 0
                                     :      1(SYT) 0,0
 COMP: STATE=655 I=688 J=1
SCANNER: 107, NUMBER_VALUE: 00, VALUE: 0, CURRENT BCD: PROGRAM, NEXT_CHAR: 94
 COMP: STATE=1119 I=859 J=1
->->->->->->PRODUCTION NUMBER 309
 COMP: STATE=394 I=701 J=1
 COMP: STATE=1121 I=1079 J=1
->->->->->->PRODUCTION NUMBER 311
 HALMAT LINE     2:    2B(  1),0, 0
                                     :      1(SYT) 0,0
 COMP: STATE=647 I=702 J=1
SCANNER: 10, NUMBER_VALUE: 00, VALUE: 0, NEXT_CHAR: 196
 COMP: STATE=1115 I=825 J=1
->->->->->->PRODUCTION NUMBER 305
 COMP: STATE=391 I=687 J=1
 COMP: STATE=1112 I=1073 J=1
->->->->->->PRODUCTION NUMBER 302
------------------------------------------------------------------------------------------------------------------------------------------------------
  HAL/S REL32V0                T I T A N  S Y S T E M S  C O R P .                 AUGUST 13, 2024    16:27:28.68     PAGE 3
   SRN STMT                                                  SOURCE                                                  CURRENT SCOPE

          1 M| HELLO:                                                                                              |HELLO
          1 M| PROGRAM;                                                                                            |HELLO
 HALMAT LINE     4:     4(  1),N, 0
                                     :      1(  0)CA,1
 COMP: STATE=618 I=686 J=1
SCANNER: 103, NUMBER_VALUE: 00, VALUE: 0, CURRENT BCD: DECLARE, NEXT_CHAR: 201
 COMP: STATE=345 I=706 J=1
 COMP: STATE=144 I=901 J=1
I :  TOKEN = <IDENTIFIER>, IMPLIED_TYPE = 0, SYT_INDEX = 2, CONTEXT = 5
SCANNER: 131, NUMBER_VALUE: 00, VALUE: 0, CURRENT BCD: I, NEXT_CHAR: 201
 COMP: STATE=538 I=283 J=1
SCANNER: 105, NUMBER_VALUE: 00, VALUE: 0, CURRENT BCD: INTEGER, NEXT_CHAR: 94
 COMP: STATE=1172 I=375 J=1
->->->->->->PRODUCTION NUMBER 362
 COMP: STATE=572 I=740 J=144
 COMP: STATE=243 I=528 J=144
 COMP: STATE=1199 I=532 J=144
->->->->->->PRODUCTION NUMBER 389
 COMP: STATE=621 I=765 J=243
SCANNER: 10, NUMBER_VALUE: 00, VALUE: 0, NEXT_CHAR: 196
 COMP: STATE=1196 I=718 J=243
->->->->->->PRODUCTION NUMBER 386
 COMP: STATE=1190 I=764 J=243
->->->->->->PRODUCTION NUMBER 380
 COMP: STATE=604 I=749 J=243
 COMP: STATE=1184 I=636 J=243
->->->->->->PRODUCTION NUMBER 374
 COMP: STATE=1176 I=746 J=243
->->->->->->PRODUCTION NUMBER 366
 COMP: STATE=1171 I=741 J=243
->->->->->->PRODUCTION NUMBER 361
 COMP: STATE=1156 I=739 J=144
->->->->->->PRODUCTION NUMBER 346
 COMP: STATE=653 I=726 J=144
 COMP: STATE=1154 I=853 J=144
->->->->->->PRODUCTION NUMBER 344
 COMP: STATE=368 I=724 J=144
 COMP: STATE=1153 I=996 J=144
->->->->->->PRODUCTION NUMBER 343
          2 M|   DECLARE I INTEGER;                                                                                |HELLO
 COMP: STATE=1143 I=722 J=345
->->->->->->PRODUCTION NUMBER 333
 HALMAT LINE     6:     4(  1),N, 0
                                     :      2(  0) 0,0
 COMP: STATE=1159 I=717 J=345
->->->->->->PRODUCTION NUMBER 349
 COMP: STATE=632 I=728 J=345
SCANNER: 103, NUMBER_VALUE: 00, VALUE: 0, CURRENT BCD: DECLARE, NEXT_CHAR: 212
 COMP: STATE=377 I=766 J=345
 COMP: STATE=144 I=901 J=345
MY_NAME :  TOKEN = <IDENTIFIER>, IMPLIED_TYPE = 0, SYT_INDEX = 3, CONTEXT = 5
SCANNER: 131, NUMBER_VALUE: 00, VALUE: 0, CURRENT BCD: MY_NAME, NEXT_CHAR: 195
 COMP: STATE=538 I=283 J=345
SCANNER: 118, NUMBER_VALUE: 00, VALUE: 0, CURRENT BCD: CHARACTER, NEXT_CHAR: 77
 COMP: STATE=1172 I=375 J=345
->->->->->->PRODUCTION NUMBER 362

------------------------------------------------------------------------------------------------------------------------------------------------------
  HAL/S REL32V0                T I T A N  S Y S T E M S  C O R P .                 AUGUST 13, 2024    16:27:28.68     PAGE 4
   SRN STMT                                                  SOURCE                                                  CURRENT SCOPE

 COMP: STATE=572 I=740 J=144
 COMP: STATE=243 I=528 J=144
 COMP: STATE=162 I=538 J=144
SCANNER: 3, NUMBER_VALUE: 00, VALUE: 0, NEXT_CHAR: 242
 COMP: STATE=447 I=315 J=144
SCANNER: 136, NUMBER_VALUE: 421400000, VALUE: 20, CURRENT BCD: 20, NEXT_CHAR: 93
 COMP: STATE=7 I=16 J=144
 COMP: STATE=1238 I=1318 J=144
->->->->->->PRODUCTION NUMBER 428
 COMP: STATE=829 I=803 J=7
->->->->->->PRODUCTION NUMBER 19
 COMP: STATE=624 I=74 J=7
SCANNER: 9, NUMBER_VALUE: 00, VALUE: 0, NEXT_CHAR: 201
 COMP: STATE=841 I=724 J=7
->->->->->->PRODUCTION NUMBER 31
 COMP: STATE=573 I=77 J=7
 COMP: STATE=825 I=530 J=7
->->->->->->PRODUCTION NUMBER 15
 COMP: STATE=560 I=72 J=7
 COMP: STATE=821 I=490 J=7
->->->->->->PRODUCTION NUMBER 11
 COMP: STATE=574 I=70 J=7
 COMP: STATE=819 I=532 J=7
->->->->->->PRODUCTION NUMBER 9
 COMP: STATE=814 I=66 J=7
->->->->->->PRODUCTION NUMBER 4
 COMP: STATE=580 I=58 J=7
 COMP: STATE=1205 I=551 J=7
->->->->->->PRODUCTION NUMBER 395
 COMP: STATE=428 I=769 J=7
 COMP: STATE=1194 I=1297 J=7
->->->->->->PRODUCTION NUMBER 384
 COMP: STATE=1189 I=758 J=243
->->->->->->PRODUCTION NUMBER 379
 COMP: STATE=604 I=749 J=243
SCANNER: 104, NUMBER_VALUE: 00, VALUE: 0, CURRENT BCD: INITIAL, NEXT_CHAR: 77
 COMP: STATE=328 I=638 J=243
 COMP: STATE=145 I=774 J=243
SCANNER: 3, NUMBER_VALUE: 00, VALUE: 0, NEXT_CHAR: 125
 COMP: STATE=1223 I=285 J=243
->->->->->->PRODUCTION NUMBER 413
 COMP: STATE=649 I=786 J=328
SCANNER: 132, NUMBER_VALUE: 00, VALUE: 10, CURRENT BCD: RON BURKEY, NEXT_CHAR: 93
 COMP: STATE=408 I=840 J=328
 COMP: STATE=1085 I=1141 J=328
->->->->->->PRODUCTION NUMBER 275
 COMP: STATE=932 I=662 J=408
->->->->->->PRODUCTION NUMBER 122
 COMP: STATE=941 I=146 J=408
->->->->->->PRODUCTION NUMBER 131
 COMP: STATE=576 I=159 J=408
SCANNER: 9, NUMBER_VALUE: 00, VALUE: 0, NEXT_CHAR: 94
 COMP: STATE=993 I=537 J=408
->->->->->->PRODUCTION NUMBER 183
 COMP: STATE=1226 I=201 J=408
->->->->->->PRODUCTION NUMBER 416

------------------------------------------------------------------------------------------------------------------------------------------------------
  HAL/S REL32V0                T I T A N  S Y S T E M S  C O R P .                 AUGUST 13, 2024    16:27:28.68     PAGE 5
   SRN STMT                                                  SOURCE                                                  CURRENT SCOPE

 COMP: STATE=438 I=788 J=408
 COMP: STATE=1219 I=1302 J=408
->->->->->->PRODUCTION NUMBER 409
 COMP: STATE=1209 I=785 J=328
->->->->->->PRODUCTION NUMBER 399
 COMP: STATE=651 I=780 J=328
SCANNER: 10, NUMBER_VALUE: 00, VALUE: 0, NEXT_CHAR: 196
 COMP: STATE=1185 I=844 J=328
->->->->->->PRODUCTION NUMBER 375
 COMP: STATE=1176 I=746 J=243
->->->->->->PRODUCTION NUMBER 366
 COMP: STATE=1171 I=741 J=243
->->->->->->PRODUCTION NUMBER 361
 HALMAT LINE     8:   841(  2),0, 2
                                     :      3(SYT) 0,0
                                                         :      2(LIT) 0,0
 COMP: STATE=1156 I=739 J=144
->->->->->->PRODUCTION NUMBER 346
 COMP: STATE=653 I=726 J=144
 COMP: STATE=1154 I=853 J=144
->->->->->->PRODUCTION NUMBER 344
 COMP: STATE=368 I=724 J=144
 COMP: STATE=1153 I=996 J=144
->->->->->->PRODUCTION NUMBER 343
          3 M|   DECLARE MY_NAME CHARACTER(20) INITIAL('RON BURKEY');                                              |HELLO
 COMP: STATE=1143 I=722 J=377
->->->->->->PRODUCTION NUMBER 333
 HALMAT LINE    11:     4(  1),N, 0
                                     :      3(  0) 0,0
 COMP: STATE=1160 I=716 J=377
->->->->->->PRODUCTION NUMBER 350
 COMP: STATE=632 I=728 J=345
SCANNER: 103, NUMBER_VALUE: 00, VALUE: 0, CURRENT BCD: DECLARE, NEXT_CHAR: 201
 COMP: STATE=377 I=766 J=345
 COMP: STATE=144 I=901 J=345
SCANNER: 105, NUMBER_VALUE: 00, VALUE: 0, CURRENT BCD: INTEGER, NEXT_CHAR: 107
 COMP: STATE=1199 I=275 J=345
->->->->->->PRODUCTION NUMBER 389
 COMP: STATE=621 I=765 J=144
SCANNER: 14, NUMBER_VALUE: 00, VALUE: 0, NEXT_CHAR: 209
 COMP: STATE=1196 I=718 J=144
->->->->->->PRODUCTION NUMBER 386
 COMP: STATE=1190 I=764 J=144
->->->->->->PRODUCTION NUMBER 380
 COMP: STATE=604 I=749 J=144
 COMP: STATE=1184 I=637 J=144
->->->->->->PRODUCTION NUMBER 374
 COMP: STATE=1176 I=746 J=144
->->->->->->PRODUCTION NUMBER 366
 COMP: STATE=337 I=742 J=144
 COMP: STATE=58 I=868 J=144
J :  TOKEN = <IDENTIFIER>, IMPLIED_TYPE = 0, SYT_INDEX = 4, CONTEXT = 5
SCANNER: 131, NUMBER_VALUE: 00, VALUE: 0, CURRENT BCD: J, NEXT_CHAR: 94
 COMP: STATE=538 I=904 J=144
SCANNER: 10, NUMBER_VALUE: 00, VALUE: 0, NEXT_CHAR: 217
 COMP: STATE=1172 I=375 J=144

------------------------------------------------------------------------------------------------------------------------------------------------------
  HAL/S REL32V0                T I T A N  S Y S T E M S  C O R P .                 AUGUST 13, 2024    16:27:28.68     PAGE 6
   SRN STMT                                                  SOURCE                                                  CURRENT SCOPE

->->->->->->PRODUCTION NUMBER 362
 COMP: STATE=572 I=740 J=58
 COMP: STATE=1170 I=526 J=58
->->->->->->PRODUCTION NUMBER 360
 COMP: STATE=1156 I=739 J=58
->->->->->->PRODUCTION NUMBER 346
 COMP: STATE=654 I=725 J=58
 COMP: STATE=1155 I=855 J=58
->->->->->->PRODUCTION NUMBER 345
 COMP: STATE=368 I=724 J=144
 COMP: STATE=1153 I=996 J=144
->->->->->->PRODUCTION NUMBER 343
          4 M|   DECLARE INTEGER, J;                                                                               |HELLO
 COMP: STATE=1143 I=722 J=377
->->->->->->PRODUCTION NUMBER 333
 HALMAT LINE    13:     4(  1),N, 0
                                     :      4(  0) 0,0
 COMP: STATE=1160 I=716 J=377
->->->->->->PRODUCTION NUMBER 350
 COMP: STATE=632 I=728 J=345
SCANNER: 109, NUMBER_VALUE: 00, VALUE: 0, CURRENT BCD: REPLACE, NEXT_CHAR: 215
 COMP: STATE=377 I=767 J=345
 COMP: STATE=147 I=902 J=345
PRINTER :  TOKEN = <IDENTIFIER>, IMPLIED_TYPE = 0, SYT_INDEX = 5, CONTEXT = 10
SCANNER: 131, NUMBER_VALUE: 00, VALUE: 0, CURRENT BCD: PRINTER, NEXT_CHAR: 194
 COMP: STATE=539 I=287 J=345
SCANNER: 23, NUMBER_VALUE: 00, VALUE: 0, CURRENT BCD: BY, NEXT_CHAR: 127
 COMP: STATE=1148 I=377 J=345
->->->->->->PRODUCTION NUMBER 338
 COMP: STATE=370 I=719 J=147
 COMP: STATE=84 I=998 J=147
SCANNER: 76, NUMBER_VALUE: 00, VALUE: 0, NEXT_CHAR: 94
 COMP: STATE=1147 I=143 J=147
->->->->->->PRODUCTION NUMBER 337
 COMP: STATE=371 I=718 J=377
SCANNER: 10, NUMBER_VALUE: 00, VALUE: 0, NEXT_CHAR: 230
 COMP: STATE=1144 I=999 J=377
->->->->->->PRODUCTION NUMBER 334
          5 M|   REPLACE PRINTER BY "6";                                                                           |HELLO
 HALMAT LINE    15:     4(  1),N, 0
                                     :      5(  0) 0,0
 COMP: STATE=1160 I=716 J=377
->->->->->->PRODUCTION NUMBER 350
 COMP: STATE=632 I=728 J=345
SCANNER: 75, NUMBER_VALUE: 00, VALUE: 0, CURRENT BCD: WRITE, NEXT_CHAR: 77
 COMP: STATE=1105 I=769 J=345
->->->->->->PRODUCTION NUMBER 295
 HALMAT LINE    17:    31(  0),N, 1
 COMP: STATE=613 I=681 J=345
 COMP: STATE=340 I=684 J=345
 COMP: STATE=126 I=887 J=345
SCANNER: 3, NUMBER_VALUE: 00, VALUE: 0, NEXT_CHAR: 215
 COMP: STATE=15 I=208 J=345
PRINTER :  TOKEN = -1, IMPLIED_TYPE = 0, SYT_INDEX = 5, CONTEXT = 0
AT 3  NEXT_CHAR=246  MACRO_EXPAN_LEVEL=1  MACRO_TEXT(1)=239  PARM_REPLACE_PTR(0)=0
AT 4  NEXT_CHAR=64  MACRO_EXPAN_LEVEL=1  MACRO_TEXT(1)=239  PARM_REPLACE_PTR(0)=0

------------------------------------------------------------------------------------------------------------------------------------------------------
  HAL/S REL32V0                T I T A N  S Y S T E M S  C O R P .                 AUGUST 13, 2024    16:27:28.68     PAGE 7
   SRN STMT                                                  SOURCE                                                  CURRENT SCOPE

SCANNER: 136, NUMBER_VALUE: 416000000, VALUE: 6, CURRENT BCD: 6, NEXT_CHAR: 64
 COMP: STATE=1238 I=51 J=345
->->->->->->PRODUCTION NUMBER 428
 COMP: STATE=208 I=795 J=15
AT 5  NEXT_CHAR=93  MACRO_EXPAN_LEVEL=0  MACRO_TEXT(-1)=0  PARM_REPLACE_PTR(0)=0
SCANNER: 9, NUMBER_VALUE: 00, VALUE: 0, NEXT_CHAR: 125
 COMP: STATE=1102 I=451 J=15
->->->->->->PRODUCTION NUMBER 292
 HALMAT LINE    18:    25(  1),N, 0
                                     :      2(IMD) 0,0
 COMP: STATE=607 I=673 J=340
SCANNER: 132, NUMBER_VALUE: 00, VALUE: 13, CURRENT BCD: THE BEGINNING, NEXT_CHAR: 94
 COMP: STATE=331 I=665 J=340
 COMP: STATE=1085 I=838 J=340
->->->->->->PRODUCTION NUMBER 275
 COMP: STATE=932 I=662 J=331
->->->->->->PRODUCTION NUMBER 122
 COMP: STATE=941 I=146 J=331
->->->->->->PRODUCTION NUMBER 131
 COMP: STATE=576 I=159 J=331
SCANNER: 10, NUMBER_VALUE: 00, VALUE: 0, NEXT_CHAR: 196
 COMP: STATE=993 I=537 J=331
->->->->->->PRODUCTION NUMBER 183
 COMP: STATE=1098 I=199 J=331
->->->->->->PRODUCTION NUMBER 288
 HALMAT LINE    20:    27(  1),N, 0
                                     :      4(LIT) 0,0
 COMP: STATE=1094 I=671 J=331
->->->->->->PRODUCTION NUMBER 284
 COMP: STATE=375 I=667 J=340
 COMP: STATE=868 I=1016 J=340
->->->->->->PRODUCTION NUMBER 58
 HALMAT LINE    22:    21(  1),0, 0
                                     :      6(IMD) 0,0
 HALMAT LINE    24:    26(  0),0, 0
 COMP: STATE=846 I=97 J=340
->->->->->->PRODUCTION NUMBER 36
          6 M|   WRITE(PRINTER) 'THE BEGINNING';                                                                   |HELLO
                       ^^^^^^^                                                                                     
 HALMAT LINE    25:     4(  1),N, 0
                                     :      6(  0) 0,1
 COMP: STATE=848 I=88 J=340
->->->->->->PRODUCTION NUMBER 38
 COMP: STATE=1106 I=90 J=340
->->->->->->PRODUCTION NUMBER 296
 COMP: STATE=613 I=681 J=345
SCANNER: 24, NUMBER_VALUE: 00, VALUE: 0, CURRENT BCD: DO, NEXT_CHAR: 198
 COMP: STATE=340 I=684 J=345
 COMP: STATE=86 I=872 J=345
SCANNER: 38, NUMBER_VALUE: 00, VALUE: 0, CURRENT BCD: FOR, NEXT_CHAR: 201
 COMP: STATE=510 I=145 J=345
I :  TOKEN = <ARITH ID>, IMPLIED_TYPE = 0, SYT_INDEX = 2, CONTEXT = 0
SCANNER: 126, NUMBER_VALUE: 00, VALUE: 0, CURRENT BCD: I, NEXT_CHAR: 126
 COMP: STATE=722 I=303 J=345
 COMP: STATE=1032 I=303 J=345
->->->->->->PRODUCTION NUMBER 222

------------------------------------------------------------------------------------------------------------------------------------------------------
  HAL/S REL32V0                T I T A N  S Y S T E M S  C O R P .                 AUGUST 13, 2024    16:27:28.68     PAGE 8
   SRN STMT                                                  SOURCE                                                  CURRENT SCOPE

 COMP: STATE=219 I=502 J=100
 COMP: STATE=536 I=459 J=100
SCANNER: 19, NUMBER_VALUE: 00, VALUE: 0, NEXT_CHAR: 241
 COMP: STATE=742 I=371 J=100
 COMP: STATE=1040 I=371 J=100
->->->->->->PRODUCTION NUMBER 230
 COMP: STATE=1026 I=590 J=169
->->->->->->PRODUCTION NUMBER 216
 COMP: STATE=307 I=318 J=100
 COMP: STATE=973 I=698 J=100
->->->->->->PRODUCTION NUMBER 163
 COMP: STATE=571 I=176 J=86
SCANNER: 99, NUMBER_VALUE: 411000000, VALUE: 1, CURRENT BCD: 1, NEXT_CHAR: 227
 COMP: STATE=242 I=525 J=86
 COMP: STATE=1239 I=11 J=86
->->->->->->PRODUCTION NUMBER 429
 COMP: STATE=829 I=803 J=242
->->->->->->PRODUCTION NUMBER 19
 COMP: STATE=624 I=74 J=242
SCANNER: 30, NUMBER_VALUE: 00, VALUE: 0, CURRENT BCD: TO, NEXT_CHAR: 245
 COMP: STATE=841 I=724 J=242
->->->->->->PRODUCTION NUMBER 31
 COMP: STATE=573 I=77 J=242
 COMP: STATE=825 I=530 J=242
->->->->->->PRODUCTION NUMBER 15
 COMP: STATE=560 I=72 J=242
 COMP: STATE=821 I=490 J=242
->->->->->->PRODUCTION NUMBER 11
 COMP: STATE=574 I=70 J=242
 COMP: STATE=819 I=532 J=242
->->->->->->PRODUCTION NUMBER 9
 COMP: STATE=814 I=66 J=242
->->->->->->PRODUCTION NUMBER 4
 COMP: STATE=583 I=44 J=242
 COMP: STATE=278 I=561 J=242
 COMP: STATE=506 I=640 J=242
SCANNER: 136, NUMBER_VALUE: 415000000, VALUE: 5, CURRENT BCD: 5, NEXT_CHAR: 94
 COMP: STATE=94 I=295 J=242
 COMP: STATE=1238 I=16 J=242
->->->->->->PRODUCTION NUMBER 428
 COMP: STATE=829 I=803 J=94
->->->->->->PRODUCTION NUMBER 19
 COMP: STATE=624 I=74 J=94
SCANNER: 10, NUMBER_VALUE: 00, VALUE: 0, NEXT_CHAR: 230
 COMP: STATE=841 I=724 J=94
->->->->->->PRODUCTION NUMBER 31
 COMP: STATE=573 I=77 J=94
 COMP: STATE=825 I=530 J=94
->->->->->->PRODUCTION NUMBER 15
 COMP: STATE=560 I=72 J=94
 COMP: STATE=821 I=490 J=94
->->->->->->PRODUCTION NUMBER 11
 COMP: STATE=574 I=70 J=94
 COMP: STATE=819 I=532 J=94
->->->->->->PRODUCTION NUMBER 9
 COMP: STATE=814 I=66 J=94

------------------------------------------------------------------------------------------------------------------------------------------------------
  HAL/S REL32V0                T I T A N  S Y S T E M S  C O R P .                 AUGUST 13, 2024    16:27:28.68     PAGE 9
   SRN STMT                                                  SOURCE                                                  CURRENT SCOPE

->->->->->->PRODUCTION NUMBER 4
 COMP: STATE=595 I=31 J=94
 COMP: STATE=971 I=599 J=94
->->->->->->PRODUCTION NUMBER 161
 COMP: STATE=967 I=175 J=278
->->->->->->PRODUCTION NUMBER 157
 HALMAT LINE    27:    10(  4),N, 0
                                     :      1(INL) 0,1
                                                         :      2(SYT) 0,0
                                                                             :      5(LIT) 0,0
                                                                                                 :      6(LIT) 0,0
 COMP: STATE=257 I=173 J=86
 COMP: STATE=955 I=563 J=86
->->->->->->PRODUCTION NUMBER 145
          7 M|   DO FOR I = 1 TO 5;                                                                                |HELLO
 HALMAT LINE    32:     4(  1),N, 0
                                     :      7(  0) 0,1
 COMP: STATE=633 I=166 J=340
SCANNER: 75, NUMBER_VALUE: 00, VALUE: 0, CURRENT BCD: WRITE, NEXT_CHAR: 77
 COMP: STATE=378 I=774 J=340
 COMP: STATE=126 I=1035 J=340
SCANNER: 3, NUMBER_VALUE: 00, VALUE: 0, NEXT_CHAR: 215
 COMP: STATE=15 I=208 J=340
PRINTER :  TOKEN = -1, IMPLIED_TYPE = 0, SYT_INDEX = 5, CONTEXT = 0
AT 3  NEXT_CHAR=246  MACRO_EXPAN_LEVEL=1  MACRO_TEXT(1)=239  PARM_REPLACE_PTR(0)=0
AT 4  NEXT_CHAR=64  MACRO_EXPAN_LEVEL=1  MACRO_TEXT(1)=239  PARM_REPLACE_PTR(0)=0
SCANNER: 136, NUMBER_VALUE: 416000000, VALUE: 6, CURRENT BCD: 6, NEXT_CHAR: 64
 COMP: STATE=1238 I=51 J=340
->->->->->->PRODUCTION NUMBER 428
 COMP: STATE=208 I=795 J=15
AT 5  NEXT_CHAR=93  MACRO_EXPAN_LEVEL=0  MACRO_TEXT(-2)=0  PARM_REPLACE_PTR(0)=0
SCANNER: 9, NUMBER_VALUE: 00, VALUE: 0, NEXT_CHAR: 201
 COMP: STATE=1102 I=451 J=15
->->->->->->PRODUCTION NUMBER 292
 HALMAT LINE    34:    25(  1),N, 0
                                     :      2(IMD) 0,0
 COMP: STATE=607 I=673 J=378
I :  TOKEN = <ARITH ID>, IMPLIED_TYPE = 0, SYT_INDEX = 2, CONTEXT = 0
SCANNER: 126, NUMBER_VALUE: 00, VALUE: 0, CURRENT BCD: I, NEXT_CHAR: 107
 COMP: STATE=774 I=659 J=378
 COMP: STATE=1032 I=659 J=378
->->->->->->PRODUCTION NUMBER 222
 COMP: STATE=214 I=532 J=331
 COMP: STATE=536 I=464 J=331
SCANNER: 14, NUMBER_VALUE: 00, VALUE: 0, NEXT_CHAR: 125
 COMP: STATE=742 I=371 J=331
 COMP: STATE=1040 I=371 J=331
->->->->->->PRODUCTION NUMBER 230
 COMP: STATE=1026 I=590 J=169
->->->->->->PRODUCTION NUMBER 216
 COMP: STATE=837 I=340 J=331
->->->->->->PRODUCTION NUMBER 27
 COMP: STATE=573 I=77 J=331
 COMP: STATE=825 I=530 J=331
->->->->->->PRODUCTION NUMBER 15
 COMP: STATE=560 I=72 J=331

------------------------------------------------------------------------------------------------------------------------------------------------------
  HAL/S REL32V0                T I T A N  S Y S T E M S  C O R P .                 AUGUST 13, 2024    16:27:28.68     PAGE 10
   SRN STMT                                                  SOURCE                                                  CURRENT SCOPE

 COMP: STATE=821 I=490 J=331
->->->->->->PRODUCTION NUMBER 11
 COMP: STATE=574 I=70 J=331
 COMP: STATE=819 I=532 J=331
->->->->->->PRODUCTION NUMBER 9
 COMP: STATE=814 I=66 J=331
->->->->->->PRODUCTION NUMBER 4
 COMP: STATE=582 I=49 J=331
 COMP: STATE=991 I=557 J=331
->->->->->->PRODUCTION NUMBER 181
 COMP: STATE=1098 I=199 J=331
->->->->->->PRODUCTION NUMBER 288
 HALMAT LINE    36:    27(  1),N, 0
                                     :      2(SYT) 0,0
 COMP: STATE=1094 I=671 J=331
->->->->->->PRODUCTION NUMBER 284
 COMP: STATE=375 I=667 J=378
 COMP: STATE=485 I=1017 J=378
SCANNER: 132, NUMBER_VALUE: 00, VALUE: 13, CURRENT BCD: HELLO, WORLD!, NEXT_CHAR: 94
 COMP: STATE=62 I=205 J=378
 COMP: STATE=1085 I=120 J=378
->->->->->->PRODUCTION NUMBER 275
 COMP: STATE=932 I=662 J=62
->->->->->->PRODUCTION NUMBER 122
 COMP: STATE=941 I=146 J=62
->->->->->->PRODUCTION NUMBER 131
 COMP: STATE=576 I=159 J=62
SCANNER: 10, NUMBER_VALUE: 00, VALUE: 0, NEXT_CHAR: 196
 COMP: STATE=993 I=537 J=62
->->->->->->PRODUCTION NUMBER 183
 COMP: STATE=1098 I=194 J=62
->->->->->->PRODUCTION NUMBER 288
 HALMAT LINE    38:    27(  1),N, 0
                                     :      8(LIT) 0,0
 COMP: STATE=1095 I=670 J=62
->->->->->->PRODUCTION NUMBER 285
 COMP: STATE=375 I=667 J=378
 COMP: STATE=868 I=1016 J=378
->->->->->->PRODUCTION NUMBER 58
 HALMAT LINE    40:    21(  1),0, 0
                                     :      6(IMD) 0,0
 HALMAT LINE    42:    26(  0),0, 0
 COMP: STATE=846 I=97 J=378
->->->->->->PRODUCTION NUMBER 36
          8 M| 1   WRITE(PRINTER) I, 'HELLO, WORLD!';                                                              |HELLO
                         ^^^^^^^                                                                                   
 HALMAT LINE    43:     4(  1),N, 0
                                     :      8(  0) 0,1
 COMP: STATE=848 I=88 J=378
->->->->->->PRODUCTION NUMBER 38
 COMP: STATE=960 I=89 J=378
->->->->->->PRODUCTION NUMBER 150
 COMP: STATE=633 I=166 J=340
SCANNER: 24, NUMBER_VALUE: 00, VALUE: 0, CURRENT BCD: DO, NEXT_CHAR: 198
 COMP: STATE=378 I=774 J=340
 COMP: STATE=86 I=1020 J=340

------------------------------------------------------------------------------------------------------------------------------------------------------
  HAL/S REL32V0                T I T A N  S Y S T E M S  C O R P .                 AUGUST 13, 2024    16:27:28.68     PAGE 11
   SRN STMT                                                  SOURCE                                                  CURRENT SCOPE

SCANNER: 38, NUMBER_VALUE: 00, VALUE: 0, CURRENT BCD: FOR, NEXT_CHAR: 209
 COMP: STATE=510 I=145 J=340
J :  TOKEN = <ARITH ID>, IMPLIED_TYPE = 0, SYT_INDEX = 4, CONTEXT = 0
SCANNER: 126, NUMBER_VALUE: 00, VALUE: 0, CURRENT BCD: J, NEXT_CHAR: 126
 COMP: STATE=722 I=303 J=340
 COMP: STATE=1032 I=303 J=340
->->->->->->PRODUCTION NUMBER 222
 COMP: STATE=219 I=502 J=100
 COMP: STATE=536 I=459 J=100
SCANNER: 19, NUMBER_VALUE: 00, VALUE: 0, NEXT_CHAR: 242
 COMP: STATE=742 I=371 J=100
 COMP: STATE=1040 I=371 J=100
->->->->->->PRODUCTION NUMBER 230
 COMP: STATE=1026 I=590 J=169
->->->->->->PRODUCTION NUMBER 216
 COMP: STATE=307 I=318 J=100
 COMP: STATE=973 I=698 J=100
->->->->->->PRODUCTION NUMBER 163
 COMP: STATE=571 I=176 J=86
SCANNER: 99, NUMBER_VALUE: 412000000, VALUE: 2, CURRENT BCD: 2, NEXT_CHAR: 227
 COMP: STATE=242 I=525 J=86
 COMP: STATE=1239 I=11 J=86
->->->->->->PRODUCTION NUMBER 429
 COMP: STATE=829 I=803 J=242
->->->->->->PRODUCTION NUMBER 19
 COMP: STATE=624 I=74 J=242
SCANNER: 30, NUMBER_VALUE: 00, VALUE: 0, CURRENT BCD: TO, NEXT_CHAR: 248
 COMP: STATE=841 I=724 J=242
->->->->->->PRODUCTION NUMBER 31
 COMP: STATE=573 I=77 J=242
 COMP: STATE=825 I=530 J=242
->->->->->->PRODUCTION NUMBER 15
 COMP: STATE=560 I=72 J=242
 COMP: STATE=821 I=490 J=242
->->->->->->PRODUCTION NUMBER 11
 COMP: STATE=574 I=70 J=242
 COMP: STATE=819 I=532 J=242
->->->->->->PRODUCTION NUMBER 9
 COMP: STATE=814 I=66 J=242
->->->->->->PRODUCTION NUMBER 4
 COMP: STATE=583 I=44 J=242
 COMP: STATE=278 I=561 J=242
 COMP: STATE=506 I=640 J=242
SCANNER: 136, NUMBER_VALUE: 418000000, VALUE: 8, CURRENT BCD: 8, NEXT_CHAR: 194
 COMP: STATE=94 I=295 J=242
 COMP: STATE=1238 I=16 J=242
->->->->->->PRODUCTION NUMBER 428
 COMP: STATE=829 I=803 J=94
->->->->->->PRODUCTION NUMBER 19
 COMP: STATE=624 I=74 J=94
SCANNER: 23, NUMBER_VALUE: 00, VALUE: 0, CURRENT BCD: BY, NEXT_CHAR: 242
 COMP: STATE=841 I=724 J=94
->->->->->->PRODUCTION NUMBER 31
 COMP: STATE=573 I=77 J=94
 COMP: STATE=825 I=530 J=94
->->->->->->PRODUCTION NUMBER 15

------------------------------------------------------------------------------------------------------------------------------------------------------
  HAL/S REL32V0                T I T A N  S Y S T E M S  C O R P .                 AUGUST 13, 2024    16:27:28.68     PAGE 12
   SRN STMT                                                  SOURCE                                                  CURRENT SCOPE

 COMP: STATE=560 I=72 J=94
 COMP: STATE=821 I=490 J=94
->->->->->->PRODUCTION NUMBER 11
 COMP: STATE=574 I=70 J=94
 COMP: STATE=819 I=532 J=94
->->->->->->PRODUCTION NUMBER 9
 COMP: STATE=814 I=66 J=94
->->->->->->PRODUCTION NUMBER 4
 COMP: STATE=595 I=31 J=94
 COMP: STATE=301 I=598 J=94
 COMP: STATE=501 I=688 J=94
SCANNER: 136, NUMBER_VALUE: 412000000, VALUE: 2, CURRENT BCD: 2, NEXT_CHAR: 94
 COMP: STATE=85 I=277 J=94
 COMP: STATE=1238 I=16 J=94
->->->->->->PRODUCTION NUMBER 428
 COMP: STATE=829 I=803 J=85
->->->->->->PRODUCTION NUMBER 19
 COMP: STATE=624 I=74 J=85
SCANNER: 10, NUMBER_VALUE: 00, VALUE: 0, NEXT_CHAR: 230
 COMP: STATE=841 I=724 J=85
->->->->->->PRODUCTION NUMBER 31
 COMP: STATE=573 I=77 J=85
 COMP: STATE=825 I=530 J=85
->->->->->->PRODUCTION NUMBER 15
 COMP: STATE=560 I=72 J=85
 COMP: STATE=821 I=490 J=85
->->->->->->PRODUCTION NUMBER 11
 COMP: STATE=574 I=70 J=85
 COMP: STATE=819 I=532 J=85
->->->->->->PRODUCTION NUMBER 9
 COMP: STATE=814 I=66 J=85
->->->->->->PRODUCTION NUMBER 4
 COMP: STATE=597 I=28 J=85
 COMP: STATE=972 I=605 J=85
->->->->->->PRODUCTION NUMBER 162
 COMP: STATE=967 I=175 J=278
->->->->->->PRODUCTION NUMBER 157
 HALMAT LINE    45:    10(  5),N, 0
                                     :      6(INL) 0,1
                                                         :      4(SYT) 0,0
                                                                             :      9(LIT) 0,0
                                                                                                 :     10(LIT) 0,0
                                     :     11(LIT) 0,0
 COMP: STATE=257 I=173 J=86
 COMP: STATE=955 I=563 J=86
->->->->->->PRODUCTION NUMBER 145
          9 M| 1   DO FOR J = 2 TO 8 BY 2;                                                                         |HELLO
 HALMAT LINE    51:     4(  1),N, 0
                                     :      9(  0) 0,1
 COMP: STATE=633 I=166 J=378
SCANNER: 75, NUMBER_VALUE: 00, VALUE: 0, CURRENT BCD: WRITE, NEXT_CHAR: 77
 COMP: STATE=378 I=774 J=378
 COMP: STATE=126 I=1035 J=378
SCANNER: 3, NUMBER_VALUE: 00, VALUE: 0, NEXT_CHAR: 215
 COMP: STATE=15 I=208 J=378
PRINTER :  TOKEN = -1, IMPLIED_TYPE = 0, SYT_INDEX = 5, CONTEXT = 0

------------------------------------------------------------------------------------------------------------------------------------------------------
  HAL/S REL32V0                T I T A N  S Y S T E M S  C O R P .                 AUGUST 13, 2024    16:27:28.68     PAGE 13
   SRN STMT                                                  SOURCE                                                  CURRENT SCOPE

AT 3  NEXT_CHAR=246  MACRO_EXPAN_LEVEL=1  MACRO_TEXT(1)=239  PARM_REPLACE_PTR(0)=0
AT 4  NEXT_CHAR=64  MACRO_EXPAN_LEVEL=1  MACRO_TEXT(1)=239  PARM_REPLACE_PTR(0)=0
SCANNER: 136, NUMBER_VALUE: 416000000, VALUE: 6, CURRENT BCD: 6, NEXT_CHAR: 64
 COMP: STATE=1238 I=51 J=378
->->->->->->PRODUCTION NUMBER 428
 COMP: STATE=208 I=795 J=15
AT 5  NEXT_CHAR=93  MACRO_EXPAN_LEVEL=0  MACRO_TEXT(-3)=0  PARM_REPLACE_PTR(0)=0
SCANNER: 9, NUMBER_VALUE: 00, VALUE: 0, NEXT_CHAR: 209
 COMP: STATE=1102 I=451 J=15
->->->->->->PRODUCTION NUMBER 292
 HALMAT LINE    53:    25(  1),N, 0
                                     :      2(IMD) 0,0
 COMP: STATE=607 I=673 J=378
J :  TOKEN = <ARITH ID>, IMPLIED_TYPE = 0, SYT_INDEX = 4, CONTEXT = 0
SCANNER: 126, NUMBER_VALUE: 00, VALUE: 0, CURRENT BCD: J, NEXT_CHAR: 107
 COMP: STATE=774 I=659 J=378
 COMP: STATE=1032 I=659 J=378
->->->->->->PRODUCTION NUMBER 222
 COMP: STATE=214 I=532 J=331
 COMP: STATE=536 I=464 J=331
SCANNER: 14, NUMBER_VALUE: 00, VALUE: 0, NEXT_CHAR: 212
 COMP: STATE=742 I=371 J=331
 COMP: STATE=1040 I=371 J=331
->->->->->->PRODUCTION NUMBER 230
 COMP: STATE=1026 I=590 J=169
->->->->->->PRODUCTION NUMBER 216
 COMP: STATE=837 I=340 J=331
->->->->->->PRODUCTION NUMBER 27
 COMP: STATE=573 I=77 J=331
 COMP: STATE=825 I=530 J=331
->->->->->->PRODUCTION NUMBER 15
 COMP: STATE=560 I=72 J=331
 COMP: STATE=821 I=490 J=331
->->->->->->PRODUCTION NUMBER 11
 COMP: STATE=574 I=70 J=331
 COMP: STATE=819 I=532 J=331
->->->->->->PRODUCTION NUMBER 9
 COMP: STATE=814 I=66 J=331
->->->->->->PRODUCTION NUMBER 4
 COMP: STATE=582 I=49 J=331
 COMP: STATE=991 I=557 J=331
->->->->->->PRODUCTION NUMBER 181
 COMP: STATE=1098 I=199 J=331
->->->->->->PRODUCTION NUMBER 288
 HALMAT LINE    55:    27(  1),N, 0
                                     :      4(SYT) 0,0
 COMP: STATE=1094 I=671 J=331
->->->->->->PRODUCTION NUMBER 284
 COMP: STATE=375 I=667 J=378
 COMP: STATE=485 I=1017 J=378
MY_NAME :  TOKEN = <CHAR ID>, IMPLIED_TYPE = 0, SYT_INDEX = 3, CONTEXT = 0
SCANNER: 116, NUMBER_VALUE: 00, VALUE: 0, CURRENT BCD: MY_NAME, NEXT_CHAR: 107
 COMP: STATE=705 I=198 J=378
 COMP: STATE=1032 I=198 J=378
->->->->->->PRODUCTION NUMBER 222
 COMP: STATE=214 I=494 J=62

------------------------------------------------------------------------------------------------------------------------------------------------------
  HAL/S REL32V0                T I T A N  S Y S T E M S  C O R P .                 AUGUST 13, 2024    16:27:28.68     PAGE 14
   SRN STMT                                                  SOURCE                                                  CURRENT SCOPE

 COMP: STATE=533 I=463 J=62
SCANNER: 14, NUMBER_VALUE: 00, VALUE: 0, NEXT_CHAR: 125
 COMP: STATE=740 I=365 J=62
 COMP: STATE=1040 I=365 J=62
->->->->->->PRODUCTION NUMBER 230
 COMP: STATE=1027 I=589 J=161
->->->->->->PRODUCTION NUMBER 217
 COMP: STATE=931 I=350 J=62
->->->->->->PRODUCTION NUMBER 121
 COMP: STATE=941 I=146 J=62
->->->->->->PRODUCTION NUMBER 131
 COMP: STATE=576 I=159 J=62
 COMP: STATE=993 I=537 J=62
->->->->->->PRODUCTION NUMBER 183
 COMP: STATE=1098 I=194 J=62
->->->->->->PRODUCTION NUMBER 288
 HALMAT LINE    57:    27(  1),N, 0
                                     :      3(SYT) 0,0
 COMP: STATE=1095 I=670 J=62
->->->->->->PRODUCTION NUMBER 285
 COMP: STATE=375 I=667 J=378
 COMP: STATE=485 I=1017 J=378
SCANNER: 132, NUMBER_VALUE: 00, VALUE: 20, CURRENT BCD: SAYS ISN'T THIS FUN?, NEXT_CHAR: 94
 COMP: STATE=62 I=205 J=378
 COMP: STATE=1085 I=120 J=378
->->->->->->PRODUCTION NUMBER 275
 COMP: STATE=932 I=662 J=62
->->->->->->PRODUCTION NUMBER 122
 COMP: STATE=941 I=146 J=62
->->->->->->PRODUCTION NUMBER 131
 COMP: STATE=576 I=159 J=62
SCANNER: 10, NUMBER_VALUE: 00, VALUE: 0, NEXT_CHAR: 197
 COMP: STATE=993 I=537 J=62
->->->->->->PRODUCTION NUMBER 183
 COMP: STATE=1098 I=194 J=62
->->->->->->PRODUCTION NUMBER 288
 HALMAT LINE    59:    27(  1),N, 0
                                     :     13(LIT) 0,0
 COMP: STATE=1095 I=670 J=62
->->->->->->PRODUCTION NUMBER 285
 COMP: STATE=375 I=667 J=378
 COMP: STATE=868 I=1016 J=378
->->->->->->PRODUCTION NUMBER 58
 HALMAT LINE    61:    21(  1),0, 0
                                     :      6(IMD) 0,0
 HALMAT LINE    63:    26(  0),0, 0
 COMP: STATE=846 I=97 J=378
->->->->->->PRODUCTION NUMBER 36

            E|                            ,                                                                        | 
         10 M| 2     WRITE(PRINTER) J, MY_NAME, 'SAYS ISN''T THIS FUN?';                                           |HELLO
                           ^^^^^^^                                                                                 
 HALMAT LINE    64:     4(  1),N, 0
                                     :     10(  0) 0,1
 COMP: STATE=848 I=88 J=378
->->->->->->PRODUCTION NUMBER 38

------------------------------------------------------------------------------------------------------------------------------------------------------
  HAL/S REL32V0                T I T A N  S Y S T E M S  C O R P .                 AUGUST 13, 2024    16:27:28.68     PAGE 15
   SRN STMT                                                  SOURCE                                                  CURRENT SCOPE

 COMP: STATE=960 I=89 J=378
->->->->->->PRODUCTION NUMBER 150
 COMP: STATE=633 I=166 J=378
SCANNER: 37, NUMBER_VALUE: 00, VALUE: 0, CURRENT BCD: END, NEXT_CHAR: 94
 COMP: STATE=378 I=774 J=378
 COMP: STATE=509 I=1024 J=378
SCANNER: 10, NUMBER_VALUE: 00, VALUE: 0, NEXT_CHAR: 197
 COMP: STATE=975 I=302 J=378
->->->->->->PRODUCTION NUMBER 165
 COMP: STATE=205 I=177 J=378
 COMP: STATE=864 I=436 J=378
->->->->->->PRODUCTION NUMBER 54
 HALMAT LINE    66:    11(  1),0, 0
                                     :      6(INL) 0,0
 COMP: STATE=846 I=97 J=378
->->->->->->PRODUCTION NUMBER 36
         11 M| 1   END;                                                                                            |ST#9
 HALMAT LINE    68:     4(  1),N, 0
                                     :     11(  0) 0,1
 COMP: STATE=848 I=88 J=378
->->->->->->PRODUCTION NUMBER 38
 COMP: STATE=960 I=89 J=378
->->->->->->PRODUCTION NUMBER 150
 COMP: STATE=633 I=166 J=340
SCANNER: 37, NUMBER_VALUE: 00, VALUE: 0, CURRENT BCD: END, NEXT_CHAR: 94
 COMP: STATE=378 I=774 J=340
 COMP: STATE=509 I=1024 J=340
SCANNER: 10, NUMBER_VALUE: 00, VALUE: 0, NEXT_CHAR: 230
 COMP: STATE=975 I=302 J=340
->->->->->->PRODUCTION NUMBER 165
 COMP: STATE=205 I=177 J=378
 COMP: STATE=864 I=436 J=378
->->->->->->PRODUCTION NUMBER 54
 HALMAT LINE    70:    11(  1),0, 0
                                     :      1(INL) 0,0
 COMP: STATE=846 I=97 J=340
->->->->->->PRODUCTION NUMBER 36
         12 M|   END;                                                                                              |ST#7
 HALMAT LINE    72:     4(  1),N, 0
                                     :     12(  0) 0,1
 COMP: STATE=848 I=88 J=340
->->->->->->PRODUCTION NUMBER 38
 COMP: STATE=1106 I=90 J=340
->->->->->->PRODUCTION NUMBER 296
 COMP: STATE=613 I=681 J=345
SCANNER: 75, NUMBER_VALUE: 00, VALUE: 0, CURRENT BCD: WRITE, NEXT_CHAR: 77
 COMP: STATE=340 I=684 J=345
 COMP: STATE=126 I=887 J=345
SCANNER: 3, NUMBER_VALUE: 00, VALUE: 0, NEXT_CHAR: 246
 COMP: STATE=15 I=208 J=345
SCANNER: 136, NUMBER_VALUE: 416000000, VALUE: 6, CURRENT BCD: 6, NEXT_CHAR: 93
 COMP: STATE=1238 I=51 J=345
->->->->->->PRODUCTION NUMBER 428
 COMP: STATE=208 I=795 J=15
SCANNER: 9, NUMBER_VALUE: 00, VALUE: 0, NEXT_CHAR: 125
 COMP: STATE=1102 I=451 J=15

------------------------------------------------------------------------------------------------------------------------------------------------------
  HAL/S REL32V0                T I T A N  S Y S T E M S  C O R P .                 AUGUST 13, 2024    16:27:28.68     PAGE 16
   SRN STMT                                                  SOURCE                                                  CURRENT SCOPE

->->->->->->PRODUCTION NUMBER 292
 HALMAT LINE    74:    25(  1),N, 0
                                     :      2(IMD) 0,0
 COMP: STATE=607 I=673 J=340
SCANNER: 132, NUMBER_VALUE: 00, VALUE: 7, CURRENT BCD: THE END, NEXT_CHAR: 94
 COMP: STATE=331 I=665 J=340
 COMP: STATE=1085 I=838 J=340
->->->->->->PRODUCTION NUMBER 275
 COMP: STATE=932 I=662 J=331
->->->->->->PRODUCTION NUMBER 122
 COMP: STATE=941 I=146 J=331
->->->->->->PRODUCTION NUMBER 131
 COMP: STATE=576 I=159 J=331
SCANNER: 10, NUMBER_VALUE: 00, VALUE: 0, NEXT_CHAR: 195
 COMP: STATE=993 I=537 J=331
->->->->->->PRODUCTION NUMBER 183
 COMP: STATE=1098 I=199 J=331
->->->->->->PRODUCTION NUMBER 288
 HALMAT LINE    76:    27(  1),N, 0
                                     :     15(LIT) 0,0
 COMP: STATE=1094 I=671 J=331
->->->->->->PRODUCTION NUMBER 284
 COMP: STATE=375 I=667 J=340
 COMP: STATE=868 I=1016 J=340
->->->->->->PRODUCTION NUMBER 58
 HALMAT LINE    78:    21(  1),0, 0
                                     :      6(IMD) 0,0
 HALMAT LINE    80:    26(  0),0, 0
 COMP: STATE=846 I=97 J=340
->->->->->->PRODUCTION NUMBER 36
         13 M|   WRITE(6) 'THE END';                                                                               |HELLO
 HALMAT LINE    81:     4(  1),N, 0
                                     :     13(  0) 0,1
 COMP: STATE=848 I=88 J=340
->->->->->->PRODUCTION NUMBER 38
 COMP: STATE=1106 I=90 J=340
->->->->->->PRODUCTION NUMBER 296
 COMP: STATE=613 I=681 J=345
SCANNER: 65, NUMBER_VALUE: 00, VALUE: 0, CURRENT BCD: CLOSE, NEXT_CHAR: 200
 COMP: STATE=340 I=684 J=345
 COMP: STATE=516 I=885 J=345
HELLO :  TOKEN = <LABEL>, IMPLIED_TYPE = 0, SYT_INDEX = -1, CONTEXT = 9
SCANNER: 98, NUMBER_VALUE: 00, VALUE: 0, CURRENT BCD: HELLO, NEXT_CHAR: 94
 COMP: STATE=119 I=320 J=345
 COMP: STATE=1241 I=207 J=345
->->->->->->PRODUCTION NUMBER 431
 COMP: STATE=237 I=804 J=340
SCANNER: 10, NUMBER_VALUE: 00, VALUE: 0, NEXT_CHAR: 254
 COMP: STATE=1103 I=508 J=340
->->->->->->PRODUCTION NUMBER 293
 HALMAT LINE    83:    30(  1),0, 0
                                     :      1(SYT) 0,0
         14 M| CLOSE HELLO;                                                                                        |HELLO
 HALMAT LINE    85:     4(  1),N, 0
                                     :     14(  0) 0,1
 COMP: STATE=812 I=674 J=1

------------------------------------------------------------------------------------------------------------------------------------------------------
  HAL/S REL32V0                T I T A N  S Y S T E M S  C O R P .                 AUGUST 13, 2024    16:27:28.68     PAGE 17
   SRN STMT                                                  SOURCE                                                  CURRENT SCOPE

->->->->->->PRODUCTION NUMBER 2
 COMP: STATE=367 I=2 J=1
SCANNER: 31, NUMBER_VALUE: 00, VALUE: 0, NEXT_CHAR: 254
 COMP: STATE=811 I=993 J=1
->->->->->->PRODUCTION NUMBER 1
 HALMAT LINE    87:     2(  0),0, 1
------------------------------------------------------------------------------------------------------------------------------------------------------
  HAL/S REL32V0                T I T A N  S Y S T E M S  C O R P .                 AUGUST 13, 2024    16:27:28.68     PAGE 18



**** C O M P I L A T I O N   L A Y O U T ****

 HELLO: PROGRAM;  
------------------------------------------------------------------------------------------------------------------------------------------------------
  HAL/S REL32V0                T I T A N  S Y S T E M S  C O R P .                 AUGUST 13, 2024    16:27:28.68     PAGE 19



S Y M B O L  &  C R O S S   R E F E R E N C E   T A B L E   L I S T I N G :

         (CROSS REFERENCE FLAG KEY:  4 = ASSIGNMENT, 2 = REFERENCE, 1 = SUBSCRIPT USE, 0 = DEFINITION)

 DCL  NAME            TYPE                          ATTRIBUTES & CROSS REFERENCE
 
   1  HELLO     PROGRAM                            FLAGS=20040, NEST=0, SCOPE=1, PTR=2, LENGTH=0, LINK1=-1, LINK2=0, SYT_NO=1, 
                                                   ARRAY=-8192, ADDR=0, CLASS=2, TYPE=73     XREF: 0 0001  
   2  I         INTEGER                            SINGLE, ALIGNED, STATIC, FLAGS=808208, NEST=1, SCOPE=1, PTR=0, LENGTH=0, 
                                                   LINK1=0, LINK2=0, SYT_NO=2, ARRAY=0, ADDR=0, CLASS=1, TYPE=6      XREF: 0 0002  
                                                   4 0007  2 0008  
   3  MY_NAME   CHARACTER(20)                      ALIGNED, STATIC, INITIAL, FLAGS=8A08, NEST=1, SCOPE=1, PTR=0, LENGTH=20, 
                                                   LINK1=0, LINK2=0, SYT_NO=3, ARRAY=0, ADDR=0, CLASS=1, TYPE=2      XREF: 0 0003  
                                                   2 0010  
   4  J         INTEGER                            SINGLE, ALIGNED, STATIC, FLAGS=808208, NEST=1, SCOPE=1, PTR=0, LENGTH=0, 
                                                   LINK1=0, LINK2=0, SYT_NO=4, ARRAY=0, ADDR=0, CLASS=1, TYPE=6      XREF: 0 0004  
                                                   4 0009  2 0010  
   5  PRINTER   REPLACE MACRO                      FLAGS=C000, NEST=1, SCOPE=1, PTR=0, LENGTH=0, LINK1=0, LINK2=0, SYT_NO=5, 
                                                   ARRAY=0, ADDR=0, CLASS=6, TYPE=0, MACRO TEXT="6"  XREF: 0 0005  2 0006  2 0008  
                                                   2 0010  



L I T E R A L   T A B L E   D U M P:

 LOC  TYPE          LITERAL
 
   1 ARITH  4214000000000000
   2  CHAR  RON BURKEY
   3 ARITH  4160000000000000
   4  CHAR  THE BEGINNING
   5 ARITH  4110000000000000
   6 ARITH  4150000000000000
   7 ARITH  4160000000000000
   8  CHAR  HELLO, WORLD!
   9 ARITH  4120000000000000
  10 ARITH  4180000000000000
  11 ARITH  4120000000000000
  12 ARITH  4160000000000000
  13  CHAR  SAYS ISN'T THIS FUN?
  14 ARITH  4160000000000000
  15  CHAR  THE END


------------------------------------------------------------------------------------------------------------------------------------------------------
  HAL/S REL32V0                T I T A N  S Y S T E M S  C O R P .                 AUGUST 13, 2024    16:27:28.68     PAGE 20


       OPTIONAL TABLE SIZES

NAME       REQUESTED    USED
^^^^       ^^^^^^^^^    ^^^^
 
LITSTRINGS      2000      68
SYMBOLS          200       5
MACROSIZE        500       2
XREFSIZE        2000      13
BLOCKSUM         400       0


CALLS TO SCAN        = 85
CALLS TO IDENTIFY    = 14
NUMBER OF REDUCTIONS = 202
MAX STACK SIZE       = 9
MAX IND. STACK SIZE  = 5
END IND. STACK SIZE  = 1
END ARRAY STACK SIZE = 0
MAX EXT_ARRAY INDEX  = 1
STATEMENT COUNT      = 14
MINOR COMPACTIFIES   = 0
MAJOR COMPACTIFIES   = 0
REALLOCATIONS        = 0
MAX NESTING DEPTH    = 1
FREE STRING AREA     = 16620316


END OF HAL/S PHASE 1, AUGUST 13, 2024.  CLOCK TIME = 16:27:28.70.

17 CARDS WERE PROCESSED.
NO ERRORS WERE DETECTED DURING PHASE 1 .


NUMBER OF FILE 6 LOCATES          = 1
NUMBER OF FILE 6 READS            = 0
NUMBER OF FILE 6 WRITES           = 0


TOTAL CPU TIME FOR PHASE 1      0:0:0.01.
CPU TIME FOR PHASE 1 SET UP     0:0:0.00.
CPU TIME FOR PHASE 1 PROCESSING 0:0:0.01.
CPU TIME FOR PHASE 1 CLEAN UP   0:0:0.00.
PROCESSING RATE: 102000 CARDS PER MINUTE.

